<html>
<body>
<pre>
<h1>礦ision Build Log</h1>
<h2>Tool Versions:</h2>
IDE-Version: μVision V5.36.0.0
Copyright (C) 2021 ARM Ltd and ARM Germany GmbH. All rights reserved.
License Information: k kube, k, LIC=03C6R-KPLH9-302NC-77W9E-Y3ST1-UIMP7
 
Tool Versions:
Toolchain:       MDK-ARM Plus  Version: 5.36.0.0
Toolchain Path:  D:\VSCode\MDK5\ARM\ARMCC\Bin
C Compiler:      Armcc.exe V5.06 update 7 (build 960)
Assembler:       Armasm.exe V5.06 update 7 (build 960)
Linker/Locator:  ArmLink.exe V5.06 update 7 (build 960)
Library Manager: ArmAr.exe V5.06 update 7 (build 960)
Hex Converter:   FromElf.exe V5.06 update 7 (build 960)
CPU DLL:         SARMCM3.DLL V5.36.0.0
Dialog DLL:      DCM.DLL V1.17.3.0
Target DLL:      CMSIS_AGDI.dll V1.33.0.0
Dialog DLL:      TCM.DLL V1.53.0.0
 
<h2>Project:</h2>
D:\AllLearn\集训学习\智慧农业监控管理系统\Project.uvprojx
Project File Date:  09/08/2023

<h2>Output:</h2>
*** Using Compiler 'V5.06 update 7 (build 960)', folder: 'D:\VSCode\MDK5\ARM\ARMCC\Bin'
Build target 'Target 1'
compiling Timer.c...
compiling main.c...
User\main.c(44): warning:  #177-D: variable "ucStatusReturn"  was declared but never referenced
      uint8_t ucStatusReturn;    //杩斿洖鐘舵�?  
User\main.c(45): warning:  #177-D: variable "ucArray_ID"  was declared but never referenced
      u8 ucArray_ID [ 4 ]; // 鍗＄殑ID瀛樺偍锛?32浣嶏紝4瀛楄妭
User\main.c(46): warning:  #177-D: variable "cStr"  was declared but never referenced
      char cStr [ 30 ];
User\main.c: 3 warnings, 0 errors
linking...
Program Size: Code=33116 RO-data=12892 RW-data=144 ZI-data=9048  
".\Objects\Project.axf" - 0 Error(s), 3 Warning(s).

<h2>Software Packages used:</h2>

Package Vendor: Keil
                http://www.keil.com/pack/Keil.STM32F1xx_DFP.2.3.0.pack
                Keil.STM32F1xx_DFP.2.3.0
                STMicroelectronics STM32F1 Series Device Support, Drivers and Examples

<h2>Collection of Component include folders:</h2>
  D:\VSCode\MDK5\Packs\Keil\STM32F1xx_DFP\2.3.0\Device\Include

<h2>Collection of Component Files used:</h2>
Build Time Elapsed:  00:00:02
</pre>
</body>
</html>
