<html>
<body>
<pre>
<h1>礦ision Build Log</h1>
<h2>Tool Versions:</h2>
IDE-Version: μVision V5.36.0.0
Copyright (C) 2021 ARM Ltd and ARM Germany GmbH. All rights reserved.
License Information: k kube, k, LIC=03C6R-KPLH9-302NC-77W9E-Y3ST1-UIMP7
 
Tool Versions:
Toolchain:       MDK-ARM Plus  Version: 5.36.0.0
Toolchain Path:  D:\VSCode\MDK5\ARM\ARMCC\Bin
C Compiler:      Armcc.exe V5.06 update 7 (build 960)
Assembler:       Armasm.exe V5.06 update 7 (build 960)
Linker/Locator:  ArmLink.exe V5.06 update 7 (build 960)
Library Manager: ArmAr.exe V5.06 update 7 (build 960)
Hex Converter:   FromElf.exe V5.06 update 7 (build 960)
CPU DLL:         SARMCM3.DLL V5.36.0.0
Dialog DLL:      DCM.DLL V1.17.3.0
Target DLL:      STLink\ST-LINKIII-KEIL_SWO.dll V3.0.9.0
Dialog DLL:      TCM.DLL V1.53.0.0
 
<h2>Project:</h2>
D:\AllLearn\集训学习\智慧农业大棚\SmartAgriculture1\Project.uvprojx
Project File Date:  08/18/2023

<h2>Output:</h2>
*** Using Compiler 'V5.06 update 7 (build 960)', folder: 'D:\VSCode\MDK5\ARM\ARMCC\Bin'
Rebuild target 'Target 1'
assembling startup_stm32f10x_md.s...
compiling stm32f10x_bkp.c...
compiling stm32f10x_cec.c...
compiling misc.c...
compiling stm32f10x_adc.c...
compiling core_cm3.c...
compiling system_stm32f10x.c...
compiling stm32f10x_crc.c...
compiling stm32f10x_can.c...
compiling stm32f10x_exti.c...
compiling stm32f10x_dac.c...
compiling stm32f10x_dbgmcu.c...
compiling stm32f10x_dma.c...
compiling stm32f10x_i2c.c...
compiling stm32f10x_fsmc.c...
compiling stm32f10x_gpio.c...
compiling stm32f10x_flash.c...
compiling stm32f10x_iwdg.c...
compiling stm32f10x_spi.c...
compiling stm32f10x_rtc.c...
compiling stm32f10x_usart.c...
compiling stm32f10x_sdio.c...
compiling stm32f10x_rcc.c...
compiling stm32f10x_pwr.c...
compiling stm32f10x_tim.c...
compiling Delay.c...
compiling stm32f10x_wwdg.c...
compiling LED.c...
compiling PWM.c...
compiling AD.c...
compiling Servo.c...
compiling usart.c...
compiling buzzer.c...
HardWare\buzzer\buzzer.h(12): warning:  #1-D: last line of file ends without a newline
  #endif
HardWare\buzzer\buzzer.c(63): warning:  #1-D: last line of file ends without a newline
  }
HardWare\buzzer\buzzer.c: 2 warnings, 0 errors
compiling DHT11.c...
compiling relay.c...
HardWare\Relay\relay.c(96): warning:  #1-D: last line of file ends without a newline
  }
HardWare\Relay\relay.c: 1 warning, 0 errors
compiling SGP30.c...
compiling Timer.c...
.\HardWare\Key\Key.h(6): warning:  #1295-D: Deprecated declaration Key_GetVlaues - give arg types
  void Key_GetVlaues();
.\HardWare\Key\Key.h(7): warning:  #1295-D: Deprecated declaration Key_Execute - give arg types
  void Key_Execute();
.\HardWare\AutomaticControl\AutoControl.h(22): warning:  #1-D: last line of file ends without a newline
  #endif
HardWare\Timer\Timer.c: 3 warnings, 0 errors
compiling AutoControl.c...
HardWare\AutomaticControl\AutoControl.h(22): warning:  #1-D: last line of file ends without a newline
  #endif
HardWare\AutomaticControl\AutoControl.c(124): warning:  #1-D: last line of file ends without a newline
  }
HardWare\AutomaticControl\AutoControl.c: 2 warnings, 0 errors
compiling SGP30I2c.c...
compiling Key.c...
HardWare\Key\Key.h(6): warning:  #1295-D: Deprecated declaration Key_GetVlaues - give arg types
  void Key_GetVlaues();
HardWare\Key\Key.h(7): warning:  #1295-D: Deprecated declaration Key_Execute - give arg types
  void Key_Execute();
.\HardWare\AutomaticControl\AutoControl.h(22): warning:  #1-D: last line of file ends without a newline
  #endif
HardWare\Key\Key.c(69): warning:  #223-D: function "sprintf" declared implicitly
  			sprintf(text,"Key%dDown\r\n",j+1);
HardWare\Key\Key.c(104): warning:  #223-D: function "sprintf" declared implicitly
  			sprintf(text,"Key%dDoubleDown\r\n",j+1);
HardWare\Key\Key.c(135): warning:  #223-D: function "sprintf" declared implicitly
  			sprintf(text,"Key%dLongDown\r\n",j+1);
HardWare\Key\Key.c: 6 warnings, 0 errors
compiling OLED.c...
.\HardWare\Key\Key.h(6): warning:  #1295-D: Deprecated declaration Key_GetVlaues - give arg types
  void Key_GetVlaues();
.\HardWare\Key\Key.h(7): warning:  #1295-D: Deprecated declaration Key_Execute - give arg types
  void Key_Execute();
.\HardWare\AutomaticControl\AutoControl.h(22): warning:  #1-D: last line of file ends without a newline
  #endif
HardWare\OLED\OLED.c(354): warning:  #177-D: variable "total_line_length"  was declared but never referenced
  	uint8_t total_line_length = single_line_length*list_num+1;
HardWare\OLED\OLED.c(440): warning:  #223-D: function "abs" declared implicitly
      len=abs(u8g2_GetStrWidth(&u8g2,list[select].select)-u8g2_GetStrWidth(&u8g2,list[id==0?select+1:select-1].select));
HardWare\OLED\OLED.c(444): warning:  #223-D: function "abs" declared implicitly
      len=abs(u8g2_GetStrWidth(&u8g2,pid[select].select)-u8g2_GetStrWidth(&u8g2,pid[id==0?select+1:select-1].select));
HardWare\OLED\OLED.c(456): warning:  #223-D: function "abs" declared implicitly
      len=abs(u8g2_GetStrWidth(&u8g2,list[select].select)-u8g2_GetStrWidth(&u8g2,list[id==0?select+1:select-1].select));
HardWare\OLED\OLED.c(460): warning:  #223-D: function "abs" declared implicitly
      len=abs(u8g2_GetStrWidth(&u8g2,pid[select].select)-u8g2_GetStrWidth(&u8g2,pid[id==0?select+1:select-1].select));
HardWare\OLED\OLED.c(698): warning:  #223-D: function "sprintf" declared implicitly
  	sprintf(text1,"SoilHum : %d",AD_Value[1]);
HardWare\OLED\OLED.c(769): warning:  #111-D: statement is unreachable
  		break;
HardWare\OLED\OLED.c(823): warning:  #223-D: function "sprintf" declared implicitly
  		sprintf(text1,"TempValue : %d.%d C",DHT_Buffer[2],DHT_Buffer[3]);
HardWare\OLED\OLED.c(927): warning:  #223-D: function "sprintf" declared implicitly
  			sprintf(text1,": ON");
HardWare\OLED\OLED.c(930): warning:  #223-D: function "sprintf" declared implicitly
  			sprintf(text1,": OFF");
HardWare\OLED\OLED.c: 13 warnings, 0 errors
compiling MqttKit.c...
compiling mui.c...
compiling cJSON.c...
HardWare\NET\cJSON\cJSON.c(55): warning:  #1293-D: assignment in condition
        if (!(copy = (char*)cJSON_malloc(len))) return 0;
HardWare\NET\cJSON\cJSON.c(278): warning:  #1293-D: assignment in condition
  	ptr=str;while ((token=*ptr) && ++len) {if (strchr("\"\\\b\f\n\r\t",token)) len++; else if (token<32) len+=5;ptr++;}
HardWare\NET\cJSON\cJSON.c(352): warning:  #111-D: statement is unreachable
  	return p.buffer;
HardWare\NET\cJSON\cJSON.c(423): warning:  #1293-D: assignment in condition
  		if (!(new_item=cJSON_New_Item())) return 0; 	/* memory fail */
HardWare\NET\cJSON\cJSON.c(535): warning:  #1293-D: assignment in condition
  		if (!(new_item=cJSON_New_Item()))	return 0; /* memory fail */
HardWare\NET\cJSON\cJSON.c: 5 warnings, 0 errors
compiling esp8266.c...
compiling stm32f10x_it.c...
compiling onenet.c...
.\HardWare\AutomaticControl\AutoControl.h(22): warning:  #1-D: last line of file ends without a newline
  #endif
HardWare\NET\onenet\onenet.c(83): warning:  #223-D: function "ESP8266_SendData" declared implicitly
  		ESP8266_SendData(mqttPacket._data, mqttPacket._len);			//上传平台
HardWare\NET\onenet\onenet.c(86): warning:  #223-D: function "ESP8266_GetIPD" declared implicitly
  		dataPtr = (unsigned char *)ESP8266_GetIPD(250);									//等待平台响应
HardWare\NET\onenet\onenet.c(139): warning:  #223-D: function "ESP8266_SendData" declared implicitly
  		ESP8266_SendData(mqttPacket._data, mqttPacket._len);					//向平台发送订阅请求
HardWare\NET\onenet\onenet.c(167): warning:  #223-D: function "ESP8266_SendData" declared implicitly
  		ESP8266_SendData(mqttPacket._data, mqttPacket._len);					//向平台发送订阅请求
HardWare\NET\onenet\onenet.c(412): warning:  #223-D: function "ESP8266_SendData" declared implicitly
  					ESP8266_SendData(mqttPacket._data, mqttPacket._len);
HardWare\NET\onenet\onenet.c(427): warning:  #223-D: function "ESP8266_SendData" declared implicitly
  					ESP8266_SendData(mqttPacket._data, mqttPacket._len);
HardWare\NET\onenet\onenet.c(466): warning:  #223-D: function "ESP8266_Clear" declared implicitly
  	ESP8266_Clear();//清空缓存
HardWare\NET\onenet\onenet.c: 8 warnings, 0 errors
compiling u8g2_bitmap.c...
compiling main.c...
.\HardWare\Key\key.h(6): warning:  #1295-D: Deprecated declaration Key_GetVlaues - give arg types
  void Key_GetVlaues();
.\HardWare\Key\key.h(7): warning:  #1295-D: Deprecated declaration Key_Execute - give arg types
  void Key_Execute();
.\HardWare\AutomaticControl\AutoControl.h(22): warning:  #1-D: last line of file ends without a newline
  #endif
User\main.c(72): warning:  #223-D: function "ESP8266_Init" declared implicitly
  	ESP8266_Init();					//鍒濆鍖朎SP8266
User\main.c(126): warning:  #223-D: function "ESP8266_Clear" declared implicitly
  			ESP8266_Clear();
User\main.c(130): warning:  #223-D: function "ESP8266_GetIPD" declared implicitly
  		dataPtr = (unsigned char *)ESP8266_GetIPD(3);
User\main.c: 6 warnings, 0 errors
compiling u8g2_box.c...
compiling mui_u8g2.c...
compiling u8g2_buffer.c...
compiling u8g2_button.c...
compiling u8g2_circle.c...
compiling u8g2_cleardisplay.c...
compiling u8g2_d_memory.c...
compiling u8g2_d_setup.c...
compiling u8g2_hvline.c...
compiling u8g2_input_value.c...
compiling u8g2_font.c...
compiling u8g2_intersection.c...
compiling u8g2_kerning.c...
compiling u8g2_line.c...
compiling u8g2_ll_hvline.c...
compiling u8g2_message.c...
compiling u8log.c...
compiling u8g2_polygon.c...
compiling u8g2_setup.c...
compiling u8g2_selection_list.c...
compiling u8log_u8x8.c...
compiling u8log_u8g2.c...
compiling u8x8_8x8.c...
compiling u8x8_byte.c...
compiling u8x8_d_ssd1306_128x64_noname.c...
compiling u8x8_cad.c...
compiling u8x8_capture.c...
compiling u8x8_debounce.c...
compiling u8x8_display.c...
compiling u8x8_gpio.c...
compiling u8x8_fonts.c...
compiling u8x8_input_value.c...
compiling u8x8_message.c...
compiling u8x8_setup.c...
compiling u8x8_selection_list.c...
compiling u8x8_string.c...
compiling u8x8_u8toa.c...
compiling u8x8_u16toa.c...
compiling u8g2_fonts.c...
linking...
Program Size: Code=31344 RO-data=13108 RW-data=292 ZI-data=2996  
".\Objects\Project.axf" - 0 Error(s), 46 Warning(s).

<h2>Software Packages used:</h2>

Package Vendor: Keil
                http://www.keil.com/pack/Keil.STM32F1xx_DFP.2.3.0.pack
                Keil.STM32F1xx_DFP.2.3.0
                STMicroelectronics STM32F1 Series Device Support, Drivers and Examples

<h2>Collection of Component include folders:</h2>
  D:\VSCode\MDK5\Packs\Keil\STM32F1xx_DFP\2.3.0\Device\Include

<h2>Collection of Component Files used:</h2>
Build Time Elapsed:  00:00:13
</pre>
</body>
</html>
