Component: ARM Compiler 5.06 update 7 (build 960) Tool: armlink [4d3601]

==============================================================================

Section Cross References

    startup_stm32f10x_md.o(RESET) refers to startup_stm32f10x_md.o(STACK) for __initial_sp
    startup_stm32f10x_md.o(RESET) refers to startup_stm32f10x_md.o(.text) for Reset_Handler
    startup_stm32f10x_md.o(RESET) refers to stm32f10x_it.o(i.NMI_Handler) for NMI_Handler
    startup_stm32f10x_md.o(RESET) refers to stm32f10x_it.o(i.HardFault_Handler) for HardFault_Handler
    startup_stm32f10x_md.o(RESET) refers to stm32f10x_it.o(i.MemManage_Handler) for MemManage_Handler
    startup_stm32f10x_md.o(RESET) refers to stm32f10x_it.o(i.BusFault_Handler) for BusFault_Handler
    startup_stm32f10x_md.o(RESET) refers to stm32f10x_it.o(i.UsageFault_Handler) for UsageFault_Handler
    startup_stm32f10x_md.o(RESET) refers to stm32f10x_it.o(i.SVC_Handler) for SVC_Handler
    startup_stm32f10x_md.o(RESET) refers to stm32f10x_it.o(i.DebugMon_Handler) for DebugMon_Handler
    startup_stm32f10x_md.o(RESET) refers to stm32f10x_it.o(i.PendSV_Handler) for PendSV_Handler
    startup_stm32f10x_md.o(RESET) refers to stm32f10x_it.o(i.SysTick_Handler) for SysTick_Handler
    startup_stm32f10x_md.o(RESET) refers to timer.o(i.TIM3_IRQHandler) for TIM3_IRQHandler
    startup_stm32f10x_md.o(RESET) refers to key.o(i.TIM4_IRQHandler) for TIM4_IRQHandler
    startup_stm32f10x_md.o(RESET) refers to usart.o(i.USART1_IRQHandler) for USART1_IRQHandler
    startup_stm32f10x_md.o(RESET) refers to esp8266.o(i.USART2_IRQHandler) for USART2_IRQHandler
    startup_stm32f10x_md.o(.text) refers to system_stm32f10x.o(i.SystemInit) for SystemInit
    startup_stm32f10x_md.o(.text) refers to entry.o(.ARM.Collect$$$$00000000) for __main
    system_stm32f10x.o(i.SetSysClock) refers to system_stm32f10x.o(i.SetSysClockTo72) for SetSysClockTo72
    system_stm32f10x.o(i.SystemCoreClockUpdate) refers to system_stm32f10x.o(.data) for .data
    system_stm32f10x.o(i.SystemInit) refers to system_stm32f10x.o(i.SetSysClock) for SetSysClock
    stm32f10x_adc.o(i.ADC_DeInit) refers to stm32f10x_rcc.o(i.RCC_APB2PeriphResetCmd) for RCC_APB2PeriphResetCmd
    stm32f10x_bkp.o(i.BKP_DeInit) refers to stm32f10x_rcc.o(i.RCC_BackupResetCmd) for RCC_BackupResetCmd
    stm32f10x_can.o(i.CAN_DeInit) refers to stm32f10x_rcc.o(i.RCC_APB1PeriphResetCmd) for RCC_APB1PeriphResetCmd
    stm32f10x_can.o(i.CAN_GetITStatus) refers to stm32f10x_can.o(i.CheckITStatus) for CheckITStatus
    stm32f10x_cec.o(i.CEC_DeInit) refers to stm32f10x_rcc.o(i.RCC_APB1PeriphResetCmd) for RCC_APB1PeriphResetCmd
    stm32f10x_dac.o(i.DAC_DeInit) refers to stm32f10x_rcc.o(i.RCC_APB1PeriphResetCmd) for RCC_APB1PeriphResetCmd
    stm32f10x_flash.o(i.FLASH_EnableWriteProtection) refers to stm32f10x_flash.o(i.FLASH_WaitForLastOperation) for FLASH_WaitForLastOperation
    stm32f10x_flash.o(i.FLASH_EraseAllBank1Pages) refers to stm32f10x_flash.o(i.FLASH_WaitForLastBank1Operation) for FLASH_WaitForLastBank1Operation
    stm32f10x_flash.o(i.FLASH_EraseAllPages) refers to stm32f10x_flash.o(i.FLASH_WaitForLastOperation) for FLASH_WaitForLastOperation
    stm32f10x_flash.o(i.FLASH_EraseOptionBytes) refers to stm32f10x_flash.o(i.FLASH_GetReadOutProtectionStatus) for FLASH_GetReadOutProtectionStatus
    stm32f10x_flash.o(i.FLASH_EraseOptionBytes) refers to stm32f10x_flash.o(i.FLASH_WaitForLastOperation) for FLASH_WaitForLastOperation
    stm32f10x_flash.o(i.FLASH_ErasePage) refers to stm32f10x_flash.o(i.FLASH_WaitForLastOperation) for FLASH_WaitForLastOperation
    stm32f10x_flash.o(i.FLASH_ProgramHalfWord) refers to stm32f10x_flash.o(i.FLASH_WaitForLastOperation) for FLASH_WaitForLastOperation
    stm32f10x_flash.o(i.FLASH_ProgramOptionByteData) refers to stm32f10x_flash.o(i.FLASH_WaitForLastOperation) for FLASH_WaitForLastOperation
    stm32f10x_flash.o(i.FLASH_ProgramWord) refers to stm32f10x_flash.o(i.FLASH_WaitForLastOperation) for FLASH_WaitForLastOperation
    stm32f10x_flash.o(i.FLASH_ReadOutProtection) refers to stm32f10x_flash.o(i.FLASH_WaitForLastOperation) for FLASH_WaitForLastOperation
    stm32f10x_flash.o(i.FLASH_UserOptionByteConfig) refers to stm32f10x_flash.o(i.FLASH_WaitForLastOperation) for FLASH_WaitForLastOperation
    stm32f10x_flash.o(i.FLASH_WaitForLastBank1Operation) refers to stm32f10x_flash.o(i.FLASH_GetBank1Status) for FLASH_GetBank1Status
    stm32f10x_flash.o(i.FLASH_WaitForLastOperation) refers to stm32f10x_flash.o(i.FLASH_GetBank1Status) for FLASH_GetBank1Status
    stm32f10x_gpio.o(i.GPIO_AFIODeInit) refers to stm32f10x_rcc.o(i.RCC_APB2PeriphResetCmd) for RCC_APB2PeriphResetCmd
    stm32f10x_gpio.o(i.GPIO_DeInit) refers to stm32f10x_rcc.o(i.RCC_APB2PeriphResetCmd) for RCC_APB2PeriphResetCmd
    stm32f10x_i2c.o(i.I2C_DeInit) refers to stm32f10x_rcc.o(i.RCC_APB1PeriphResetCmd) for RCC_APB1PeriphResetCmd
    stm32f10x_i2c.o(i.I2C_Init) refers to stm32f10x_rcc.o(i.RCC_GetClocksFreq) for RCC_GetClocksFreq
[...]
    EXTI9_5_IRQHandler                       0x0800011f   Thumb Code     0  startup_stm32f10x_md.o(.text)
    FLASH_IRQHandler                         0x0800011f   Thumb Code     0  startup_stm32f10x_md.o(.text)
    I2C1_ER_IRQHandler                       0x0800011f   Thumb Code     0  startup_stm32f10x_md.o(.text)
    I2C1_EV_IRQHandler                       0x0800011f   Thumb Code     0  startup_stm32f10x_md.o(.text)
    I2C2_ER_IRQHandler                       0x0800011f   Thumb Code     0  startup_stm32f10x_md.o(.text)
    I2C2_EV_IRQHandler                       0x0800011f   Thumb Code     0  startup_stm32f10x_md.o(.text)
    PVD_IRQHandler                           0x0800011f   Thumb Code     0  startup_stm32f10x_md.o(.text)
    RCC_IRQHandler                           0x0800011f   Thumb Code     0  startup_stm32f10x_md.o(.text)
    RTCAlarm_IRQHandler                      0x0800011f   Thumb Code     0  startup_stm32f10x_md.o(.text)
    RTC_IRQHandler                           0x0800011f   Thumb Code     0  startup_stm32f10x_md.o(.text)
    SPI1_IRQHandler                          0x0800011f   Thumb Code     0  startup_stm32f10x_md.o(.text)
    SPI2_IRQHandler                          0x0800011f   Thumb Code     0  startup_stm32f10x_md.o(.text)
    TAMPER_IRQHandler                        0x0800011f   Thumb Code     0  startup_stm32f10x_md.o(.text)
    TIM1_BRK_IRQHandler                      0x0800011f   Thumb Code     0  startup_stm32f10x_md.o(.text)
    TIM1_CC_IRQHandler                       0x0800011f   Thumb Code     0  startup_stm32f10x_md.o(.text)
    TIM1_TRG_COM_IRQHandler                  0x0800011f   Thumb Code     0  startup_stm32f10x_md.o(.text)
    TIM1_UP_IRQHandler                       0x0800011f   Thumb Code     0  startup_stm32f10x_md.o(.text)
    TIM2_IRQHandler                          0x0800011f   Thumb Code     0  startup_stm32f10x_md.o(.text)
    USART3_IRQHandler                        0x0800011f   Thumb Code     0  startup_stm32f10x_md.o(.text)
    USBWakeUp_IRQHandler                     0x0800011f   Thumb Code     0  startup_stm32f10x_md.o(.text)
    USB_HP_CAN1_TX_IRQHandler                0x0800011f   Thumb Code     0  startup_stm32f10x_md.o(.text)
    USB_LP_CAN1_RX0_IRQHandler               0x0800011f   Thumb Code     0  startup_stm32f10x_md.o(.text)
    WWDG_IRQHandler                          0x0800011f   Thumb Code     0  startup_stm32f10x_md.o(.text)
    tolower                                  0x08000129   Thumb Code    12  tolower.o(.text)
    __aeabi_memcpy                           0x08000135   Thumb Code    36  memcpya.o(.text)
    __aeabi_memcpy4                          0x08000135   Thumb Code     0  memcpya.o(.text)
    __aeabi_memcpy8                          0x08000135   Thumb Code     0  memcpya.o(.text)
    __aeabi_memset                           0x08000159   Thumb Code    14  memseta.o(.text)
    __aeabi_memset4                          0x08000159   Thumb Code     0  memseta.o(.text)
    __aeabi_memset8                          0x08000159   Thumb Code     0  memseta.o(.text)
    __aeabi_memclr                           0x08000167   Thumb Code     4  memseta.o(.text)
    __aeabi_memclr4                          0x08000167   Thumb Code     0  memseta.o(.text)
    __aeabi_memclr8                          0x08000167   Thumb Code     0  memseta.o(.text)
    _memset$wrapper                          0x0800016b   Thumb Code    18  memseta.o(.text)
    strstr                                   0x0800017d   Thumb Code    36  strstr.o(.text)
    strchr                                   0x080001a1   Thumb Code    20  strchr.o(.text)
    strlen                                   0x080001b5   Thumb Code    14  strlen.o(.text)
    strncat                                  0x080001c3   Thumb Code    40  strncat.o(.text)
    strncmp                                  0x080001eb   Thumb Code    30  strncmp.o(.text)
    atoi                                     0x08000209   Thumb Code    26  atoi.o(.text)
    __aeabi_fadd                             0x08000223   Thumb Code   164  fadd.o(.text)
    __aeabi_fsub                             0x080002c7   Thumb Code     6  fadd.o(.text)
    __aeabi_frsub                            0x080002cd   Thumb Code     6  fadd.o(.text)
    __aeabi_fmul                             0x080002d3   Thumb Code   100  fmul.o(.text)
    __aeabi_fdiv                             0x08000337   Thumb Code   124  fdiv.o(.text)
    __aeabi_dadd                             0x080003b3   Thumb Code   322  dadd.o(.text)
    __aeabi_dsub                             0x080004f5   Thumb Code     6  dadd.o(.text)
    __aeabi_drsub                            0x080004fb   Thumb Code     6  dadd.o(.text)
    __aeabi_dmul                             0x08000501   Thumb Code   228  dmul.o(.text)
    __aeabi_i2d                              0x080005e5   Thumb Code    34  dflti.o(.text)
    __aeabi_f2uiz                            0x08000607   Thumb Code    40  ffixui.o(.text)
    __aeabi_d2iz                             0x0800062f   Thumb Code    62  dfixi.o(.text)
    __aeabi_cdrcmple                         0x0800066d   Thumb Code    48  cdrcmple.o(.text)
    __aeabi_uidiv                            0x0800069d   Thumb Code     0  uidiv.o(.text)
    __aeabi_uidivmod                         0x0800069d   Thumb Code    44  uidiv.o(.text)
    __aeabi_uldivmod                         0x080006c9   Thumb Code    98  uldiv.o(.text)
    __aeabi_llsl                             0x0800072b   Thumb Code    30  llshl.o(.text)
    _ll_shift_l                              0x0800072b   Thumb Code     0  llshl.o(.text)
    __aeabi_llsr                             0x08000749   Thumb Code    32  llushr.o(.text)
    _ll_ushift_r                             0x08000749   Thumb Code     0  llushr.o(.text)
    __aeabi_lasr                             0x08000769   Thumb Code    36  llsshr.o(.text)
    _ll_sshift_r                             0x08000769   Thumb Code     0  llsshr.o(.text)
    strtol                                   0x0800078d   Thumb Code   112  strtol.o(.text)
    __I$use$fp                               0x080007fd   Thumb Code     0  iusefp.o(.text)
    _float_round                             0x080007fd   Thumb Code    18  fepilogue.o(.text)
    _float_epilogue                          0x0800080f   Thumb Code    92  fepilogue.o(.text)
    _double_round                            0x0800086b   Thumb Code    30  depilogue.o(.text)
    _double_epilogue                         0x08000889   Thumb Code   156  depilogue.o(.text)
    __aeabi_ddiv                             0x08000925   Thumb Code   222  ddiv.o(.text)
    __ARM_scalbn                             0x08000a03   Thumb Code    46  dscalb.o(.text)
    scalbn                                   0x08000a03   Thumb Code     0  dscalb.o(.text)
    __aeabi_d2ulz                            0x08000a31   Thumb Code    48  dfixul.o(.text)
    __scatterload                            0x08000a61   Thumb Code    28  init.o(.text)
    __scatterload_rt2                        0x08000a61   Thumb Code     0  init.o(.text)
    __rt_ctype_table                         0x08000a85   Thumb Code     4  ctype_o.o(.text)
    _strtoul                                 0x08000a8d   Thumb Code   158  _strtoul.o(.text)
    _dsqrt                                   0x08000b2b   Thumb Code   162  dsqrt.o(.text)
    _chval                                   0x08000bcd   Thumb Code    28  _chval.o(.text)
    ADC_Cmd                                  0x08000be9   Thumb Code    24  stm32f10x_adc.o(i.ADC_Cmd)
    ADC_DMACmd                               0x08000c01   Thumb Code    24  stm32f10x_adc.o(i.ADC_DMACmd)
    ADC_GetCalibrationStatus                 0x08000c19   Thumb Code    14  stm32f10x_adc.o(i.ADC_GetCalibrationStatus)
    ADC_GetResetCalibrationStatus            0x08000c27   Thumb Code    14  stm32f10x_adc.o(i.ADC_GetResetCalibrationStatus)
    ADC_Init                                 0x08000c35   Thumb Code    62  stm32f10x_adc.o(i.ADC_Init)
    ADC_RegularChannelConfig                 0x08000c7d   Thumb Code   116  stm32f10x_adc.o(i.ADC_RegularChannelConfig)
    ADC_ResetCalibration                     0x08000cf1   Thumb Code    10  stm32f10x_adc.o(i.ADC_ResetCalibration)
    ADC_SoftwareStartConvCmd                 0x08000cfb   Thumb Code    24  stm32f10x_adc.o(i.ADC_SoftwareStartConvCmd)
    ADC_StartCalibration                     0x08000d13   Thumb Code    10  stm32f10x_adc.o(i.ADC_StartCalibration)
    AD_Init                                  0x08000d1d   Thumb Code   274  ad.o(i.AD_Init)
    BusFault_Handler                         0x08000e45   Thumb Code     2  stm32f10x_it.o(i.BusFault_Handler)
    Buzzer_Init                              0x08000e49   Thumb Code    48  buzzer.o(i.Buzzer_Init)
    Buzzer_OFF                               0x08000e7d   Thumb Code    20  buzzer.o(i.Buzzer_OFF)
    Buzzer_ON                                0x08000e99   Thumb Code    20  buzzer.o(i.Buzzer_ON)
    Buzzer_Turn                              0x08000eb5   Thumb Code    50  buzzer.o(i.Buzzer_Turn)
    Control_Execute                          0x08000ef1   Thumb Code   150  autocontrol.o(i.Control_Execute)
    Control_Init                             0x08000f91   Thumb Code    56  autocontrol.o(i.Control_Init)
    DHT_GPIO_Init                            0x08000fcd   Thumb Code    48  dht11.o(i.DHT_GPIO_Init)
    DHT_Get_Byte_Data                        0x08001001   Thumb Code    70  dht11.o(i.DHT_Get_Byte_Data)
    DHT_Get_Temp_Humi_Data                   0x0800104d   Thumb Code    68  dht11.o(i.DHT_Get_Temp_Humi_Data)
    DHT_Start                                0x08001091   Thumb Code    86  dht11.o(i.DHT_Start)
    DMA_Cmd                                  0x080010ed   Thumb Code    26  stm32f10x_dma.o(i.DMA_Cmd)
    DMA_Init                                 0x08001107   Thumb Code    58  stm32f10x_dma.o(i.DMA_Init)
    DebugMon_Handler                         0x08001141   Thumb Code     2  stm32f10x_it.o(i.DebugMon_Handler)
    Delay_ms                                 0x08001143   Thumb Code    24  delay.o(i.Delay_ms)
    Delay_us                                 0x0800115b   Thumb Code    32  delay.o(i.Delay_us)
    ESP8266_Clear                            0x0800117d   Thumb Code    18  esp8266.o(i.ESP8266_Clear)
    ESP8266_GetIPD                           0x08001199   Thumb Code    54  esp8266.o(i.ESP8266_GetIPD)
    ESP8266_Init                             0x080011dd   Thumb Code   272  esp8266.o(i.ESP8266_Init)
    ESP8266_SendCmd                          0x080013fd   Thumb Code    66  esp8266.o(i.ESP8266_SendCmd)
    ESP8266_SendData                         0x08001449   Thumb Code    48  esp8266.o(i.ESP8266_SendData)
    ESP8266_WaitRecive                       0x08001491   Thumb Code    30  esp8266.o(i.ESP8266_WaitRecive)
    GPIO_Init                                0x080014b5   Thumb Code   166  stm32f10x_gpio.o(i.GPIO_Init)
    GPIO_ReadInputDataBit                    0x0800155b   Thumb Code    14  stm32f10x_gpio.o(i.GPIO_ReadInputDataBit)
    GPIO_ResetBits                           0x08001569   Thumb Code     4  stm32f10x_gpio.o(i.GPIO_ResetBits)
    GPIO_SetBits                             0x0800156d   Thumb Code     4  stm32f10x_gpio.o(i.GPIO_SetBits)
    GPIO_WriteBit                            0x08001571   Thumb Code    12  stm32f10x_gpio.o(i.GPIO_WriteBit)
    HardFault_Handler                        0x0800157d   Thumb Code     2  stm32f10x_it.o(i.HardFault_Handler)
    IIC_Ack                                  0x08001581   Thumb Code    60  sgp30i2c.o(i.IIC_Ack)
    IIC_Init                                 0x080015c1   Thumb Code    50  sgp30i2c.o(i.IIC_Init)
    IIC_NAck                                 0x080015f9   Thumb Code    60  sgp30i2c.o(i.IIC_NAck)
    IIC_Read_Byte                            0x08001639   Thumb Code   104  sgp30i2c.o(i.IIC_Read_Byte)
    IIC_Send_Byte                            0x080016a5   Thumb Code   108  sgp30i2c.o(i.IIC_Send_Byte)
    IIC_Start                                0x08001715   Thumb Code    62  sgp30i2c.o(i.IIC_Start)
    IIC_Stop                                 0x08001759   Thumb Code    62  sgp30i2c.o(i.IIC_Stop)
    IIC_Wait_Ack                             0x0800179d   Thumb Code    90  sgp30i2c.o(i.IIC_Wait_Ack)
    Key_Execute                              0x080017fd   Thumb Code   242  key.o(i.Key_Execute)
    Key_GetVlaues                            0x08001939   Thumb Code   216  key.o(i.Key_GetVlaues)
    Key_Init                                 0x08001a19   Thumb Code    72  key.o(i.Key_Init)
    LED2_OFF                                 0x08001a69   Thumb Code     8  led.o(i.LED2_OFF)
    LED2_ON                                  0x08001a75   Thumb Code     8  led.o(i.LED2_ON)
    LED2_Turn                                0x08001a81   Thumb Code    38  led.o(i.LED2_Turn)
    LED_Init                                 0x08001aad   Thumb Code    48  led.o(i.LED_Init)
    MQTT_DeleteBuffer                        0x08001ae1   Thumb Code    28  mqttkit.o(i.MQTT_DeleteBuffer)
    MQTT_DumpLength                          0x08001afd   Thumb Code    36  mqttkit.o(i.MQTT_DumpLength)
    MQTT_NewBuffer                           0x08001b21   Thumb Code    86  mqttkit.o(i.MQTT_NewBuffer)
    MQTT_PacketConnect                       0x08001b79   Thumb Code   608  mqttkit.o(i.MQTT_PacketConnect)
    MQTT_PacketPublish                       0x08001ddd   Thumb Code   384  mqttkit.o(i.MQTT_PacketPublish)
    MQTT_PacketPublishComp                   0x08001f5d   Thumb Code    70  mqttkit.o(i.MQTT_PacketPublishComp)
    MQTT_PacketPublishRel                    0x08001fa3   Thumb Code    70  mqttkit.o(i.MQTT_PacketPublishRel)
    MQTT_PacketSubscribe                     0x08001fe9   Thumb Code   222  mqttkit.o(i.MQTT_PacketSubscribe)
    MQTT_ReadLength                          0x080020c7   Thumb Code    62  mqttkit.o(i.MQTT_ReadLength)
    MQTT_UnPacketCmd                         0x08002105   Thumb Code   130  mqttkit.o(i.MQTT_UnPacketCmd)
    MQTT_UnPacketConnectAck                  0x08002187   Thumb Code    26  mqttkit.o(i.MQTT_UnPacketConnectAck)
    MQTT_UnPacketPublish                     0x080021a1   Thumb Code   388  mqttkit.o(i.MQTT_UnPacketPublish)
    MQTT_UnPacketPublishAck                  0x0800232d   Thumb Code    28  mqttkit.o(i.MQTT_UnPacketPublishAck)
    MQTT_UnPacketPublishComp                 0x08002349   Thumb Code    28  mqttkit.o(i.MQTT_UnPacketPublishComp)
    MQTT_UnPacketPublishRec                  0x08002365   Thumb Code    28  mqttkit.o(i.MQTT_UnPacketPublishRec)
    MQTT_UnPacketPublishRel                  0x08002381   Thumb Code    34  mqttkit.o(i.MQTT_UnPacketPublishRel)
    MQTT_UnPacketRecv                        0x080023a5   Thumb Code    94  mqttkit.o(i.MQTT_UnPacketRecv)
    MQTT_UnPacketSubscribe                   0x0800240d   Thumb Code    44  mqttkit.o(i.MQTT_UnPacketSubscribe)
    MQTT_UnPacketUnSubscribe                 0x08002439   Thumb Code    20  mqttkit.o(i.MQTT_UnPacketUnSubscribe)
    MemManage_Handler                        0x0800244d   Thumb Code     2  stm32f10x_it.o(i.MemManage_Handler)
    NMI_Handler                              0x0800244f   Thumb Code     2  stm32f10x_it.o(i.NMI_Handler)
    NVIC_Init                                0x08002451   Thumb Code    96  misc.o(i.NVIC_Init)
    NVIC_PriorityGroupConfig                 0x080024b5   Thumb Code    10  misc.o(i.NVIC_PriorityGroupConfig)
    OLED_I2C_Init                            0x080024c9   Thumb Code    76  oled.o(i.OLED_I2C_Init)
    OneNet_DevLink                           0x08002519   Thumb Code   204  onenet.o(i.OneNet_DevLink)
    OneNet_Publish                           0x08002735   Thumb Code    82  onenet.o(i.OneNet_Publish)
    OneNet_RevPro                            0x080027ad   Thumb Code   812  onenet.o(i.OneNet_RevPro)
    OneNet_Subscribe                         0x08002cd1   Thumb Code    82  onenet.o(i.OneNet_Subscribe)
    PWM_Init                                 0x08002d41   Thumb Code   156  pwm.o(i.PWM_Init)
    PWM_SetCompare2                          0x08002de1   Thumb Code    10  pwm.o(i.PWM_SetCompare2)
    PendSV_Handler                           0x08002deb   Thumb Code     2  stm32f10x_it.o(i.PendSV_Handler)
    RCC_ADCCLKConfig                         0x08002ded   Thumb Code    14  stm32f10x_rcc.o(i.RCC_ADCCLKConfig)
    RCC_AHBPeriphClockCmd                    0x08002e01   Thumb Code    22  stm32f10x_rcc.o(i.RCC_AHBPeriphClockCmd)
    RCC_APB1PeriphClockCmd                   0x08002e1d   Thumb Code    22  stm32f10x_rcc.o(i.RCC_APB1PeriphClockCmd)
    RCC_APB2PeriphClockCmd                   0x08002e39   Thumb Code    22  stm32f10x_rcc.o(i.RCC_APB2PeriphClockCmd)
    RCC_GetClocksFreq                        0x08002e55   Thumb Code   154  stm32f10x_rcc.o(i.RCC_GetClocksFreq)
    SDA_IN                                   0x08002f01   Thumb Code    32  sgp30i2c.o(i.SDA_IN)
    SDA_OUT                                  0x08002f25   Thumb Code    32  sgp30i2c.o(i.SDA_OUT)
    SGP30_Init                               0x08002f49   Thumb Code    18  sgp30.o(i.SGP30_Init)
    SGP30_ad_read                            0x08002f5b   Thumb Code    66  sgp30.o(i.SGP30_ad_read)
    SGP30_ad_write                           0x08002f9d   Thumb Code    54  sgp30.o(i.SGP30_ad_write)
    SGP30_getValue                           0x08002fd5   Thumb Code    26  sgp30.o(i.SGP30_getValue)
    SVC_Handler                              0x08002ff5   Thumb Code     2  stm32f10x_it.o(i.SVC_Handler)
    Servo_Init                               0x08002ff7   Thumb Code    14  servo.o(i.Servo_Init)
    Servo_Turn                               0x08003005   Thumb Code    16  servo.o(i.Servo_Turn)
    Servo_close                              0x08003019   Thumb Code    16  servo.o(i.Servo_close)
    Servo_open                               0x08003031   Thumb Code    16  servo.o(i.Servo_open)
    Servo_setAngle                           0x08003045   Thumb Code    34  servo.o(i.Servo_setAngle)
    SysTick_Handler                          0x08003129   Thumb Code     2  stm32f10x_it.o(i.SysTick_Handler)
    SystemInit                               0x0800312d   Thumb Code    64  system_stm32f10x.o(i.SystemInit)
    TIM3_IRQHandler                          0x0800317d   Thumb Code   100  timer.o(i.TIM3_IRQHandler)
    TIM4_IRQHandler                          0x080031e9   Thumb Code    56  key.o(i.TIM4_IRQHandler)
    TIM_ClearFlag                            0x08003229   Thumb Code     6  stm32f10x_tim.o(i.TIM_ClearFlag)
    TIM_ClearITPendingBit                    0x0800322f   Thumb Code     6  stm32f10x_tim.o(i.TIM_ClearITPendingBit)
    TIM_Cmd                                  0x08003235   Thumb Code    24  stm32f10x_tim.o(i.TIM_Cmd)
    TIM_GetITStatus                          0x0800324d   Thumb Code    24  stm32f10x_tim.o(i.TIM_GetITStatus)
    TIM_ITConfig                             0x08003265   Thumb Code    20  stm32f10x_tim.o(i.TIM_ITConfig)
    TIM_InternalClockConfig                  0x08003279   Thumb Code    10  stm32f10x_tim.o(i.TIM_InternalClockConfig)
    TIM_OC2Init                              0x08003285   Thumb Code   128  stm32f10x_tim.o(i.TIM_OC2Init)
    TIM_OCStructInit                         0x0800330d   Thumb Code    20  stm32f10x_tim.o(i.TIM_OCStructInit)
    TIM_SetCompare2                          0x08003321   Thumb Code     4  stm32f10x_tim.o(i.TIM_SetCompare2)
    TIM_TimeBaseInit                         0x08003325   Thumb Code   114  stm32f10x_tim.o(i.TIM_TimeBaseInit)
    Timer_Init                               0x080033c1   Thumb Code   196  timer.o(i.Timer_Init)
    USART1_IRQHandler                        0x0800348d   Thumb Code    32  usart.o(i.USART1_IRQHandler)
    USART2_IRQHandler                        0x080034b1   Thumb Code    60  esp8266.o(i.USART2_IRQHandler)
    USART_ClearFlag                          0x080034f9   Thumb Code     8  stm32f10x_usart.o(i.USART_ClearFlag)
    USART_Cmd                                0x08003501   Thumb Code    24  stm32f10x_usart.o(i.USART_Cmd)
    USART_GetFlagStatus                      0x08003519   Thumb Code    14  stm32f10x_usart.o(i.USART_GetFlagStatus)
    USART_GetITStatus                        0x08003527   Thumb Code    64  stm32f10x_usart.o(i.USART_GetITStatus)
    USART_ITConfig                           0x08003567   Thumb Code    54  stm32f10x_usart.o(i.USART_ITConfig)
    USART_Init                               0x0800359d   Thumb Code   182  stm32f10x_usart.o(i.USART_Init)
    USART_SendData                           0x08003659   Thumb Code     8  stm32f10x_usart.o(i.USART_SendData)
    UsageFault_Handler                       0x08003661   Thumb Code     2  stm32f10x_it.o(i.UsageFault_Handler)
    Usart1_Init                              0x08003665   Thumb Code   164  usart.o(i.Usart1_Init)
    Usart2_Init                              0x08003711   Thumb Code   158  usart.o(i.Usart2_Init)
    UsartPrintf                              0x080037b9   Thumb Code    64  usart.o(i.UsartPrintf)
    Usart_SendString                         0x080037f9   Thumb Code    48  usart.o(i.Usart_SendString)
    __0sprintf                               0x08003829   Thumb Code    34  printfa.o(i.__0sprintf)
    __1sprintf                               0x08003829   Thumb Code     0  printfa.o(i.__0sprintf)
    __2sprintf                               0x08003829   Thumb Code     0  printfa.o(i.__0sprintf)
    __c89sprintf                             0x08003829   Thumb Code     0  printfa.o(i.__0sprintf)
    sprintf                                  0x08003829   Thumb Code     0  printfa.o(i.__0sprintf)
    __0vsnprintf                             0x08003851   Thumb Code    46  printfa.o(i.__0vsnprintf)
    __1vsnprintf                             0x08003851   Thumb Code     0  printfa.o(i.__0vsnprintf)
    __2vsnprintf                             0x08003851   Thumb Code     0  printfa.o(i.__0vsnprintf)
    __c89vsnprintf                           0x08003851   Thumb Code     0  printfa.o(i.__0vsnprintf)
    vsnprintf                                0x08003851   Thumb Code     0  printfa.o(i.__0vsnprintf)
    __ARM_fpclassify                         0x08003885   Thumb Code    40  fpclassify.o(i.__ARM_fpclassify)
    __aeabi_errno_addr                       0x080038ad   Thumb Code     4  errno.o(i.__aeabi_errno_addr)
    __rt_errno_addr                          0x080038ad   Thumb Code     0  errno.o(i.__aeabi_errno_addr)
    __kernel_poly                            0x080038b5   Thumb Code   170  poly.o(i.__kernel_poly)
    __mathlib_dbl_divzero                    0x08003961   Thumb Code    12  dunder.o(i.__mathlib_dbl_divzero)
    __mathlib_dbl_infnan2                    0x08003971   Thumb Code     4  dunder.o(i.__mathlib_dbl_infnan2)
    __mathlib_dbl_invalid                    0x08003975   Thumb Code    12  dunder.o(i.__mathlib_dbl_invalid)
    __mathlib_dbl_overflow                   0x08003981   Thumb Code    14  dunder.o(i.__mathlib_dbl_overflow)
    __mathlib_dbl_underflow                  0x08003991   Thumb Code    10  dunder.o(i.__mathlib_dbl_underflow)
    __scatterload_copy                       0x080039a1   Thumb Code    14  handlers.o(i.__scatterload_copy)
    __scatterload_null                       0x080039af   Thumb Code     2  handlers.o(i.__scatterload_null)
    __scatterload_zeroinit                   0x080039b1   Thumb Code    14  handlers.o(i.__scatterload_zeroinit)
    __set_errno                              0x080039c1   Thumb Code     6  errno.o(i.__set_errno)
    about_proc                               0x08004279   Thumb Code    24  oled.o(i.about_proc)
    about_ui_show                            0x08004299   Thumb Code    60  oled.o(i.about_ui_show)
    cJSON_Delete                             0x08004325   Thumb Code    66  cjson.o(i.cJSON_Delete)
    cJSON_GetErrorPtr                        0x0800436d   Thumb Code     6  cjson.o(i.cJSON_GetErrorPtr)
    cJSON_GetObjectItem                      0x08004379   Thumb Code    28  cjson.o(i.cJSON_GetObjectItem)
    cJSON_Parse                              0x080043b5   Thumb Code     8  cjson.o(i.cJSON_Parse)
    cJSON_ParseWithOpts                      0x080043bd   Thumb Code    96  cjson.o(i.cJSON_ParseWithOpts)
    chart_proc                               0x0800446d   Thumb Code    50  oled.o(i.chart_proc)
    chart_ui_show                            0x080044a9   Thumb Code   208  oled.o(i.chart_ui_show)
    disappear                                0x080045e9   Thumb Code   140  oled.o(i.disappear)
    free                                     0x08004679   Thumb Code    76  malloc.o(i.free)
    icon_proc                                0x08004845   Thumb Code   212  oled.o(i.icon_proc)
    icon_ui_show                             0x08004935   Thumb Code   246  oled.o(i.icon_ui_show)
    logo_proc                                0x08004a4d   Thumb Code    24  oled.o(i.logo_proc)
    logo_ui_show                             0x08004a6d   Thumb Code    24  oled.o(i.logo_ui_show)
    main                                     0x08004a8d   Thumb Code   448  main.o(i.main)
    malloc                                   0x08004cbd   Thumb Code    92  malloc.o(i.malloc)
    move                                     0x08004d29   Thumb Code    58  oled.o(i.move)
    move_bar                                 0x08004d65   Thumb Code   106  oled.o(i.move_bar)
    move_icon                                0x08004dd5   Thumb Code    58  oled.o(i.move_icon)
    move_width                               0x08004e11   Thumb Code   322  oled.o(i.move_width)
    pid_edit_proc                            0x08005561   Thumb Code   210  oled.o(i.pid_edit_proc)
    pid_edit_ui_show                         0x0800564d   Thumb Code   250  oled.o(i.pid_edit_ui_show)
    pid_proc                                 0x08005819   Thumb Code   208  oled.o(i.pid_proc)
    pid_ui_show                              0x080058f5   Thumb Code   218  oled.o(i.pid_ui_show)
    pow                                      0x080059dd   Thumb Code  2512  pow.o(i.pow)
    relay1_OFF                               0x080063b5   Thumb Code    10  relay.o(i.relay1_OFF)
    relay1_ON                                0x080063c5   Thumb Code    10  relay.o(i.relay1_ON)
    relay1_Turn                              0x080063d5   Thumb Code    42  relay.o(i.relay1_Turn)
    relay2_OFF                               0x08006405   Thumb Code    10  relay.o(i.relay2_OFF)
    relay2_ON                                0x08006415   Thumb Code    10  relay.o(i.relay2_ON)
    relay2_Turn                              0x08006425   Thumb Code    42  relay.o(i.relay2_Turn)
    relay_Init                               0x08006455   Thumb Code    50  relay.o(i.relay_Init)
    select_proc                              0x0800648d   Thumb Code   230  oled.o(i.select_proc)
    select_ui_show                           0x08006581   Thumb Code   224  oled.o(i.select_ui_show)
    sqrt                                     0x08006681   Thumb Code    76  sqrt.o(i.sqrt)
    u8g2Init                                 0x080066cd   Thumb Code   182  oled.o(i.u8g2Init)
    u8g2_ClearBuffer                         0x0800679d   Thumb Code    18  u8g2_buffer.o(i.u8g2_ClearBuffer)
    u8g2_DrawBox                             0x080067af   Thumb Code    74  u8g2_box.o(i.u8g2_DrawBox)
    u8g2_DrawDisc                            0x080067f9   Thumb Code    64  u8g2_circle.o(i.u8g2_DrawDisc)
    u8g2_DrawGlyph                           0x08006839   Thumb Code    96  u8g2_font.o(i.u8g2_DrawGlyph)
    u8g2_DrawHVLine                          0x08006899   Thumb Code   174  u8g2_hvline.o(i.u8g2_DrawHVLine)
    u8g2_DrawHXBMP                           0x08006947   Thumb Code   160  u8g2_bitmap.o(i.u8g2_DrawHXBMP)
    u8g2_DrawPixel                           0x080069e7   Thumb Code    46  u8g2_hvline.o(i.u8g2_DrawPixel)
    u8g2_DrawRBox                            0x08006a15   Thumb Code   238  u8g2_box.o(i.u8g2_DrawRBox)
    u8g2_DrawStr                             0x08006b05   Thumb Code    12  u8g2_font.o(i.u8g2_DrawStr)
    u8g2_DrawVLine                           0x08006b15   Thumb Code    12  u8g2_hvline.o(i.u8g2_DrawVLine)
    u8g2_DrawXBMP                            0x08006b21   Thumb Code    84  u8g2_bitmap.o(i.u8g2_DrawXBMP)
    u8g2_GetGlyphWidth                       0x08006b75   Thumb Code    62  u8g2_font.o(i.u8g2_GetGlyphWidth)
    u8g2_GetStrWidth                         0x08006bb5   Thumb Code     8  u8g2_font.o(i.u8g2_GetStrWidth)
    u8g2_IsIntersection                      0x08006bc1   Thumb Code    46  u8g2_intersection.o(i.u8g2_IsIntersection)
    u8g2_SendBuffer                          0x08006bef   Thumb Code    20  u8g2_buffer.o(i.u8g2_SendBuffer)
    u8g2_SetClipWindow                       0x08006c03   Thumb Code    24  u8g2_setup.o(i.u8g2_SetClipWindow)
    u8g2_SetDrawColor                        0x08006c1b   Thumb Code    16  u8g2_hvline.o(i.u8g2_SetDrawColor)
    u8g2_SetFont                             0x08006c2b   Thumb Code    32  u8g2_font.o(i.u8g2_SetFont)
    u8g2_SetFontPosBaseline                  0x08006c4d   Thumb Code     6  u8g2_font.o(i.u8g2_SetFontPosBaseline)
    u8g2_SetMaxClipWindow                    0x08006c59   Thumb Code    24  u8g2_setup.o(i.u8g2_SetMaxClipWindow)
    u8g2_SetupBuffer                         0x08006c71   Thumb Code    70  u8g2_setup.o(i.u8g2_SetupBuffer)
    u8g2_Setup_ssd1306_i2c_128x64_noname_f   0x08006cb9   Thumb Code    44  u8g2_d_setup.o(i.u8g2_Setup_ssd1306_i2c_128x64_noname_f)
    u8g2_UpdateRefHeight                     0x08006cf1   Thumb Code    86  u8g2_font.o(i.u8g2_UpdateRefHeight)
    u8g2_add_vector_x                        0x08006d47   Thumb Code    36  u8g2_font.o(i.u8g2_add_vector_x)
    u8g2_add_vector_y                        0x08006d6b   Thumb Code    36  u8g2_font.o(i.u8g2_add_vector_y)
    u8g2_draw_hv_line_2dir                   0x08006f73   Thumb Code    18  u8g2_hvline.o(i.u8g2_draw_hv_line_2dir)
    u8g2_draw_l90_r0                         0x08006f85   Thumb Code    12  u8g2_setup.o(i.u8g2_draw_l90_r0)
    u8g2_font_calc_vref_font                 0x08007003   Thumb Code     4  u8g2_font.o(i.u8g2_font_calc_vref_font)
    u8g2_font_decode_get_signed_bits         0x08007007   Thumb Code    22  u8g2_font.o(i.u8g2_font_decode_get_signed_bits)
    u8g2_font_decode_get_unsigned_bits       0x0800701d   Thumb Code    52  u8g2_font.o(i.u8g2_font_decode_get_unsigned_bits)
    u8g2_font_decode_glyph                   0x08007051   Thumb Code   312  u8g2_font.o(i.u8g2_font_decode_glyph)
    u8g2_font_decode_len                     0x08007189   Thumb Code   156  u8g2_font.o(i.u8g2_font_decode_len)
    u8g2_font_get_glyph_data                 0x08007251   Thumb Code   120  u8g2_font.o(i.u8g2_font_get_glyph_data)
    u8g2_gpio_and_delay_stm32                0x08007311   Thumb Code   106  oled.o(i.u8g2_gpio_and_delay_stm32)
    u8g2_is_intersection_decision_tree       0x08007381   Thumb Code    44  u8g2_intersection.o(i.u8g2_is_intersection_decision_tree)
    u8g2_ll_hvline_vertical_top_lsb          0x080073ad   Thumb Code   144  u8g2_ll_hvline.o(i.u8g2_ll_hvline_vertical_top_lsb)
    u8g2_m_16_8_f                            0x0800743d   Thumb Code     8  u8g2_d_memory.o(i.u8g2_m_16_8_f)
    u8g2_read_font_info                      0x08007449   Thumb Code   208  u8g2_font.o(i.u8g2_read_font_info)
    u8g2_update_dimension_r0                 0x08007629   Thumb Code     4  u8g2_setup.o(i.u8g2_update_dimension_r0)
    u8g2_update_page_win_r0                  0x0800762d   Thumb Code    24  u8g2_setup.o(i.u8g2_update_page_win_r0)
    u8x8_DrawTile                            0x08007645   Thumb Code    30  u8x8_display.o(i.u8x8_DrawTile)
    u8x8_InitDisplay                         0x08007663   Thumb Code    16  u8x8_display.o(i.u8x8_InitDisplay)
    u8x8_RefreshDisplay                      0x08007673   Thumb Code    16  u8x8_display.o(i.u8x8_RefreshDisplay)
    u8x8_SetPowerSave                        0x08007683   Thumb Code    16  u8x8_display.o(i.u8x8_SetPowerSave)
    u8x8_Setup                               0x08007693   Thumb Code    36  u8x8_setup.o(i.u8x8_Setup)
    u8x8_SetupDefaults                       0x080076b9   Thumb Code    34  u8x8_setup.o(i.u8x8_SetupDefaults)
    u8x8_SetupMemory                         0x080076e1   Thumb Code    16  u8x8_display.o(i.u8x8_SetupMemory)
    u8x8_ascii_next                          0x080076f1   Thumb Code    16  u8x8_8x8.o(i.u8x8_ascii_next)
    u8x8_byte_EndTransfer                    0x08007701   Thumb Code    16  u8x8_byte.o(i.u8x8_byte_EndTransfer)
    u8x8_byte_SendByte                       0x08007711   Thumb Code    12  u8x8_byte.o(i.u8x8_byte_SendByte)
    u8x8_byte_SendBytes                      0x0800771d   Thumb Code    16  u8x8_byte.o(i.u8x8_byte_SendBytes)
    u8x8_byte_StartTransfer                  0x0800772d   Thumb Code    16  u8x8_byte.o(i.u8x8_byte_StartTransfer)
    u8x8_byte_sw_i2c                         0x0800773d   Thumb Code    92  u8x8_byte.o(i.u8x8_byte_sw_i2c)
    u8x8_cad_EndTransfer                     0x08007799   Thumb Code    16  u8x8_cad.o(i.u8x8_cad_EndTransfer)
    u8x8_cad_SendArg                         0x080077a9   Thumb Code    16  u8x8_cad.o(i.u8x8_cad_SendArg)
    u8x8_cad_SendCmd                         0x080077b9   Thumb Code    16  u8x8_cad.o(i.u8x8_cad_SendCmd)
    u8x8_cad_SendData                        0x080077c9   Thumb Code    16  u8x8_cad.o(i.u8x8_cad_SendData)
    u8x8_cad_SendSequence                    0x080077d9   Thumb Code   100  u8x8_cad.o(i.u8x8_cad_SendSequence)
    u8x8_cad_StartTransfer                   0x0800783d   Thumb Code    16  u8x8_cad.o(i.u8x8_cad_StartTransfer)
    u8x8_cad_ssd13xx_fast_i2c                0x0800784d   Thumb Code   194  u8x8_cad.o(i.u8x8_cad_ssd13xx_fast_i2c)
    u8x8_d_helper_display_init               0x08007915   Thumb Code    98  u8x8_display.o(i.u8x8_d_helper_display_init)
    u8x8_d_helper_display_setup_memory       0x08007977   Thumb Code    10  u8x8_display.o(i.u8x8_d_helper_display_setup_memory)
    u8x8_d_ssd1306_128x64_noname             0x08007981   Thumb Code    60  u8x8_d_ssd1306_128x64_noname.o(i.u8x8_d_ssd1306_128x64_noname)
    u8x8_dummy_cb                            0x08007aa5   Thumb Code     4  u8x8_setup.o(i.u8x8_dummy_cb)
    u8x8_gpio_call                           0x08007aa9   Thumb Code    12  u8x8_gpio.o(i.u8x8_gpio_call)
    u8x8_utf8_init                           0x08007ae3   Thumb Code     8  u8x8_8x8.o(i.u8x8_utf8_init)
    ui_proc                                  0x08007aed   Thumb Code   104  oled.o(i.ui_proc)
    LOGO                                     0x08007b5c   Data        1024  oled.o(.constdata)
    icon_pic                                 0x08007f5c   Data        1400  oled.o(.constdata)
    u8g2_font_wqy12_t_chinese1               0x080084e3   Data        9391  u8g2_fonts.o(.constdata)
    u8g2_cb_r0                               0x0800a994   Data          12  u8g2_setup.o(.constdata)
    __mathlib_zero                           0x0800ab80   Data           8  qnan.o(.constdata)
    __ctype_table                            0x0800ab88   Data         129  ctype_o.o(.constdata)
    Region$$Table$$Base                      0x0800ad84   Number         0  anon$$obj.o(Region$$Table)
    Region$$Table$$Limit                     0x0800ada4   Number         0  anon$$obj.o(Region$$Table)
    InfraredSwitch                           0x20000014   Data           2  ad.o(.data)
    AD_Value                                 0x20000016   Data           6  ad.o(.data)
    Servo_flag                               0x2000001c   Data           1  servo.o(.data)
    Buzzer_flag                              0x2000001d   Data           1  buzzer.o(.data)
    DHT_Buffer                               0x2000001e   Data           5  dht11.o(.data)
    timeCount                                0x20000024   Data           2  timer.o(.data)
    timedAD                                  0x20000028   Data           8  timer.o(.data)
    timeDht11                                0x20000030   Data           8  timer.o(.data)
    timed8266                                0x20000038   Data           8  timer.o(.data)
    timedSuB8266                             0x20000040   Data           8  timer.o(.data)
    timedAuto                                0x20000048   Data           8  timer.o(.data)
    timedKey                                 0x20000050   Data           8  timer.o(.data)
    key_msg                                  0x20000058   Data           2  key.o(.data)
    AutoControl_mode                         0x2000005a   Data           1  autocontrol.o(.data)
    Co2                                      0x2000005c   Data           2  sgp30.o(.data)
    TVOC                                     0x2000005e   Data           2  sgp30.o(.data)
    dat                                      0x20000060   Data           4  sgp30.o(.data)
    disappear_step                           0x20000064   Data           1  oled.o(.data)
    pid_num                                  0x20000065   Data           1  oled.o(.data)
    list_num                                 0x20000066   Data           1  oled.o(.data)
    icon_num                                 0x20000067   Data           1  oled.o(.data)
    x                                        0x20000068   Data           1  oled.o(.data)
    line_y                                   0x20000069   Data           1  oled.o(.data)
    line_y_trg                               0x2000006a   Data           1  oled.o(.data)
    box_width                                0x2000006b   Data           1  oled.o(.data)
    box_width_trg                            0x2000006c   Data           1  oled.o(.data)
    ui_select                                0x2000006d   Data           1  oled.o(.data)
    pid_line_y                               0x2000006e   Data           1  oled.o(.data)
    pid_line_y_trg                           0x2000006f   Data           1  oled.o(.data)
    pid_box_width                            0x20000070   Data           1  oled.o(.data)
    pid_box_width_trg                        0x20000071   Data           1  oled.o(.data)
    pid_select                               0x20000072   Data           1  oled.o(.data)
    icon_select                              0x20000073   Data           1  oled.o(.data)
    ui_index                                 0x20000074   Data           1  oled.o(.data)
    ui_state                                 0x20000075   Data           1  oled.o(.data)
    single_line_length                       0x20000076   Data           1  oled.o(.data)
    total_line_length                        0x20000077   Data           1  oled.o(.data)
    buf_len                                  0x20000078   Data           2  oled.o(.data)
    y                                        0x2000007a   Data           2  oled.o(.data)
    y_trg                                    0x2000007c   Data           2  oled.o(.data)
    box_y                                    0x2000007e   Data           2  oled.o(.data)
    box_y_trg                                0x20000080   Data           2  oled.o(.data)
    pid_y                                    0x20000082   Data           2  oled.o(.data)
    pid_y_trg                                0x20000084   Data           2  oled.o(.data)
    pid_box_y                                0x20000086   Data           2  oled.o(.data)
    pid_box_y_trg                            0x20000088   Data           2  oled.o(.data)
    icon_x                                   0x2000008a   Data           2  oled.o(.data)
    icon_x_trg                               0x2000008c   Data           2  oled.o(.data)
    app_y                                    0x2000008e   Data           2  oled.o(.data)
    app_y_trg                                0x20000090   Data           2  oled.o(.data)
    chart_x                                  0x20000092   Data           2  oled.o(.data)
    chart_x_trg                              0x20000094   Data           2  oled.o(.data)
    buf_ptr                                  0x20000098   Data           4  oled.o(.data)
    icon_width                               0x2000009c   Data           7  oled.o(.data)
    pid                                      0x200000a4   Data          20  oled.o(.data)
    list                                     0x200000b8   Data          20  oled.o(.data)
    icon                                     0x200000cc   Data          28  oled.o(.data)
    humidityH                                0x200000e8   Data           2  main.o(.data)
    humidityL                                0x200000ea   Data           2  main.o(.data)
    temperatureH                             0x200000ec   Data           2  main.o(.data)
    temperatureL                             0x200000ee   Data           2  main.o(.data)
    Light                                    0x200000f0   Data           2  main.o(.data)
    LED1_Status                              0x200000f2   Data           2  main.o(.data)
    LED2_Status                              0x200000f4   Data           2  main.o(.data)
    Buzz_Status                              0x200000f6   Data           2  main.o(.data)
    soilHumidity                             0x200000f8   Data           2  main.o(.data)
    Fan                                      0x200000fa   Data           2  main.o(.data)
    WaterPump                                0x200000fc   Data           2  main.o(.data)
    esp8266_cnt                              0x200000fe   Data           2  esp8266.o(.data)
    esp8266_cntPre                           0x20000100   Data           2  esp8266.o(.data)
    __microlib_freelist                      0x20000118   Data           4  mvars.o(.data)
    __microlib_freelist_initialised          0x2000011c   Data           4  mvars.o(.data)
    Keys                                     0x20000124   Data          28  key.o(.bss)
    text                                     0x20000140   Data          30  key.o(.bss)
    tempControl                              0x20000160   Data          16  autocontrol.o(.bss)
    lightControl                             0x20000170   Data          16  autocontrol.o(.bss)
    soilHumControl                           0x20000180   Data          16  autocontrol.o(.bss)
    Co2Control                               0x20000190   Data          16  autocontrol.o(.bss)
    u8g2                                     0x200001a0   Data         148  oled.o(.bss)
    text1                                    0x20000234   Data          30  oled.o(.bss)
    esp8266_buf                              0x20000252   Data         128  esp8266.o(.bss)
    __heap_base                              0x200006d8   Data           0  startup_stm32f10x_md.o(HEAP)
    __heap_limit                             0x200008d8   Data           0  startup_stm32f10x_md.o(HEAP)
    __initial_sp                             0x20000cd8   Data           0  startup_stm32f10x_md.o(STACK)



==============================================================================

Memory Map of the image

  Image Entry point : 0x080000ed

  Load Region LR_IROM1 (Base: 0x08000000, Size: 0x0000aec8, Max: 0x00010000, ABSOLUTE)

    Execution Region ER_IROM1 (Exec base: 0x08000000, Load base: 0x08000000, Size: 0x0000ada4, Max: 0x00010000, ABSOLUTE)

    Exec Addr    Load Addr    Size         Type   Attr      Idx    E Section Name        Object

    0x08000000   0x08000000   0x000000ec   Data   RO            3    RESET               startup_stm32f10x_md.o
    0x080000ec   0x080000ec   0x00000000   Code   RO         9457  * .ARM.Collect$$$$00000000  mc_w.l(entry.o)
    0x080000ec   0x080000ec   0x00000004   Code   RO         9820    .ARM.Collect$$$$00000001  mc_w.l(entry2.o)
    0x080000f0   0x080000f0   0x00000004   Code   RO         9823    .ARM.Collect$$$$00000004  mc_w.l(entry5.o)
    0x080000f4   0x080000f4   0x00000000   Code   RO         9825    .ARM.Collect$$$$00000008  mc_w.l(entry7b.o)
    0x080000f4   0x080000f4   0x00000000   Code   RO         9827    .ARM.Collect$$$$0000000A  mc_w.l(entry8b.o)
    0x080000f4   0x080000f4   0x00000008   Code   RO         9828    .ARM.Collect$$$$0000000B  mc_w.l(entry9a.o)
    0x080000fc   0x080000fc   0x00000004   Code   RO         9835    .ARM.Collect$$$$0000000E  mc_w.l(entry12b.o)
    0x08000100   0x08000100   0x00000000   Code   RO         9830    .ARM.Collect$$$$0000000F  mc_w.l(entry10a.o)
    0x08000100   0x08000100   0x00000000   Code   RO         9832    .ARM.Collect$$$$00000011  mc_w.l(entry11a.o)
    0x08000100   0x08000100   0x00000004   Code   RO         9821    .ARM.Collect$$$$00002712  mc_w.l(entry2.o)
    0x08000104   0x08000104   0x00000024   Code   RO            4    .text               startup_stm32f10x_md.o
    0x08000128   0x08000128   0x0000000c   Code   RO         9460    .text               mc_w.l(tolower.o)
    0x08000134   0x08000134   0x00000024   Code   RO         9462    .text               mc_w.l(memcpya.o)
    0x08000158   0x08000158   0x00000024   Code   RO         9464    .text               mc_w.l(memseta.o)
    0x0800017c   0x0800017c   0x00000024   Code   RO         9466    .text               mc_w.l(strstr.o)
    0x080001a0   0x080001a0   0x00000014   Code   RO         9468    .text               mc_w.l(strchr.o)
    0x080001b4   0x080001b4   0x0000000e   Code   RO         9470    .text               mc_w.l(strlen.o)
    0x080001c2   0x080001c2   0x00000028   Code   RO         9472    .text               mc_w.l(strncat.o)
    0x080001ea   0x080001ea   0x0000001e   Code   RO         9476    .text               mc_w.l(strncmp.o)
    0x08000208   0x08000208   0x0000001a   Code   RO         9769    .text               mc_w.l(atoi.o)
    0x08000222   0x08000222   0x000000b0   Code   RO         9771    .text               mf_w.l(fadd.o)
    0x080002d2   0x080002d2   0x00000064   Code   RO         9773    .text               mf_w.l(fmul.o)
    0x08000336   0x08000336   0x0000007c   Code   RO         9775    .text               mf_w.l(fdiv.o)
    0x080003b2   0x080003b2   0x0000014e   Code   RO         9777    .text               mf_w.l(dadd.o)
    0x08000500   0x08000500   0x000000e4   Code   RO         9779    .text               mf_w.l(dmul.o)
    0x080005e4   0x080005e4   0x00000022   Code   RO         9781    .text               mf_w.l(dflti.o)
    0x08000606   0x08000606   0x00000028   Code   RO         9783    .text               mf_w.l(ffixui.o)
    0x0800062e   0x0800062e   0x0000003e   Code   RO         9785    .text               mf_w.l(dfixi.o)
    0x0800066c   0x0800066c   0x00000030   Code   RO         9791    .text               mf_w.l(cdrcmple.o)
    0x0800069c   0x0800069c   0x0000002c   Code   RO         9839    .text               mc_w.l(uidiv.o)
    0x080006c8   0x080006c8   0x00000062   Code   RO         9841    .text               mc_w.l(uldiv.o)
    0x0800072a   0x0800072a   0x0000001e   Code   RO         9843    .text               mc_w.l(llshl.o)
    0x08000748   0x08000748   0x00000020   Code   RO         9845    .text               mc_w.l(llushr.o)
    0x08000768   0x08000768   0x00000024   Code   RO         9847    .text               mc_w.l(llsshr.o)
    0x0800078c   0x0800078c   0x00000070   Code   RO         9858    .text               mc_w.l(strtol.o)
    0x080007fc   0x080007fc   0x00000000   Code   RO         9860    .text               mc_w.l(iusefp.o)
    0x080007fc   0x080007fc   0x0000006e   Code   RO         9861    .text               mf_w.l(fepilogue.o)
    0x0800086a   0x0800086a   0x000000ba   Code   RO         9863    .text               mf_w.l(depilogue.o)
    0x08000924   0x08000924   0x000000de   Code   RO         9865    .text               mf_w.l(ddiv.o)
    0x08000a02   0x08000a02   0x0000002e   Code   RO         9867    .text               mf_w.l(dscalb.o)
    0x08000a30   0x08000a30   0x00000030   Code   RO         9869    .text               mf_w.l(dfixul.o)
    0x08000a60   0x08000a60   0x00000024   Code   RO         9871    .text               mc_w.l(init.o)
    0x08000a84   0x08000a84   0x00000008   Code   RO         9874    .text               mc_w.l(ctype_o.o)
    0x08000a8c   0x08000a8c   0x0000009e   Code   RO         9902    .text               mc_w.l(_strtoul.o)
    0x08000b2a   0x08000b2a   0x000000a2   Code   RO         9905    .text               mf_w.l(dsqrt.o)
    0x08000bcc   0x08000bcc   0x0000001c   Code   RO         9907    .text               mc_w.l(_chval.o)
    0x08000be8   0x08000be8   0x00000018   Code   RO          202    i.ADC_Cmd           stm32f10x_adc.o
    0x08000c00   0x08000c00   0x00000018   Code   RO          203    i.ADC_DMACmd        stm32f10x_adc.o
    0x08000c18   0x08000c18   0x0000000e   Code   RO          210    i.ADC_GetCalibrationStatus  stm32f10x_adc.o
    0x08000c26   0x08000c26   0x0000000e   Code   RO          216    i.ADC_GetResetCalibrationStatus  stm32f10x_adc.o
    0x08000c34   0x08000c34   0x00000048   Code   RO          220    i.ADC_Init          stm32f10x_adc.o
    0x08000c7c   0x08000c7c   0x00000074   Code   RO          224    i.ADC_RegularChannelConfig  stm32f10x_adc.o
    0x08000cf0   0x08000cf0   0x0000000a   Code   RO          225    i.ADC_ResetCalibration  stm32f10x_adc.o
    0x08000cfa   0x08000cfa   0x00000018   Code   RO          227    i.ADC_SoftwareStartConvCmd  stm32f10x_adc.o
    0x08000d12   0x08000d12   0x0000000a   Code   RO          229    i.ADC_StartCalibration  stm32f10x_adc.o
    0x08000d1c   0x08000d1c   0x00000128   Code   RO         3289    i.AD_Init           ad.o
    0x08000e44   0x08000e44   0x00000002   Code   RO         4005    i.BusFault_Handler  stm32f10x_it.o
    0x08000e46   0x08000e46   0x00000002   PAD
    0x08000e48   0x08000e48   0x00000034   Code   RO         3407    i.Buzzer_Init       buzzer.o
    0x08000e7c   0x08000e7c   0x0000001c   Code   RO         3408    i.Buzzer_OFF        buzzer.o
    0x08000e98   0x08000e98   0x0000001c   Code   RO         3409    i.Buzzer_ON         buzzer.o
    0x08000eb4   0x08000eb4   0x0000003c   Code   RO         3410    i.Buzzer_Turn       buzzer.o
    0x08000ef0   0x08000ef0   0x000000a0   Code   RO         3642    i.Control_Execute   autocontrol.o
    0x08000f90   0x08000f90   0x0000003c   Code   RO         3643    i.Control_Init      autocontrol.o
    0x08000fcc   0x08000fcc   0x00000034   Code   RO         3443    i.DHT_GPIO_Init     dht11.o
    0x08001000   0x08001000   0x0000004c   Code   RO         3444    i.DHT_Get_Byte_Data  dht11.o
    0x0800104c   0x0800104c   0x00000044   Code   RO         3445    i.DHT_Get_Temp_Humi_Data  dht11.o
    0x08001090   0x08001090   0x0000005c   Code   RO         3446    i.DHT_Start         dht11.o
    0x080010ec   0x080010ec   0x0000001a   Code   RO          911    i.DMA_Cmd           stm32f10x_dma.o
    0x08001106   0x08001106   0x0000003a   Code   RO          917    i.DMA_Init          stm32f10x_dma.o
    0x08001140   0x08001140   0x00000002   Code   RO         4006    i.DebugMon_Handler  stm32f10x_it.o
    0x08001142   0x08001142   0x00000018   Code   RO         3196    i.Delay_ms          delay.o
    0x0800115a   0x0800115a   0x00000020   Code   RO         3198    i.Delay_us          delay.o
    0x0800117a   0x0800117a   0x00000002   PAD
    0x0800117c   0x0800117c   0x0000001c   Code   RO         4068    i.ESP8266_Clear     esp8266.o
    0x08001198   0x08001198   0x00000044   Code   RO         4069    i.ESP8266_GetIPD    esp8266.o
    0x080011dc   0x080011dc   0x00000220   Code   RO         4070    i.ESP8266_Init      esp8266.o
    0x080013fc   0x080013fc   0x0000004c   Code   RO         4071    i.ESP8266_SendCmd   esp8266.o
    0x08001448   0x08001448   0x00000048   Code   RO         4072    i.ESP8266_SendData  esp8266.o
    0x08001490   0x08001490   0x00000024   Code   RO         4073    i.ESP8266_WaitRecive  esp8266.o
    0x080014b4   0x080014b4   0x000000a6   Code   RO         1347    i.GPIO_Init         stm32f10x_gpio.o
    0x0800155a   0x0800155a   0x0000000e   Code   RO         1351    i.GPIO_ReadInputDataBit  stm32f10x_gpio.o
    0x08001568   0x08001568   0x00000004   Code   RO         1354    i.GPIO_ResetBits    stm32f10x_gpio.o
    0x0800156c   0x0800156c   0x00000004   Code   RO         1355    i.GPIO_SetBits      stm32f10x_gpio.o
    0x08001570   0x08001570   0x0000000c   Code   RO         1358    i.GPIO_WriteBit     stm32f10x_gpio.o
    0x0800157c   0x0800157c   0x00000002   Code   RO         4007    i.HardFault_Handler  stm32f10x_it.o
    0x0800157e   0x0800157e   0x00000002   PAD
    0x08001580   0x08001580   0x00000040   Code   RO         3716    i.IIC_Ack           sgp30i2c.o
    0x080015c0   0x080015c0   0x00000038   Code   RO         3717    i.IIC_Init          sgp30i2c.o
    0x080015f8   0x080015f8   0x00000040   Code   RO         3718    i.IIC_NAck          sgp30i2c.o
    0x08001638   0x08001638   0x0000006c   Code   RO         3719    i.IIC_Read_Byte     sgp30i2c.o
    0x080016a4   0x080016a4   0x00000070   Code   RO         3720    i.IIC_Send_Byte     sgp30i2c.o
    0x08001714   0x08001714   0x00000044   Code   RO         3721    i.IIC_Start         sgp30i2c.o
    0x08001758   0x08001758   0x00000044   Code   RO         3722    i.IIC_Stop          sgp30i2c.o
    0x0800179c   0x0800179c   0x00000060   Code   RO         3723    i.IIC_Wait_Ack      sgp30i2c.o
    0x080017fc   0x080017fc   0x0000013c   Code   RO         3567    i.Key_Execute       key.o
    0x08001938   0x08001938   0x000000e0   Code   RO         3568    i.Key_GetVlaues     key.o
    0x08001a18   0x08001a18   0x00000050   Code   RO         3569    i.Key_Init          key.o
    0x08001a68   0x08001a68   0x0000000c   Code   RO         3223    i.LED2_OFF          led.o
    0x08001a74   0x08001a74   0x0000000c   Code   RO         3224    i.LED2_ON           led.o
    0x08001a80   0x08001a80   0x0000002c   Code   RO         3225    i.LED2_Turn         led.o
    0x08001aac   0x08001aac   0x00000034   Code   RO         3226    i.LED_Init          led.o
    0x08001ae0   0x08001ae0   0x0000001c   Code   RO         4127    i.MQTT_DeleteBuffer  mqttkit.o
    0x08001afc   0x08001afc   0x00000024   Code   RO         4128    i.MQTT_DumpLength   mqttkit.o
    0x08001b20   0x08001b20   0x00000056   Code   RO         4129    i.MQTT_NewBuffer    mqttkit.o
    0x08001b76   0x08001b76   0x00000002   PAD
    0x08001b78   0x08001b78   0x00000264   Code   RO         4131    i.MQTT_PacketConnect  mqttkit.o
    0x08001ddc   0x08001ddc   0x00000180   Code   RO         4134    i.MQTT_PacketPublish  mqttkit.o
    0x08001f5c   0x08001f5c   0x00000046   Code   RO         4136    i.MQTT_PacketPublishComp  mqttkit.o
    0x08001fa2   0x08001fa2   0x00000046   Code   RO         4138    i.MQTT_PacketPublishRel  mqttkit.o
    0x08001fe8   0x08001fe8   0x000000de   Code   RO         4141    i.MQTT_PacketSubscribe  mqttkit.o
    0x080020c6   0x080020c6   0x0000003e   Code   RO         4143    i.MQTT_ReadLength   mqttkit.o
    0x08002104   0x08002104   0x00000082   Code   RO         4144    i.MQTT_UnPacketCmd  mqttkit.o
    0x08002186   0x08002186   0x0000001a   Code   RO         4145    i.MQTT_UnPacketConnectAck  mqttkit.o
    0x080021a0   0x080021a0   0x0000018c   Code   RO         4146    i.MQTT_UnPacketPublish  mqttkit.o
    0x0800232c   0x0800232c   0x0000001c   Code   RO         4147    i.MQTT_UnPacketPublishAck  mqttkit.o
    0x08002348   0x08002348   0x0000001c   Code   RO         4148    i.MQTT_UnPacketPublishComp  mqttkit.o
    0x08002364   0x08002364   0x0000001c   Code   RO         4149    i.MQTT_UnPacketPublishRec  mqttkit.o
    0x08002380   0x08002380   0x00000022   Code   RO         4150    i.MQTT_UnPacketPublishRel  mqttkit.o
    0x080023a2   0x080023a2   0x00000002   PAD
    0x080023a4   0x080023a4   0x00000068   Code   RO         4151    i.MQTT_UnPacketRecv  mqttkit.o
    0x0800240c   0x0800240c   0x0000002c   Code   RO         4152    i.MQTT_UnPacketSubscribe  mqttkit.o
    0x08002438   0x08002438   0x00000014   Code   RO         4153    i.MQTT_UnPacketUnSubscribe  mqttkit.o
    0x0800244c   0x0800244c   0x00000002   Code   RO         4008    i.MemManage_Handler  stm32f10x_it.o
    0x0800244e   0x0800244e   0x00000002   Code   RO         4009    i.NMI_Handler       stm32f10x_it.o
    0x08002450   0x08002450   0x00000064   Code   RO          137    i.NVIC_Init         misc.o
    0x080024b4   0x080024b4   0x00000014   Code   RO          138    i.NVIC_PriorityGroupConfig  misc.o
    0x080024c8   0x080024c8   0x00000050   Code   RO         3782    i.OLED_I2C_Init     oled.o
    0x08002518   0x08002518   0x0000021c   Code   RO         4311    i.OneNet_DevLink    onenet.o
    0x08002734   0x08002734   0x00000078   Code   RO         4312    i.OneNet_Publish    onenet.o
    0x080027ac   0x080027ac   0x00000524   Code   RO         4313    i.OneNet_RevPro     onenet.o
    0x08002cd0   0x08002cd0   0x00000070   Code   RO         4314    i.OneNet_Subscribe  onenet.o
    0x08002d40   0x08002d40   0x000000a0   Code   RO         3271    i.PWM_Init          pwm.o
    0x08002de0   0x08002de0   0x0000000a   Code   RO         3272    i.PWM_SetCompare2   pwm.o
    0x08002dea   0x08002dea   0x00000002   Code   RO         4010    i.PendSV_Handler    stm32f10x_it.o
    0x08002dec   0x08002dec   0x00000014   Code   RO         1773    i.RCC_ADCCLKConfig  stm32f10x_rcc.o
    0x08002e00   0x08002e00   0x0000001c   Code   RO         1774    i.RCC_AHBPeriphClockCmd  stm32f10x_rcc.o
    0x08002e1c   0x08002e1c   0x0000001c   Code   RO         1775    i.RCC_APB1PeriphClockCmd  stm32f10x_rcc.o
    0x08002e38   0x08002e38   0x0000001c   Code   RO         1777    i.RCC_APB2PeriphClockCmd  stm32f10x_rcc.o
    0x08002e54   0x08002e54   0x000000ac   Code   RO         1785    i.RCC_GetClocksFreq  stm32f10x_rcc.o
    0x08002f00   0x08002f00   0x00000024   Code   RO         3724    i.SDA_IN            sgp30i2c.o
    0x08002f24   0x08002f24   0x00000024   Code   RO         3725    i.SDA_OUT           sgp30i2c.o
    0x08002f48   0x08002f48   0x00000012   Code   RO         3674    i.SGP30_Init        sgp30.o
    0x08002f5a   0x08002f5a   0x00000042   Code   RO         3675    i.SGP30_ad_read     sgp30.o
    0x08002f9c   0x08002f9c   0x00000036   Code   RO         3676    i.SGP30_ad_write    sgp30.o
    0x08002fd2   0x08002fd2   0x00000002   PAD
    0x08002fd4   0x08002fd4   0x00000020   Code   RO         3677    i.SGP30_getValue    sgp30.o
    0x08002ff4   0x08002ff4   0x00000002   Code   RO         4011    i.SVC_Handler       stm32f10x_it.o
    0x08002ff6   0x08002ff6   0x0000000e   Code   RO         3310    i.Servo_Init        servo.o
    0x08003004   0x08003004   0x00000014   Code   RO         3311    i.Servo_Turn        servo.o
    0x08003018   0x08003018   0x00000018   Code   RO         3312    i.Servo_close       servo.o
    0x08003030   0x08003030   0x00000014   Code   RO         3313    i.Servo_open        servo.o
    0x08003044   0x08003044   0x00000030   Code   RO         3314    i.Servo_setAngle    servo.o
    0x08003074   0x08003074   0x00000004   Code   RO           24    i.SetSysClock       system_stm32f10x.o
    0x08003078   0x08003078   0x000000b0   Code   RO           25    i.SetSysClockTo72   system_stm32f10x.o
    0x08003128   0x08003128   0x00000002   Code   RO         4012    i.SysTick_Handler   stm32f10x_it.o
    0x0800312a   0x0800312a   0x00000002   PAD
    0x0800312c   0x0800312c   0x00000050   Code   RO           27    i.SystemInit        system_stm32f10x.o
    0x0800317c   0x0800317c   0x0000006c   Code   RO         3530    i.TIM3_IRQHandler   timer.o
    0x080031e8   0x080031e8   0x00000040   Code   RO         3570    i.TIM4_IRQHandler   key.o
    0x08003228   0x08003228   0x00000006   Code   RO         2415    i.TIM_ClearFlag     stm32f10x_tim.o
    0x0800322e   0x0800322e   0x00000006   Code   RO         2416    i.TIM_ClearITPendingBit  stm32f10x_tim.o
    0x08003234   0x08003234   0x00000018   Code   RO         2421    i.TIM_Cmd           stm32f10x_tim.o
    0x0800324c   0x0800324c   0x00000018   Code   RO         2442    i.TIM_GetITStatus   stm32f10x_tim.o
    0x08003264   0x08003264   0x00000014   Code   RO         2446    i.TIM_ITConfig      stm32f10x_tim.o
    0x08003278   0x08003278   0x0000000a   Code   RO         2448    i.TIM_InternalClockConfig  stm32f10x_tim.o
    0x08003282   0x08003282   0x00000002   PAD
    0x08003284   0x08003284   0x00000088   Code   RO         2455    i.TIM_OC2Init       stm32f10x_tim.o
    0x0800330c   0x0800330c   0x00000014   Code   RO         2468    i.TIM_OCStructInit  stm32f10x_tim.o
    0x08003320   0x08003320   0x00000004   Code   RO         2483    i.TIM_SetCompare2   stm32f10x_tim.o
    0x08003324   0x08003324   0x0000009c   Code   RO         2492    i.TIM_TimeBaseInit  stm32f10x_tim.o
    0x080033c0   0x080033c0   0x000000cc   Code   RO         3531    i.Timer_Init        timer.o
    0x0800348c   0x0800348c   0x00000024   Code   RO         3355    i.USART1_IRQHandler  usart.o
    0x080034b0   0x080034b0   0x00000048   Code   RO         4074    i.USART2_IRQHandler  esp8266.o
    0x080034f8   0x080034f8   0x00000008   Code   RO         2956    i.USART_ClearFlag   stm32f10x_usart.o
    0x08003500   0x08003500   0x00000018   Code   RO         2960    i.USART_Cmd         stm32f10x_usart.o
    0x08003518   0x08003518   0x0000000e   Code   RO         2963    i.USART_GetFlagStatus  stm32f10x_usart.o
    0x08003526   0x08003526   0x00000040   Code   RO         2964    i.USART_GetITStatus  stm32f10x_usart.o
    0x08003566   0x08003566   0x00000036   Code   RO         2966    i.USART_ITConfig    stm32f10x_usart.o
    0x0800359c   0x0800359c   0x000000bc   Code   RO         2967    i.USART_Init        stm32f10x_usart.o
    0x08003658   0x08003658   0x00000008   Code   RO         2977    i.USART_SendData    stm32f10x_usart.o
    0x08003660   0x08003660   0x00000002   Code   RO         4013    i.UsageFault_Handler  stm32f10x_it.o
    0x08003662   0x08003662   0x00000002   PAD
    0x08003664   0x08003664   0x000000ac   Code   RO         3356    i.Usart1_Init       usart.o
    0x08003710   0x08003710   0x000000a8   Code   RO         3357    i.Usart2_Init       usart.o
    0x080037b8   0x080037b8   0x00000040   Code   RO         3358    i.UsartPrintf       usart.o
    0x080037f8   0x080037f8   0x00000030   Code   RO         3359    i.Usart_SendString  usart.o
    0x08003828   0x08003828   0x00000028   Code   RO         9715    i.__0sprintf        mc_w.l(printfa.o)
    0x08003850   0x08003850   0x00000034   Code   RO         9718    i.__0vsnprintf      mc_w.l(printfa.o)
    0x08003884   0x08003884   0x00000028   Code   RO         9807    i.__ARM_fpclassify  m_ws.l(fpclassify.o)
    0x080038ac   0x080038ac   0x00000008   Code   RO         9851    i.__aeabi_errno_addr  mc_w.l(errno.o)
    0x080038b4   0x080038b4   0x000000aa   Code   RO         9809    i.__kernel_poly     m_ws.l(poly.o)
    0x0800395e   0x0800395e   0x00000002   PAD
    0x08003960   0x08003960   0x00000010   Code   RO         9793    i.__mathlib_dbl_divzero  m_ws.l(dunder.o)
    0x08003970   0x08003970   0x00000004   Code   RO         9795    i.__mathlib_dbl_infnan2  m_ws.l(dunder.o)
    0x08003974   0x08003974   0x0000000c   Code   RO         9796    i.__mathlib_dbl_invalid  m_ws.l(dunder.o)
    0x08003980   0x08003980   0x0000000e   Code   RO         9797    i.__mathlib_dbl_overflow  m_ws.l(dunder.o)
    0x0800398e   0x0800398e   0x00000002   PAD
    0x08003990   0x08003990   0x00000010   Code   RO         9799    i.__mathlib_dbl_underflow  m_ws.l(dunder.o)
    0x080039a0   0x080039a0   0x0000000e   Code   RO         9911    i.__scatterload_copy  mc_w.l(handlers.o)
    0x080039ae   0x080039ae   0x00000002   Code   RO         9912    i.__scatterload_null  mc_w.l(handlers.o)
    0x080039b0   0x080039b0   0x0000000e   Code   RO         9913    i.__scatterload_zeroinit  mc_w.l(handlers.o)
    0x080039be   0x080039be   0x00000002   PAD
    0x080039c0   0x080039c0   0x0000000c   Code   RO         9853    i.__set_errno       mc_w.l(errno.o)
    0x080039cc   0x080039cc   0x00000184   Code   RO         9720    i._fp_digits        mc_w.l(printfa.o)
    0x08003b50   0x08003b50   0x000006b4   Code   RO         9721    i._printf_core      mc_w.l(printfa.o)
    0x08004204   0x08004204   0x00000024   Code   RO         9722    i._printf_post_padding  mc_w.l(printfa.o)
    0x08004228   0x08004228   0x0000002e   Code   RO         9723    i._printf_pre_padding  mc_w.l(printfa.o)
    0x08004256   0x08004256   0x00000016   Code   RO         9724    i._snputc           mc_w.l(printfa.o)
    0x0800426c   0x0800426c   0x0000000a   Code   RO         9725    i._sputc            mc_w.l(printfa.o)
    0x08004276   0x08004276   0x00000002   PAD
    0x08004278   0x08004278   0x00000020   Code   RO         3783    i.about_proc        oled.o
    0x08004298   0x08004298   0x0000008c   Code   RO         3784    i.about_ui_show     oled.o
    0x08004324   0x08004324   0x00000048   Code   RO         4382    i.cJSON_Delete      cjson.o
    0x0800436c   0x0800436c   0x0000000c   Code   RO         4390    i.cJSON_GetErrorPtr  cjson.o
    0x08004378   0x08004378   0x0000001c   Code   RO         4391    i.cJSON_GetObjectItem  cjson.o
    0x08004394   0x08004394   0x00000020   Code   RO         4395    i.cJSON_New_Item    cjson.o
    0x080043b4   0x080043b4   0x00000008   Code   RO         4396    i.cJSON_Parse       cjson.o
    0x080043bc   0x080043bc   0x00000064   Code   RO         4397    i.cJSON_ParseWithOpts  cjson.o
    0x08004420   0x08004420   0x0000004c   Code   RO         4403    i.cJSON_strcasecmp  cjson.o
    0x0800446c   0x0800446c   0x0000003c   Code   RO         3785    i.chart_proc        oled.o
    0x080044a8   0x080044a8   0x00000140   Code   RO         3786    i.chart_ui_show     oled.o
    0x080045e8   0x080045e8   0x00000090   Code   RO         3787    i.disappear         oled.o
    0x08004678   0x08004678   0x00000050   Code   RO         9741    i.free              mc_w.l(malloc.o)
    0x080046c8   0x080046c8   0x00000008   Code   RO         8610    i.i2c_clear_scl     u8x8_byte.o
    0x080046d0   0x080046d0   0x00000008   Code   RO         8611    i.i2c_clear_sda     u8x8_byte.o
    0x080046d8   0x080046d8   0x0000000a   Code   RO         8612    i.i2c_delay         u8x8_byte.o
    0x080046e2   0x080046e2   0x00000022   Code   RO         8613    i.i2c_init          u8x8_byte.o
    0x08004704   0x08004704   0x0000002c   Code   RO         8614    i.i2c_read_bit      u8x8_byte.o
    0x08004730   0x08004730   0x00000018   Code   RO         8615    i.i2c_read_scl_and_delay  u8x8_byte.o
    0x08004748   0x08004748   0x00000008   Code   RO         8616    i.i2c_read_sda      u8x8_byte.o
    0x08004750   0x08004750   0x0000003e   Code   RO         8617    i.i2c_start         u8x8_byte.o
    0x0800478e   0x0800478e   0x0000002a   Code   RO         8618    i.i2c_stop          u8x8_byte.o
    0x080047b8   0x080047b8   0x0000002c   Code   RO         8619    i.i2c_write_bit     u8x8_byte.o
    0x080047e4   0x080047e4   0x00000060   Code   RO         8620    i.i2c_write_byte    u8x8_byte.o
    0x08004844   0x08004844   0x000000f0   Code   RO         3788    i.icon_proc         oled.o
    0x08004934   0x08004934   0x00000118   Code   RO         3789    i.icon_ui_show      oled.o
    0x08004a4c   0x08004a4c   0x00000020   Code   RO         3790    i.logo_proc         oled.o
    0x08004a6c   0x08004a6c   0x00000020   Code   RO         3791    i.logo_ui_show      oled.o
    0x08004a8c   0x08004a8c   0x00000230   Code   RO         3957    i.main              main.o
    0x08004cbc   0x08004cbc   0x0000006c   Code   RO         9742    i.malloc            mc_w.l(malloc.o)
    0x08004d28   0x08004d28   0x0000003a   Code   RO         3792    i.move              oled.o
    0x08004d62   0x08004d62   0x00000002   PAD
    0x08004d64   0x08004d64   0x00000070   Code   RO         3793    i.move_bar          oled.o
    0x08004dd4   0x08004dd4   0x0000003a   Code   RO         3794    i.move_icon         oled.o
    0x08004e0e   0x08004e0e   0x00000002   PAD
    0x08004e10   0x08004e10   0x0000014c   Code   RO         3795    i.move_width        oled.o
    0x08004f5c   0x08004f5c   0x0000009c   Code   RO         4407    i.parse_array       cjson.o
    0x08004ff8   0x08004ff8   0x000000be   Code   RO         4408    i.parse_hex4        cjson.o
    0x080050b6   0x080050b6   0x00000002   PAD
    0x080050b8   0x080050b8   0x00000180   Code   RO         4409    i.parse_number      cjson.o
    0x08005238   0x08005238   0x000000f0   Code   RO         4410    i.parse_object      cjson.o
    0x08005328   0x08005328   0x0000017c   Code   RO         4411    i.parse_string      cjson.o
    0x080054a4   0x080054a4   0x000000bc   Code   RO         4412    i.parse_value       cjson.o
    0x08005560   0x08005560   0x000000ec   Code   RO         3796    i.pid_edit_proc     oled.o
    0x0800564c   0x0800564c   0x000001cc   Code   RO         3797    i.pid_edit_ui_show  oled.o
    0x08005818   0x08005818   0x000000dc   Code   RO         3798    i.pid_proc          oled.o
    0x080058f4   0x080058f4   0x000000e8   Code   RO         3799    i.pid_ui_show       oled.o
    0x080059dc   0x080059dc   0x000009d8   Code   RO         9448    i.pow               m_ws.l(pow.o)
    0x080063b4   0x080063b4   0x00000010   Code   RO         3479    i.relay1_OFF        relay.o
    0x080063c4   0x080063c4   0x00000010   Code   RO         3480    i.relay1_ON         relay.o
    0x080063d4   0x080063d4   0x00000030   Code   RO         3481    i.relay1_Turn       relay.o
    0x08006404   0x08006404   0x00000010   Code   RO         3482    i.relay2_OFF        relay.o
    0x08006414   0x08006414   0x00000010   Code   RO         3483    i.relay2_ON         relay.o
    0x08006424   0x08006424   0x00000030   Code   RO         3484    i.relay2_Turn       relay.o
    0x08006454   0x08006454   0x00000038   Code   RO         3485    i.relay_Init        relay.o
    0x0800648c   0x0800648c   0x000000f4   Code   RO         3800    i.select_proc       oled.o
    0x08006580   0x08006580   0x000000ec   Code   RO         3801    i.select_ui_show    oled.o
    0x0800666c   0x0800666c   0x00000014   Code   RO         4420    i.skip              cjson.o
    0x08006680   0x08006680   0x0000004c   Code   RO         9813    i.sqrt              m_ws.l(sqrt.o)
    0x080066cc   0x080066cc   0x000000d0   Code   RO         3802    i.u8g2Init          oled.o
    0x0800679c   0x0800679c   0x00000012   Code   RO         5422    i.u8g2_ClearBuffer  u8g2_buffer.o
    0x080067ae   0x080067ae   0x0000004a   Code   RO         5392    i.u8g2_DrawBox      u8g2_box.o
    0x080067f8   0x080067f8   0x00000040   Code   RO         5523    i.u8g2_DrawDisc     u8g2_circle.o
    0x08006838   0x08006838   0x00000060   Code   RO         5631    i.u8g2_DrawGlyph    u8g2_font.o
    0x08006898   0x08006898   0x000000ae   Code   RO         7913    i.u8g2_DrawHVLine   u8g2_hvline.o
    0x08006946   0x08006946   0x000000a0   Code   RO         5346    i.u8g2_DrawHXBMP    u8g2_bitmap.o
    0x080069e6   0x080069e6   0x0000002e   Code   RO         7914    i.u8g2_DrawPixel    u8g2_hvline.o
    0x08006a14   0x08006a14   0x000000ee   Code   RO         5394    i.u8g2_DrawRBox     u8g2_box.o
    0x08006b02   0x08006b02   0x00000002   PAD
    0x08006b04   0x08006b04   0x00000010   Code   RO         5633    i.u8g2_DrawStr      u8g2_font.o
    0x08006b14   0x08006b14   0x0000000c   Code   RO         7915    i.u8g2_DrawVLine    u8g2_hvline.o
    0x08006b20   0x08006b20   0x00000054   Code   RO         5349    i.u8g2_DrawXBMP     u8g2_bitmap.o
    0x08006b74   0x08006b74   0x0000003e   Code   RO         5644    i.u8g2_GetGlyphWidth  u8g2_font.o
    0x08006bb2   0x08006bb2   0x00000002   PAD
    0x08006bb4   0x08006bb4   0x0000000c   Code   RO         5645    i.u8g2_GetStrWidth  u8g2_font.o
    0x08006bc0   0x08006bc0   0x0000002e   Code   RO         7974    i.u8g2_IsIntersection  u8g2_intersection.o
    0x08006bee   0x08006bee   0x00000014   Code   RO         5425    i.u8g2_SendBuffer   u8g2_buffer.o
    0x08006c02   0x08006c02   0x00000018   Code   RO         8187    i.u8g2_SetClipWindow  u8g2_setup.o
    0x08006c1a   0x08006c1a   0x00000010   Code   RO         7916    i.u8g2_SetDrawColor  u8g2_hvline.o
    0x08006c2a   0x08006c2a   0x00000020   Code   RO         5650    i.u8g2_SetFont      u8g2_font.o
    0x08006c4a   0x08006c4a   0x00000002   PAD
    0x08006c4c   0x08006c4c   0x0000000c   Code   RO         5653    i.u8g2_SetFontPosBaseline  u8g2_font.o
    0x08006c58   0x08006c58   0x00000018   Code   RO         8189    i.u8g2_SetMaxClipWindow  u8g2_setup.o
    0x08006c70   0x08006c70   0x00000046   Code   RO         8190    i.u8g2_SetupBuffer  u8g2_setup.o
    0x08006cb6   0x08006cb6   0x00000002   PAD
    0x08006cb8   0x08006cb8   0x00000038   Code   RO         5617    i.u8g2_Setup_ssd1306_i2c_128x64_noname_f  u8g2_d_setup.o
    0x08006cf0   0x08006cf0   0x00000056   Code   RO         5660    i.u8g2_UpdateRefHeight  u8g2_font.o
    0x08006d46   0x08006d46   0x00000024   Code   RO         5661    i.u8g2_add_vector_x  u8g2_font.o
    0x08006d6a   0x08006d6a   0x00000024   Code   RO         5662    i.u8g2_add_vector_y  u8g2_font.o
    0x08006d8e   0x08006d8e   0x0000006a   Code   RO         8192    i.u8g2_apply_clip_window  u8g2_setup.o
    0x08006df8   0x08006df8   0x00000040   Code   RO         7917    i.u8g2_clip_intersection2  u8g2_hvline.o
    0x08006e38   0x08006e38   0x00000070   Code   RO         5528    i.u8g2_draw_disc    u8g2_circle.o
    0x08006ea8   0x08006ea8   0x000000ca   Code   RO         5529    i.u8g2_draw_disc_section  u8g2_circle.o
    0x08006f72   0x08006f72   0x00000012   Code   RO         7918    i.u8g2_draw_hv_line_2dir  u8g2_hvline.o
    0x08006f84   0x08006f84   0x0000000c   Code   RO         8194    i.u8g2_draw_l90_r0  u8g2_setup.o
    0x08006f90   0x08006f90   0x00000072   Code   RO         5663    i.u8g2_draw_string  u8g2_font.o
    0x08007002   0x08007002   0x00000004   Code   RO         5670    i.u8g2_font_calc_vref_font  u8g2_font.o
    0x08007006   0x08007006   0x00000016   Code   RO         5672    i.u8g2_font_decode_get_signed_bits  u8g2_font.o
    0x0800701c   0x0800701c   0x00000034   Code   RO         5673    i.u8g2_font_decode_get_unsigned_bits  u8g2_font.o
    0x08007050   0x08007050   0x00000138   Code   RO         5674    i.u8g2_font_decode_glyph  u8g2_font.o
    0x08007188   0x08007188   0x0000009c   Code   RO         5675    i.u8g2_font_decode_len  u8g2_font.o
    0x08007224   0x08007224   0x00000026   Code   RO         5676    i.u8g2_font_draw_glyph  u8g2_font.o
    0x0800724a   0x0800724a   0x00000006   Code   RO         5677    i.u8g2_font_get_byte  u8g2_font.o
    0x08007250   0x08007250   0x00000078   Code   RO         5678    i.u8g2_font_get_glyph_data  u8g2_font.o
    0x080072c8   0x080072c8   0x00000014   Code   RO         5679    i.u8g2_font_get_word  u8g2_font.o
    0x080072dc   0x080072dc   0x00000034   Code   RO         5680    i.u8g2_font_setup_decode  u8g2_font.o
    0x08007310   0x08007310   0x00000070   Code   RO         3803    i.u8g2_gpio_and_delay_stm32  oled.o
    0x08007380   0x08007380   0x0000002c   Code   RO         7975    i.u8g2_is_intersection_decision_tree  u8g2_intersection.o
    0x080073ac   0x080073ac   0x00000090   Code   RO         8023    i.u8g2_ll_hvline_vertical_top_lsb  u8g2_ll_hvline.o
    0x0800743c   0x0800743c   0x0000000c   Code   RO         5604    i.u8g2_m_16_8_f     u8g2_d_memory.o
    0x08007448   0x08007448   0x000000d0   Code   RO         5682    i.u8g2_read_font_info  u8g2_font.o
    0x08007518   0x08007518   0x00000034   Code   RO         5433    i.u8g2_send_buffer  u8g2_buffer.o
    0x0800754c   0x0800754c   0x00000020   Code   RO         5434    i.u8g2_send_tile_row  u8g2_buffer.o
    0x0800756c   0x0800756c   0x00000076   Code   RO         5683    i.u8g2_string_width  u8g2_font.o
    0x080075e2   0x080075e2   0x00000046   Code   RO         8199    i.u8g2_update_dimension_common  u8g2_setup.o
    0x08007628   0x08007628   0x00000004   Code   RO         8200    i.u8g2_update_dimension_r0  u8g2_setup.o
    0x0800762c   0x0800762c   0x00000018   Code   RO         8204    i.u8g2_update_page_win_r0  u8g2_setup.o
    0x08007644   0x08007644   0x0000001e   Code   RO         9023    i.u8x8_DrawTile     u8x8_display.o
    0x08007662   0x08007662   0x00000010   Code   RO         9025    i.u8x8_InitDisplay  u8x8_display.o
    0x08007672   0x08007672   0x00000010   Code   RO         9027    i.u8x8_RefreshDisplay  u8x8_display.o
    0x08007682   0x08007682   0x00000010   Code   RO         9030    i.u8x8_SetPowerSave  u8x8_display.o
    0x08007692   0x08007692   0x00000024   Code   RO         9329    i.u8x8_Setup        u8x8_setup.o
    0x080076b6   0x080076b6   0x00000002   PAD
    0x080076b8   0x080076b8   0x00000028   Code   RO         9330    i.u8x8_SetupDefaults  u8x8_setup.o
    0x080076e0   0x080076e0   0x00000010   Code   RO         9031    i.u8x8_SetupMemory  u8x8_display.o
    0x080076f0   0x080076f0   0x00000010   Code   RO         8490    i.u8x8_ascii_next   u8x8_8x8.o
    0x08007700   0x08007700   0x00000010   Code   RO         8625    i.u8x8_byte_EndTransfer  u8x8_byte.o
    0x08007710   0x08007710   0x0000000c   Code   RO         8626    i.u8x8_byte_SendByte  u8x8_byte.o
    0x0800771c   0x0800771c   0x00000010   Code   RO         8627    i.u8x8_byte_SendBytes  u8x8_byte.o
    0x0800772c   0x0800772c   0x00000010   Code   RO         8629    i.u8x8_byte_StartTransfer  u8x8_byte.o
    0x0800773c   0x0800773c   0x0000005c   Code   RO         8634    i.u8x8_byte_sw_i2c  u8x8_byte.o
    0x08007798   0x08007798   0x00000010   Code   RO         8761    i.u8x8_cad_EndTransfer  u8x8_cad.o
    0x080077a8   0x080077a8   0x00000010   Code   RO         8762    i.u8x8_cad_SendArg  u8x8_cad.o
    0x080077b8   0x080077b8   0x00000010   Code   RO         8763    i.u8x8_cad_SendCmd  u8x8_cad.o
    0x080077c8   0x080077c8   0x00000010   Code   RO         8764    i.u8x8_cad_SendData  u8x8_cad.o
    0x080077d8   0x080077d8   0x00000064   Code   RO         8766    i.u8x8_cad_SendSequence  u8x8_cad.o
    0x0800783c   0x0800783c   0x00000010   Code   RO         8767    i.u8x8_cad_StartTransfer  u8x8_cad.o
    0x0800784c   0x0800784c   0x000000c8   Code   RO         8770    i.u8x8_cad_ssd13xx_fast_i2c  u8x8_cad.o
    0x08007914   0x08007914   0x00000062   Code   RO         9032    i.u8x8_d_helper_display_init  u8x8_display.o
    0x08007976   0x08007976   0x0000000a   Code   RO         9033    i.u8x8_d_helper_display_setup_memory  u8x8_display.o
    0x08007980   0x08007980   0x00000044   Code   RO         8947    i.u8x8_d_ssd1306_128x64_noname  u8x8_d_ssd1306_128x64_noname.o
    0x080079c4   0x080079c4   0x000000e0   Code   RO         8949    i.u8x8_d_ssd1306_sh1106_generic  u8x8_d_ssd1306_128x64_noname.o
    0x08007aa4   0x08007aa4   0x00000004   Code   RO         9332    i.u8x8_dummy_cb     u8x8_setup.o
    0x08007aa8   0x08007aa8   0x0000000c   Code   RO         9251    i.u8x8_gpio_call    u8x8_gpio.o
    0x08007ab4   0x08007ab4   0x0000002e   Code   RO         8778    i.u8x8_i2c_data_transfer  u8x8_cad.o
    0x08007ae2   0x08007ae2   0x00000008   Code   RO         8499    i.u8x8_utf8_init    u8x8_8x8.o
    0x08007aea   0x08007aea   0x00000002   PAD
    0x08007aec   0x08007aec   0x00000070   Code   RO         3804    i.ui_proc           oled.o
    0x08007b5c   0x08007b5c   0x00000978   Data   RO         3806    .constdata          oled.o
    0x080084d4   0x080084d4   0x00000008   Data   RO         3959    .constdata          main.o
    0x080084dc   0x080084dc   0x00000007   Data   RO         4423    .constdata          cjson.o
    0x080084e3   0x080084e3   0x000024af   Data   RO         7087    .constdata          u8g2_fonts.o
    0x0800a992   0x0800a992   0x00000002   PAD
    0x0800a994   0x0800a994   0x0000000c   Data   RO         8208    .constdata          u8g2_setup.o
    0x0800a9a0   0x0800a9a0   0x00000158   Data   RO         8951    .constdata          u8x8_d_ssd1306_128x64_noname.o
    0x0800aaf8   0x0800aaf8   0x00000088   Data   RO         9449    .constdata          m_ws.l(pow.o)
    0x0800ab80   0x0800ab80   0x00000008   Data   RO         9811    .constdata          m_ws.l(qnan.o)
    0x0800ab88   0x0800ab88   0x00000081   Data   RO         9875    .constdata          mc_w.l(ctype_o.o)
    0x0800ac09   0x0800ac09   0x00000003   PAD
    0x0800ac0c   0x0800ac0c   0x00000004   Data   RO         9876    .constdata          mc_w.l(ctype_o.o)
    0x0800ac10   0x0800ac10   0x000000b2   Data   RO         3807    .conststring        oled.o
    0x0800acc2   0x0800acc2   0x00000002   PAD
    0x0800acc4   0x0800acc4   0x000000c0   Data   RO         3960    .conststring        main.o
    0x0800ad84   0x0800ad84   0x00000020   Data   RO         9909    Region$$Table       anon$$obj.o


    Execution Region RW_IRAM1 (Exec base: 0x20000000, Load base: 0x0800ada4, Size: 0x00000cd8, Max: 0x00005000, ABSOLUTE)

    Exec Addr    Load Addr    Size         Type   Attr      Idx    E Section Name        Object

    0x20000000   0x0800ada4   0x00000014   Data   RW         1805    .data               stm32f10x_rcc.o
    0x20000014   0x0800adb8   0x00000008   Data   RW         3291    .data               ad.o
    0x2000001c   0x0800adc0   0x00000001   Data   RW         3315    .data               servo.o
    0x2000001d   0x0800adc1   0x00000001   Data   RW         3411    .data               buzzer.o
    0x2000001e   0x0800adc2   0x00000005   Data   RW         3447    .data               dht11.o
    0x20000023   0x0800adc7   0x00000001   PAD
    0x20000024   0x0800adc8   0x0000002c   Data   RW         3532    .data               timer.o
    0x20000050   0x0800adf4   0x00000008   Data   RW         3533    .data               timer.o
    0x20000058   0x0800adfc   0x00000002   Data   RW         3572    .data               key.o
    0x2000005a   0x0800adfe   0x00000001   Data   RW         3645    .data               autocontrol.o
    0x2000005b   0x0800adff   0x00000001   PAD
    0x2000005c   0x0800ae00   0x00000008   Data   RW         3678    .data               sgp30.o
    0x20000064   0x0800ae08   0x00000084   Data   RW         3808    .data               oled.o
    0x200000e8   0x0800ae8c   0x00000016   Data   RW         3966    .data               main.o
    0x200000fe   0x0800aea2   0x00000004   Data   RW         4076    .data               esp8266.o
    0x20000102   0x0800aea6   0x00000002   Data   RW         4315    .data               onenet.o
    0x20000104   0x0800aea8   0x0000000c   Data   RW         4424    .data               cjson.o
    0x20000110   0x0800aeb4   0x00000006   Data   RW         8780    .data               u8x8_cad.o
    0x20000116   0x0800aeba   0x00000002   PAD
    0x20000118   0x0800aebc   0x00000004   Data   RW         9849    .data               mc_w.l(mvars.o)
    0x2000011c   0x0800aec0   0x00000004   Data   RW         9850    .data               mc_w.l(mvars.o)
    0x20000120   0x0800aec4   0x00000004   Data   RW         9854    .data               mc_w.l(errno.o)
    0x20000124        -       0x0000003a   Zero   RW         3571    .bss                key.o
    0x2000015e   0x0800aec8   0x00000002   PAD
    0x20000160        -       0x00000040   Zero   RW         3644    .bss                autocontrol.o
    0x200001a0        -       0x000000b2   Zero   RW         3805    .bss                oled.o
    0x20000252        -       0x00000080   Zero   RW         4075    .bss                esp8266.o
    0x200002d2        -       0x00000400   Zero   RW         5605    .bss                u8g2_d_memory.o
    0x200006d2   0x0800aec8   0x00000006   PAD
    0x200006d8        -       0x00000200   Zero   RW            2    HEAP                startup_stm32f10x_md.o
    0x200008d8        -       0x00000400   Zero   RW            1    STACK               startup_stm32f10x_md.o


==============================================================================

Image component sizes


      Code (inc. data)   RO Data    RW Data    ZI Data      Debug   Object Name

       296         22          0          8          0       1240   ad.o
       220         14          0          1         64       2023   autocontrol.o
       168         30          0          1          0       2131   buzzer.o
      1886         86          7         12          0      13229   cjson.o
         0          0          0          0          0       4516   core_cm3.o
        56          0          0          0          0        938   delay.o
       288         16          0          5          0       2902   dht11.o
       896        348          0          4        128       5339   esp8266.o
       684        104          0          2         58       3935   key.o
       120         18          0          0          0       1752   led.o
       560        112        200         22          0       2513   main.o
       120         14          0          0          0     213847   misc.o
      2408         22          0          0          0      18608   mqttkit.o
         0          0          0          0          0     159266   mui_u8g2.o
      3980        664       2602        132        178     177171   oled.o
      2088        928          0          2          0       8063   onenet.o
       170          4          0          0          0       1085   pwm.o
       216         42          0          0          0       3175   relay.o
       126         30          0          1          0       2467   servo.o
       170          6          0          8          0       2370   sgp30.o
       708         48          0          0          0       5361   sgp30i2c.o
        36          8        236          0       1536        808   startup_stm32f10x_md.o
       308         10          0          0          0      18049   stm32f10x_adc.o
        84          0          0          0          0      12517   stm32f10x_dma.o
       200          0          0          0          0      12464   stm32f10x_gpio.o
        18          0          0          0          0       3750   stm32f10x_it.o
       276         42          0         20          0      14229   stm32f10x_rcc.o
       406         50          0          0          0      26635   stm32f10x_tim.o
       360          6          0          0          0      12263   stm32f10x_usart.o
       260         26          0          0          0      55025   system_stm32f10x.o
       312         16          0         52          0       2075   timer.o
       244          0          0          0          0       2057   u8g2_bitmap.o
       312          0          0          0          0       1815   u8g2_box.o
       122          0          0          0          0       2781   u8g2_buffer.o
       378          0          0          0          0       2404   u8g2_circle.o
        12          4          0          0       1024        828   u8g2_d_memory.o
        56         12          0          0          0       1057   u8g2_d_setup.o
      1610         14          0          0          0      15928   u8g2_font.o
         0          0       9391          0          0     145367   u8g2_fonts.o
       330          0          0          0          0       4277   u8g2_hvline.o
        90          0          0          0          0       1567   u8g2_intersection.o
       144          0          0          0          0       1426   u8g2_ll_hvline.o
       334          0         12          0          0     147456   u8g2_setup.o
        24          0          0          0          0       1027   u8x8_8x8.o
       532          0          0          0          0       8640   u8x8_byte.o
       426         12          0          6          0       8660   u8x8_cad.o
       292         12        344          0          0       3135   u8x8_d_ssd1306_128x64_noname.o
       202          0          0          0          0       4262   u8x8_display.o
        12          0          0          0          0        577   u8x8_gpio.o
        80          6          0          0          0       1818   u8x8_setup.o
       488         22          0          0          0       4665   usart.o

    ----------------------------------------------------------------------
     23144       2748      12828        280       2996    1149493   Object Totals
         0          0         32          0          0          0   (incl. Generated)
        36          0          4          4          8          0   (incl. Padding)

    ----------------------------------------------------------------------

      Code (inc. data)   RO Data    RW Data    ZI Data      Debug   Library Member Name

        62         10          0          0          0        340   dunder.o
        40          0          0          0          0         68   fpclassify.o
       170          0          0          0          0         96   poly.o
      2520        190        136          0          0        324   pow.o
         0          0          8          0          0          0   qnan.o
        76          0          0          0          0         84   sqrt.o
        28          0          0          0          0         68   _chval.o
       158          0          0          0          0         92   _strtoul.o
        26          0          0          0          0         80   atoi.o
         8          4        133          0          0         68   ctype_o.o
         0          0          0          0          0          0   entry.o
         0          0          0          0          0          0   entry10a.o
         0          0          0          0          0          0   entry11a.o
         4          0          0          0          0          0   entry12b.o
         8          4          0          0          0          0   entry2.o
         4          0          0          0          0          0   entry5.o
         0          0          0          0          0          0   entry7b.o
         0          0          0          0          0          0   entry8b.o
         8          4          0          0          0          0   entry9a.o
        20         10          0          4          0        136   errno.o
        30          0          0          0          0          0   handlers.o
        36          8          0          0          0         68   init.o
         0          0          0          0          0          0   iusefp.o
        30          0          0          0          0         68   llshl.o
        36          0          0          0          0         68   llsshr.o
        32          0          0          0          0         68   llushr.o
       188         20          0          0          0        160   malloc.o
        36          0          0          0          0         68   memcpya.o
        36          0          0          0          0        108   memseta.o
         0          0          0          8          0          0   mvars.o
      2310         92          0          0          0        680   printfa.o
        20          0          0          0          0         68   strchr.o
        14          0          0          0          0         68   strlen.o
        40          0          0          0          0         76   strncat.o
        30          0          0          0          0         80   strncmp.o
        36          0          0          0          0         80   strstr.o
       112          0          0          0          0         88   strtol.o
        12          0          0          0          0         68   tolower.o
        44          0          0          0          0         80   uidiv.o
        98          0          0          0          0         92   uldiv.o
        48          0          0          0          0         68   cdrcmple.o
       334          0          0          0          0        148   dadd.o
       222          0          0          0          0        100   ddiv.o
       186          0          0          0          0        176   depilogue.o
        62          0          0          0          0         80   dfixi.o
        48          0          0          0          0         68   dfixul.o
        34          0          0          0          0         76   dflti.o
       228          0          0          0          0         96   dmul.o
        46          0          0          0          0         80   dscalb.o
       162          0          0          0          0        100   dsqrt.o
       176          0          0          0          0        140   fadd.o
       124          0          0          0          0         88   fdiv.o
       110          0          0          0          0        168   fepilogue.o
        40          0          0          0          0         68   ffixui.o
       100          0          0          0          0         76   fmul.o

    ----------------------------------------------------------------------
      8200        342        280         12          0       4876   Library Totals
         8          0          3          0          0          0   (incl. Padding)

    ----------------------------------------------------------------------

      Code (inc. data)   RO Data    RW Data    ZI Data      Debug   Library Name

      2868        200        144          0          0        912   m_ws.l
      3404        142        133         12          0       2432   mc_w.l
      1920          0          0          0          0       1532   mf_w.l

    ----------------------------------------------------------------------
      8200        342        280         12          0       4876   Library Totals

    ----------------------------------------------------------------------

==============================================================================


      Code (inc. data)   RO Data    RW Data    ZI Data      Debug   

     31344       3090      13108        292       2996    1138193   Grand Totals
     31344       3090      13108        292       2996    1138193   ELF Image Totals
     31344       3090      13108        292          0          0   ROM Totals

==============================================================================

    Total RO  Size (Code + RO Data)                44452 (  43.41kB)
    Total RW  Size (RW Data + ZI Data)              3288 (   3.21kB)
    Total ROM Size (Code + RO Data + RW Data)      44744 (  43.70kB)

==============================================================================

