Component: ARM Compiler 5.06 update 7 (build 960) Tool: armlink [4d3601]

==============================================================================

Section Cross References

    startup_stm32f10x_md.o(RESET) refers to startup_stm32f10x_md.o(STACK) for __initial_sp
    startup_stm32f10x_md.o(RESET) refers to startup_stm32f10x_md.o(.text) for Reset_Handler
    startup_stm32f10x_md.o(RESET) refers to stm32f10x_it.o(i.NMI_Handler) for NMI_Handler
    startup_stm32f10x_md.o(RESET) refers to stm32f10x_it.o(i.HardFault_Handler) for HardFault_Handler
    startup_stm32f10x_md.o(RESET) refers to stm32f10x_it.o(i.MemManage_Handler) for MemManage_Handler
    startup_stm32f10x_md.o(RESET) refers to stm32f10x_it.o(i.BusFault_Handler) for BusFault_Handler
    startup_stm32f10x_md.o(RESET) refers to stm32f10x_it.o(i.UsageFault_Handler) for UsageFault_Handler
    startup_stm32f10x_md.o(RESET) refers to stm32f10x_it.o(i.SVC_Handler) for SVC_Handler
    startup_stm32f10x_md.o(RESET) refers to stm32f10x_it.o(i.DebugMon_Handler) for DebugMon_Handler
    startup_stm32f10x_md.o(RESET) refers to stm32f10x_it.o(i.PendSV_Handler) for PendSV_Handler
    startup_stm32f10x_md.o(RESET) refers to stm32f10x_it.o(i.SysTick_Handler) for SysTick_Handler
    startup_stm32f10x_md.o(RESET) refers to timer.o(i.TIM4_IRQHandler) for TIM4_IRQHandler
    startup_stm32f10x_md.o(RESET) refers to usart.o(i.USART1_IRQHandler) for USART1_IRQHandler
    startup_stm32f10x_md.o(RESET) refers to esp8266.o(i.USART3_IRQHandler) for USART3_IRQHandler
    startup_stm32f10x_md.o(.text) refers to system_stm32f10x.o(i.SystemInit) for SystemInit
    startup_stm32f10x_md.o(.text) refers to entry.o(.ARM.Collect$$$$00000000) for __main
    system_stm32f10x.o(i.SetSysClock) refers to system_stm32f10x.o(i.SetSysClockTo72) for SetSysClockTo72
    system_stm32f10x.o(i.SystemCoreClockUpdate) refers to system_stm32f10x.o(.data) for .data
    system_stm32f10x.o(i.SystemInit) refers to system_stm32f10x.o(i.SetSysClock) for SetSysClock
    stm32f10x_adc.o(i.ADC_DeInit) refers to stm32f10x_rcc.o(i.RCC_APB2PeriphResetCmd) for RCC_APB2PeriphResetCmd
    stm32f10x_bkp.o(i.BKP_DeInit) refers to stm32f10x_rcc.o(i.RCC_BackupResetCmd) for RCC_BackupResetCmd
    stm32f10x_can.o(i.CAN_DeInit) refers to stm32f10x_rcc.o(i.RCC_APB1PeriphResetCmd) for RCC_APB1PeriphResetCmd
    stm32f10x_can.o(i.CAN_GetITStatus) refers to stm32f10x_can.o(i.CheckITStatus) for CheckITStatus
    stm32f10x_cec.o(i.CEC_DeInit) refers to stm32f10x_rcc.o(i.RCC_APB1PeriphResetCmd) for RCC_APB1PeriphResetCmd
    stm32f10x_dac.o(i.DAC_DeInit) refers to stm32f10x_rcc.o(i.RCC_APB1PeriphResetCmd) for RCC_APB1PeriphResetCmd
    stm32f10x_flash.o(i.FLASH_EnableWriteProtection) refers to stm32f10x_flash.o(i.FLASH_WaitForLastOperation) for FLASH_WaitForLastOperation
    stm32f10x_flash.o(i.FLASH_EraseAllBank1Pages) refers to stm32f10x_flash.o(i.FLASH_WaitForLastBank1Operation) for FLASH_WaitForLastBank1Operation
    stm32f10x_flash.o(i.FLASH_EraseAllPages) refers to stm32f10x_flash.o(i.FLASH_WaitForLastOperation) for FLASH_WaitForLastOperation
    stm32f10x_flash.o(i.FLASH_EraseOptionBytes) refers to stm32f10x_flash.o(i.FLASH_GetReadOutProtectionStatus) for FLASH_GetReadOutProtectionStatus
    stm32f10x_flash.o(i.FLASH_EraseOptionBytes) refers to stm32f10x_flash.o(i.FLASH_WaitForLastOperation) for FLASH_WaitForLastOperation
    stm32f10x_flash.o(i.FLASH_ErasePage) refers to stm32f10x_flash.o(i.FLASH_WaitForLastOperation) for FLASH_WaitForLastOperation
    stm32f10x_flash.o(i.FLASH_ProgramHalfWord) refers to stm32f10x_flash.o(i.FLASH_WaitForLastOperation) for FLASH_WaitForLastOperation
    stm32f10x_flash.o(i.FLASH_ProgramOptionByteData) refers to stm32f10x_flash.o(i.FLASH_WaitForLastOperation) for FLASH_WaitForLastOperation
    stm32f10x_flash.o(i.FLASH_ProgramWord) refers to stm32f10x_flash.o(i.FLASH_WaitForLastOperation) for FLASH_WaitForLastOperation
    stm32f10x_flash.o(i.FLASH_ReadOutProtection) refers to stm32f10x_flash.o(i.FLASH_WaitForLastOperation) for FLASH_WaitForLastOperation
    stm32f10x_flash.o(i.FLASH_UserOptionByteConfig) refers to stm32f10x_flash.o(i.FLASH_WaitForLastOperation) for FLASH_WaitForLastOperation
    stm32f10x_flash.o(i.FLASH_WaitForLastBank1Operation) refers to stm32f10x_flash.o(i.FLASH_GetBank1Status) for FLASH_GetBank1Status
    stm32f10x_flash.o(i.FLASH_WaitForLastOperation) refers to stm32f10x_flash.o(i.FLASH_GetBank1Status) for FLASH_GetBank1Status
    stm32f10x_gpio.o(i.GPIO_AFIODeInit) refers to stm32f10x_rcc.o(i.RCC_APB2PeriphResetCmd) for RCC_APB2PeriphResetCmd
    stm32f10x_gpio.o(i.GPIO_DeInit) refers to stm32f10x_rcc.o(i.RCC_APB2PeriphResetCmd) for RCC_APB2PeriphResetCmd
    stm32f10x_i2c.o(i.I2C_DeInit) refers to stm32f10x_rcc.o(i.RCC_APB1PeriphResetCmd) for RCC_APB1PeriphResetCmd
    stm32f10x_i2c.o(i.I2C_Init) refers to stm32f10x_rcc.o(i.RCC_GetClocksFreq) for RCC_GetClocksFreq
[...]
    Removing stm32f10x_usart.o(i.USART_SetAddress), (16 bytes).
    Removing stm32f10x_usart.o(i.USART_SetGuardTime), (16 bytes).
    Removing stm32f10x_usart.o(i.USART_SetPrescaler), (16 bytes).
    Removing stm32f10x_usart.o(i.USART_SmartCardCmd), (24 bytes).
    Removing stm32f10x_usart.o(i.USART_SmartCardNACKCmd), (24 bytes).
    Removing stm32f10x_usart.o(i.USART_StructInit), (22 bytes).
    Removing stm32f10x_usart.o(i.USART_WakeUpConfig), (16 bytes).
    Removing stm32f10x_wwdg.o(i.WWDG_ClearFlag), (12 bytes).
    Removing stm32f10x_wwdg.o(i.WWDG_DeInit), (24 bytes).
    Removing stm32f10x_wwdg.o(i.WWDG_Enable), (16 bytes).
    Removing stm32f10x_wwdg.o(i.WWDG_EnableIT), (12 bytes).
    Removing stm32f10x_wwdg.o(i.WWDG_GetFlagStatus), (12 bytes).
    Removing stm32f10x_wwdg.o(i.WWDG_SetCounter), (16 bytes).
    Removing stm32f10x_wwdg.o(i.WWDG_SetPrescaler), (20 bytes).
    Removing stm32f10x_wwdg.o(i.WWDG_SetWindowValue), (32 bytes).
    Removing sys.o(i.sys_clock_set), (136 bytes).
    Removing sys.o(i.sys_gpio_pin_get), (14 bytes).
    Removing sys.o(i.sys_gpio_remap_set), (60 bytes).
    Removing sys.o(i.sys_intx_disable), (4 bytes).
    Removing sys.o(i.sys_intx_enable), (4 bytes).
    Removing sys.o(i.sys_msr_msp), (4 bytes).
    Removing sys.o(i.sys_nvic_ex_config), (148 bytes).
    Removing sys.o(i.sys_nvic_init), (78 bytes).
    Removing sys.o(i.sys_nvic_priority_group_config), (36 bytes).
    Removing sys.o(i.sys_nvic_set_vector_table), (16 bytes).
    Removing sys.o(i.sys_soft_reset), (16 bytes).
    Removing sys.o(i.sys_standby), (64 bytes).
    Removing sys.o(i.sys_stm32_clock_init), (96 bytes).
    Removing sys.o(i.sys_wfi_set), (4 bytes).
    Removing delay.o(i.Delay_s), (24 bytes).
    Removing usart.o(i.Usart2_Init), (168 bytes).
    Removing timer.o(i.TIM2_Int_Init), (108 bytes).
    Removing timer.o(i.TIM4_Int_Init), (112 bytes).
    Removing timer.o(.data), (8 bytes).
    Removing led.o(i.LED0_OFF), (12 bytes).
    Removing led.o(i.LED0_ON), (12 bytes).
    Removing beep.o(i.BEEP_Init), (52 bytes).
    Removing beep.o(i.BEEP_OFF), (16 bytes).
    Removing beep.o(i.BEEP_ON), (16 bytes).
    Removing beep.o(i.BEEP_Turn), (48 bytes).
    Removing ad.o(i.AD_Init), (240 bytes).
    Removing ad.o(.data), (6 bytes).
    Removing ad.o(.data), (2 bytes).
    Removing lcd.o(i.lcd_color_fill), (88 bytes).
    Removing lcd.o(i.lcd_display_off), (32 bytes).
    Removing lcd.o(i.lcd_display_on), (32 bytes).
    Removing lcd.o(i.lcd_draw_circle), (200 bytes).
    Removing lcd.o(i.lcd_draw_hline), (40 bytes).
    Removing lcd.o(i.lcd_draw_line), (154 bytes).
    Removing lcd.o(i.lcd_draw_rectangle), (74 bytes).
    Removing lcd.o(i.lcd_fill), (68 bytes).
    Removing lcd.o(i.lcd_fill_circle), (186 bytes).
    Removing lcd.o(i.lcd_read_point), (104 bytes).
    Removing lcd.o(i.lcd_set_window), (360 bytes).
    Removing lcd.o(i.lcd_show_num), (124 bytes).
    Removing lcd.o(.data), (4 bytes).
    Removing server.o(i.TIM8_PWM_Init), (156 bytes).
    Removing cjson.o(i.cJSON_AddItemReferenceToArray), (22 bytes).
    Removing cjson.o(i.cJSON_AddItemReferenceToObject), (26 bytes).
    Removing cjson.o(i.cJSON_AddItemToArray), (28 bytes).
    Removing cjson.o(i.cJSON_AddItemToObject), (48 bytes).
    Removing cjson.o(i.cJSON_AddItemToObjectCS), (56 bytes).
    Removing cjson.o(i.cJSON_CreateArray), (16 bytes).
    Removing cjson.o(i.cJSON_CreateBool), (24 bytes).
    Removing cjson.o(i.cJSON_CreateDoubleArray), (62 bytes).
    Removing cjson.o(i.cJSON_CreateFalse), (16 bytes).
    Removing cjson.o(i.cJSON_CreateFloatArray), (64 bytes).
    Removing cjson.o(i.cJSON_CreateIntArray), (64 bytes).
    Removing cjson.o(i.cJSON_CreateNull), (16 bytes).
    Removing cjson.o(i.cJSON_CreateNumber), (36 bytes).
    Removing cjson.o(i.cJSON_CreateObject), (16 bytes).
    Removing cjson.o(i.cJSON_CreateString), (28 bytes).
    Removing cjson.o(i.cJSON_CreateStringArray), (62 bytes).
    Removing cjson.o(i.cJSON_CreateTrue), (16 bytes).
    Removing cjson.o(i.cJSON_Delete), (72 bytes).
    Removing cjson.o(i.cJSON_DeleteItemFromArray), (14 bytes).
    Removing cjson.o(i.cJSON_DeleteItemFromObject), (14 bytes).
    Removing cjson.o(i.cJSON_DetachItemFromArray), (56 bytes).
    Removing cjson.o(i.cJSON_DetachItemFromObject), (52 bytes).
    Removing cjson.o(i.cJSON_Duplicate), (152 bytes).
    Removing cjson.o(i.cJSON_GetArrayItem), (18 bytes).
    Removing cjson.o(i.cJSON_GetArraySize), (16 bytes).
    Removing cjson.o(i.cJSON_GetErrorPtr), (12 bytes).
    Removing cjson.o(i.cJSON_GetObjectItem), (28 bytes).
    Removing cjson.o(i.cJSON_InitHooks), (48 bytes).
    Removing cjson.o(i.cJSON_InsertItemInArray), (54 bytes).
    Removing cjson.o(i.cJSON_Minify), (158 bytes).
    Removing cjson.o(i.cJSON_New_Item), (32 bytes).
    Removing cjson.o(i.cJSON_Parse), (8 bytes).
    Removing cjson.o(i.cJSON_ParseWithOpts), (100 bytes).
    Removing cjson.o(i.cJSON_Print), (10 bytes).
    Removing cjson.o(i.cJSON_PrintBuffered), (44 bytes).
    Removing cjson.o(i.cJSON_PrintUnformatted), (10 bytes).
    Removing cjson.o(i.cJSON_ReplaceItemInArray), (64 bytes).
    Removing cjson.o(i.cJSON_ReplaceItemInObject), (64 bytes).
    Removing cjson.o(i.cJSON_strcasecmp), (76 bytes).
    Removing cjson.o(i.cJSON_strdup), (48 bytes).
    Removing cjson.o(i.create_reference), (46 bytes).
    Removing cjson.o(i.ensure), (96 bytes).
    Removing cjson.o(i.parse_array), (156 bytes).
    Removing cjson.o(i.parse_hex4), (190 bytes).
    Removing cjson.o(i.parse_number), (384 bytes).
    Removing cjson.o(i.parse_object), (240 bytes).
    Removing cjson.o(i.parse_string), (380 bytes).
    Removing cjson.o(i.parse_value), (188 bytes).
    Removing cjson.o(i.pow2gt), (26 bytes).
    Removing cjson.o(i.print_array), (516 bytes).
    Removing cjson.o(i.print_number), (392 bytes).
    Removing cjson.o(i.print_object), (928 bytes).
    Removing cjson.o(i.print_string), (6 bytes).
    Removing cjson.o(i.print_string_ptr), (428 bytes).
    Removing cjson.o(i.print_value), (256 bytes).
    Removing cjson.o(i.skip), (20 bytes).
    Removing cjson.o(i.suffix_object), (6 bytes).
    Removing cjson.o(i.update), (30 bytes).
    Removing cjson.o(.constdata), (7 bytes).
    Removing cjson.o(.data), (12 bytes).
    Removing main.o(.data), (2 bytes).
    Removing main.o(.data), (2 bytes).
    Removing main.o(.data), (2 bytes).
    Removing main.o(.data), (2 bytes).
    Removing main.o(.data), (2 bytes).
    Removing main.o(.data), (2 bytes).
    Removing main.o(.data), (2 bytes).
    Removing main.o(.data), (2 bytes).
    Removing main.o(.data), (2 bytes).
    Removing dflti.o(.text), (34 bytes).
    Removing dfixi.o(.text), (62 bytes).
    Removing f2d.o(.text), (38 bytes).
    Removing cdcmple.o(.text), (48 bytes).
    Removing dscalb.o(.text), (46 bytes).
    Removing dsqrt.o(.text), (162 bytes).

556 unused section(s) (total 24665 bytes) removed from the image.

==============================================================================

Image Symbol Table

    Local Symbols

    Symbol Name                              Value     Ov Type        Size  Object(Section)

    ../clib/microlib/ctype/tolower.c         0x00000000   Number         0  tolower.o ABSOLUTE
    ../clib/microlib/division.c              0x00000000   Number         0  uidiv.o ABSOLUTE
    ../clib/microlib/division.c              0x00000000   Number         0  uldiv.o ABSOLUTE
    ../clib/microlib/errno.c                 0x00000000   Number         0  errno.o ABSOLUTE
    ../clib/microlib/init/entry.s            0x00000000   Number         0  entry12a.o ABSOLUTE
    ../clib/microlib/init/entry.s            0x00000000   Number         0  entry10a.o ABSOLUTE
    ../clib/microlib/init/entry.s            0x00000000   Number         0  entry12b.o ABSOLUTE
    ../clib/microlib/init/entry.s            0x00000000   Number         0  entry8b.o ABSOLUTE
    ../clib/microlib/init/entry.s            0x00000000   Number         0  entry9a.o ABSOLUTE
    ../clib/microlib/init/entry.s            0x00000000   Number         0  entry8a.o ABSOLUTE
    ../clib/microlib/init/entry.s            0x00000000   Number         0  entry7b.o ABSOLUTE
    ../clib/microlib/init/entry.s            0x00000000   Number         0  entry7a.o ABSOLUTE
    ../clib/microlib/init/entry.s            0x00000000   Number         0  entry5.o ABSOLUTE
    ../clib/microlib/init/entry.s            0x00000000   Number         0  entry2.o ABSOLUTE
    ../clib/microlib/init/entry.s            0x00000000   Number         0  entry.o ABSOLUTE
    ../clib/microlib/init/entry.s            0x00000000   Number         0  entry10b.o ABSOLUTE
    ../clib/microlib/init/entry.s            0x00000000   Number         0  entry9b.o ABSOLUTE
    ../clib/microlib/init/entry.s            0x00000000   Number         0  entry11a.o ABSOLUTE
    ../clib/microlib/init/entry.s            0x00000000   Number         0  entry11b.o ABSOLUTE
    ../clib/microlib/longlong.c              0x00000000   Number         0  llushr.o ABSOLUTE
    ../clib/microlib/longlong.c              0x00000000   Number         0  llshl.o ABSOLUTE
    ../clib/microlib/longlong.c              0x00000000   Number         0  llsshr.o ABSOLUTE
    ../clib/microlib/malloc/malloc.c         0x00000000   Number         0  mallocra.o ABSOLUTE
    ../clib/microlib/malloc/malloc.c         0x00000000   Number         0  malloca.o ABSOLUTE
    ../clib/microlib/malloc/malloc.c         0x00000000   Number         0  mallocr.o ABSOLUTE
    ../clib/microlib/malloc/malloc.c         0x00000000   Number         0  malloc.o ABSOLUTE
    ../clib/microlib/malloc/mvars.c          0x00000000   Number         0  mvars.o ABSOLUTE
    ../clib/microlib/printf/printf.c         0x00000000   Number         0  printf4.o ABSOLUTE
    ../clib/microlib/printf/printf.c         0x00000000   Number         0  printf5.o ABSOLUTE
    ../clib/microlib/printf/printf.c         0x00000000   Number         0  printf6.o ABSOLUTE
    ../clib/microlib/printf/printf.c         0x00000000   Number         0  printf7.o ABSOLUTE
    ../clib/microlib/printf/printf.c         0x00000000   Number         0  printf8.o ABSOLUTE
    ../clib/microlib/printf/printf.c         0x00000000   Number         0  printfa.o ABSOLUTE
    ../clib/microlib/printf/printf.c         0x00000000   Number         0  printf0.o ABSOLUTE
    ../clib/microlib/printf/printf.c         0x00000000   Number         0  printfb.o ABSOLUTE
    ../clib/microlib/printf/printf.c         0x00000000   Number         0  printf1.o ABSOLUTE
    ../clib/microlib/printf/printf.c         0x00000000   Number         0  printf2.o ABSOLUTE
    ../clib/microlib/printf/printf.c         0x00000000   Number         0  printf3.o ABSOLUTE
    ../clib/microlib/printf/stubs.s          0x00000000   Number         0  stubs.o ABSOLUTE
    ../clib/microlib/stdio/fputc.c           0x00000000   Number         0  fputc.o ABSOLUTE
    ../clib/microlib/stdio/semi.s            0x00000000   Number         0  semi.o ABSOLUTE
    ../clib/microlib/stdio/streams.c         0x00000000   Number         0  stdout.o ABSOLUTE
    ../clib/microlib/string/memcpy.c         0x00000000   Number         0  memcpya.o ABSOLUTE
    ../clib/microlib/string/memcpy.c         0x00000000   Number         0  memcpyb.o ABSOLUTE
    ../clib/microlib/string/memset.c         0x00000000   Number         0  memseta.o ABSOLUTE
    ../clib/microlib/string/strchr.c         0x00000000   Number         0  strchr.o ABSOLUTE
    ../clib/microlib/string/strcmp.c         0x00000000   Number         0  strcmp.o ABSOLUTE
    ../clib/microlib/string/strcpy.c         0x00000000   Number         0  strcpy.o ABSOLUTE
    ../clib/microlib/string/strlen.c         0x00000000   Number         0  strlen.o ABSOLUTE
    ../clib/microlib/string/strncmp.c        0x00000000   Number         0  strncmp.o ABSOLUTE
    ../clib/microlib/string/strstr.c         0x00000000   Number         0  strstr.o ABSOLUTE
    ../clib/microlib/stubs.s                 0x00000000   Number         0  iusefp.o ABSOLUTE
    ../clib/microlib/stubs.s                 0x00000000   Number         0  iusesemip.o ABSOLUTE
    ../fplib/microlib/f2d.c                  0x00000000   Number         0  f2d.o ABSOLUTE
    ../fplib/microlib/fpadd.c                0x00000000   Number         0  dadd.o ABSOLUTE
    ../fplib/microlib/fpdiv.c                0x00000000   Number         0  ddiv.o ABSOLUTE
    ../fplib/microlib/fpepilogue.c           0x00000000   Number         0  depilogue.o ABSOLUTE
    ../fplib/microlib/fpfix.c                0x00000000   Number         0  dfixui.o ABSOLUTE
    ../fplib/microlib/fpfix.c                0x00000000   Number         0  dfixul.o ABSOLUTE
    ../fplib/microlib/fpfix.c                0x00000000   Number         0  dfixi.o ABSOLUTE
    ../fplib/microlib/fpflt.c                0x00000000   Number         0  dflti.o ABSOLUTE
    ../fplib/microlib/fpflt.c                0x00000000   Number         0  dfltui.o ABSOLUTE
    ../fplib/microlib/fpmul.c                0x00000000   Number         0  dmul.o ABSOLUTE
    ../fplib/microlib/fpscalb.c              0x00000000   Number         0  dscalb.o ABSOLUTE
    ../fplib/microlib/fpsqrt.c               0x00000000   Number         0  dsqrt.o ABSOLUTE
    ../mathlib/dunder.c                      0x00000000   Number         0  dunder.o ABSOLUTE
    ../mathlib/floor.c                       0x00000000   Number         0  floor.o ABSOLUTE
    ../mathlib/fpclassify.c                  0x00000000   Number         0  fpclassify.o ABSOLUTE
    ../mathlib/poly.c                        0x00000000   Number         0  poly.o ABSOLUTE
    ../mathlib/pow.c                         0x00000000   Number         0  pow_x.o ABSOLUTE
    ../mathlib/pow.c                         0x00000000   Number         0  pow.o ABSOLUTE
    ../mathlib/qnan.c                        0x00000000   Number         0  qnan.o ABSOLUTE
    ../mathlib/sqrt.c                        0x00000000   Number         0  sqrt.o ABSOLUTE
    ../mathlib/sqrt.c                        0x00000000   Number         0  sqrt_x.o ABSOLUTE
    HardWare\AD\AD.c                         0x00000000   Number         0  ad.o ABSOLUTE
    HardWare\Adc\Adc3.c                      0x00000000   Number         0  adc3.o ABSOLUTE
    HardWare\AutoControl\AutoControl.c       0x00000000   Number         0  autocontrol.o ABSOLUTE
    HardWare\Beep\Beep.c                     0x00000000   Number         0  beep.o ABSOLUTE
    HardWare\DHT11\DHT11.c                   0x00000000   Number         0  dht11.o ABSOLUTE
    HardWare\Key\Key.c                       0x00000000   Number         0  key.o ABSOLUTE
    HardWare\LED\Led.c                       0x00000000   Number         0  led.o ABSOLUTE
    HardWare\Lcd\Lcd.c                       0x00000000   Number         0  lcd.o ABSOLUTE
    HardWare\Lsens\Lsens.c                   0x00000000   Number         0  lsens.o ABSOLUTE
    HardWare\Server\Server.c                 0x00000000   Number         0  server.o ABSOLUTE
    HardWare\Stepper\Stepper.c               0x00000000   Number         0  stepper.o ABSOLUTE
    HardWare\Timer\Timer.c                   0x00000000   Number         0  timer.o ABSOLUTE
    HardWare\usart.c                         0x00000000   Number         0  usart.o ABSOLUTE
    Library\misc.c                           0x00000000   Number         0  misc.o ABSOLUTE
    Library\stm32f10x_adc.c                  0x00000000   Number         0  stm32f10x_adc.o ABSOLUTE
    Library\stm32f10x_bkp.c                  0x00000000   Number         0  stm32f10x_bkp.o ABSOLUTE
    Library\stm32f10x_can.c                  0x00000000   Number         0  stm32f10x_can.o ABSOLUTE
    Library\stm32f10x_cec.c                  0x00000000   Number         0  stm32f10x_cec.o ABSOLUTE
    Library\stm32f10x_crc.c                  0x00000000   Number         0  stm32f10x_crc.o ABSOLUTE
    Library\stm32f10x_dac.c                  0x00000000   Number         0  stm32f10x_dac.o ABSOLUTE
    Library\stm32f10x_dbgmcu.c               0x00000000   Number         0  stm32f10x_dbgmcu.o ABSOLUTE
    Library\stm32f10x_dma.c                  0x00000000   Number         0  stm32f10x_dma.o ABSOLUTE
    Library\stm32f10x_exti.c                 0x00000000   Number         0  stm32f10x_exti.o ABSOLUTE
    Library\stm32f10x_flash.c                0x00000000   Number         0  stm32f10x_flash.o ABSOLUTE
    Library\stm32f10x_fsmc.c                 0x00000000   Number         0  stm32f10x_fsmc.o ABSOLUTE
    Library\stm32f10x_gpio.c                 0x00000000   Number         0  stm32f10x_gpio.o ABSOLUTE
    Library\stm32f10x_i2c.c                  0x00000000   Number         0  stm32f10x_i2c.o ABSOLUTE
    Library\stm32f10x_iwdg.c                 0x00000000   Number         0  stm32f10x_iwdg.o ABSOLUTE
    Library\stm32f10x_pwr.c                  0x00000000   Number         0  stm32f10x_pwr.o ABSOLUTE
    Library\stm32f10x_rcc.c                  0x00000000   Number         0  stm32f10x_rcc.o ABSOLUTE
    Library\stm32f10x_rtc.c                  0x00000000   Number         0  stm32f10x_rtc.o ABSOLUTE
    Library\stm32f10x_sdio.c                 0x00000000   Number         0  stm32f10x_sdio.o ABSOLUTE
    Library\stm32f10x_spi.c                  0x00000000   Number         0  stm32f10x_spi.o ABSOLUTE
    Library\stm32f10x_tim.c                  0x00000000   Number         0  stm32f10x_tim.o ABSOLUTE
    Library\stm32f10x_usart.c                0x00000000   Number         0  stm32f10x_usart.o ABSOLUTE
    Library\stm32f10x_wwdg.c                 0x00000000   Number         0  stm32f10x_wwdg.o ABSOLUTE
    NET\ESP8266\esp8266.c                    0x00000000   Number         0  esp8266.o ABSOLUTE
    NET\cJSON\cJSON.c                        0x00000000   Number         0  cjson.o ABSOLUTE
    Start\\core_cm3.c                        0x00000000   Number         0  core_cm3.o ABSOLUTE
    Start\core_cm3.c                         0x00000000   Number         0  core_cm3.o ABSOLUTE
    Start\startup_stm32f10x_md.s             0x00000000   Number         0  startup_stm32f10x_md.o ABSOLUTE
    Start\system_stm32f10x.c                 0x00000000   Number         0  system_stm32f10x.o ABSOLUTE
    System\Delay.c                           0x00000000   Number         0  delay.o ABSOLUTE
    System\sys.c                             0x00000000   Number         0  sys.o ABSOLUTE
    User\main.c                              0x00000000   Number         0  main.o ABSOLUTE
    User\stm32f10x_it.c                      0x00000000   Number         0  stm32f10x_it.o ABSOLUTE
    cdcmple.s                                0x00000000   Number         0  cdcmple.o ABSOLUTE
    cdrcmple.s                               0x00000000   Number         0  cdrcmple.o ABSOLUTE
    dc.s                                     0x00000000   Number         0  dc.o ABSOLUTE
    handlers.s                               0x00000000   Number         0  handlers.o ABSOLUTE
    init.s                                   0x00000000   Number         0  init.o ABSOLUTE
    RESET                                    0x08000000   Section      236  startup_stm32f10x_md.o(RESET)
    .ARM.Collect$$$$00000000                 0x080000ec   Section        0  entry.o(.ARM.Collect$$$$00000000)
    .ARM.Collect$$$$00000001                 0x080000ec   Section        4  entry2.o(.ARM.Collect$$$$00000001)
    .ARM.Collect$$$$00000004                 0x080000f0   Section        4  entry5.o(.ARM.Collect$$$$00000004)
    .ARM.Collect$$$$00000008                 0x080000f4   Section        0  entry7b.o(.ARM.Collect$$$$00000008)
    .ARM.Collect$$$$0000000A                 0x080000f4   Section        0  entry8b.o(.ARM.Collect$$$$0000000A)
    .ARM.Collect$$$$0000000B                 0x080000f4   Section        8  entry9a.o(.ARM.Collect$$$$0000000B)
    .ARM.Collect$$$$0000000E                 0x080000fc   Section        4  entry12b.o(.ARM.Collect$$$$0000000E)
    .ARM.Collect$$$$0000000F                 0x08000100   Section        0  entry10a.o(.ARM.Collect$$$$0000000F)
    .ARM.Collect$$$$00000011                 0x08000100   Section        0  entry11a.o(.ARM.Collect$$$$00000011)
    .ARM.Collect$$$$00002712                 0x08000100   Section        4  entry2.o(.ARM.Collect$$$$00002712)
    __lit__00000000                          0x08000100   Data           4  entry2.o(.ARM.Collect$$$$00002712)
    .text                                    0x08000104   Section       36  startup_stm32f10x_md.o(.text)
    .text                                    0x08000128   Section        0  memseta.o(.text)
    .text                                    0x0800014c   Section        0  strstr.o(.text)
    .text                                    0x08000170   Section        0  strchr.o(.text)
    .text                                    0x08000184   Section        0  strlen.o(.text)
    .text                                    0x08000192   Section        0  strcmp.o(.text)
    .text                                    0x080001ae   Section        0  dadd.o(.text)
    .text                                    0x080002fc   Section        0  dmul.o(.text)
    .text                                    0x080003e0   Section        0  dfltui.o(.text)
    .text                                    0x080003fa   Section        0  dfixui.o(.text)
    .text                                    0x0800042c   Section       48  cdrcmple.o(.text)
    .text                                    0x0800045c   Section        0  uidiv.o(.text)
    .text                                    0x08000488   Section        0  uldiv.o(.text)
    .text                                    0x080004ea   Section        0  llshl.o(.text)
    .text                                    0x08000508   Section        0  llushr.o(.text)
    .text                                    0x08000528   Section        0  llsshr.o(.text)
    .text                                    0x0800054c   Section        0  iusefp.o(.text)
    .text                                    0x0800054c   Section        0  depilogue.o(.text)
    .text                                    0x08000606   Section        0  ddiv.o(.text)
    .text                                    0x080006e4   Section        0  dfixul.o(.text)
    .text                                    0x08000714   Section       36  init.o(.text)
    i.ADC_Cmd                                0x08000738   Section        0  stm32f10x_adc.o(i.ADC_Cmd)
    i.ADC_DeInit                             0x08000750   Section        0  stm32f10x_adc.o(i.ADC_DeInit)
    i.ADC_GetCalibrationStatus               0x080007b4   Section        0  stm32f10x_adc.o(i.ADC_GetCalibrationStatus)
    i.ADC_GetConversionValue                 0x080007c2   Section        0  stm32f10x_adc.o(i.ADC_GetConversionValue)
    i.ADC_GetFlagStatus                      0x080007c8   Section        0  stm32f10x_adc.o(i.ADC_GetFlagStatus)
    i.ADC_GetResetCalibrationStatus          0x080007d6   Section        0  stm32f10x_adc.o(i.ADC_GetResetCalibrationStatus)
    i.ADC_Init                               0x080007e4   Section        0  stm32f10x_adc.o(i.ADC_Init)
    i.ADC_RegularChannelConfig               0x0800082c   Section        0  stm32f10x_adc.o(i.ADC_RegularChannelConfig)
    i.ADC_ResetCalibration                   0x080008a0   Section        0  stm32f10x_adc.o(i.ADC_ResetCalibration)
    i.ADC_SoftwareStartConvCmd               0x080008aa   Section        0  stm32f10x_adc.o(i.ADC_SoftwareStartConvCmd)
    i.ADC_StartCalibration                   0x080008c2   Section        0  stm32f10x_adc.o(i.ADC_StartCalibration)
    i.BusFault_Handler                       0x080008cc   Section        0  stm32f10x_it.o(i.BusFault_Handler)
    i.Control_Execute                        0x080008d0   Section        0  autocontrol.o(i.Control_Execute)
    i.Control_Init                           0x080009a8   Section        0  autocontrol.o(i.Control_Init)
    i.DHT_GPIO_Init                          0x080009cc   Section        0  dht11.o(i.DHT_GPIO_Init)
    i.DHT_Get_Byte_Data                      0x08000a04   Section        0  dht11.o(i.DHT_Get_Byte_Data)
    i.DHT_Get_Temp_Humi_Data                 0x08000a58   Section        0  dht11.o(i.DHT_Get_Temp_Humi_Data)
    i.DHT_Start                              0x08000a9c   Section        0  dht11.o(i.DHT_Start)
    i.DebugMon_Handler                       0x08000afc   Section        0  stm32f10x_it.o(i.DebugMon_Handler)
    i.Delay_ms                               0x08000afe   Section        0  delay.o(i.Delay_ms)
    i.Delay_us                               0x08000b16   Section        0  delay.o(i.Delay_us)
    i.ESP8266_Clear                          0x08000b38   Section        0  esp8266.o(i.ESP8266_Clear)
    i.ESP8266_GetIPD                         0x08000b54   Section        0  esp8266.o(i.ESP8266_GetIPD)
    i.ESP8266_Init                           0x08000ba4   Section        0  esp8266.o(i.ESP8266_Init)
    i.ESP8266_SendCmd                        0x08000d84   Section        0  esp8266.o(i.ESP8266_SendCmd)
    i.ESP8266_SendData                       0x08000dd0   Section        0  esp8266.o(i.ESP8266_SendData)
    i.ESP8266_WaitRecive                     0x08000e18   Section        0  esp8266.o(i.ESP8266_WaitRecive)
    i.GPIO_Init                              0x08000e3c   Section        0  stm32f10x_gpio.o(i.GPIO_Init)
    i.GPIO_PinRemapConfig                    0x08000ee4   Section        0  stm32f10x_gpio.o(i.GPIO_PinRemapConfig)
    i.GPIO_ReadInputDataBit                  0x08000f40   Section        0  stm32f10x_gpio.o(i.GPIO_ReadInputDataBit)
    i.GPIO_ReadOutputDataBit                 0x08000f4e   Section        0  stm32f10x_gpio.o(i.GPIO_ReadOutputDataBit)
    i.GPIO_ResetBits                         0x08000f5c   Section        0  stm32f10x_gpio.o(i.GPIO_ResetBits)
    i.GPIO_SetBits                           0x08000f60   Section        0  stm32f10x_gpio.o(i.GPIO_SetBits)
    i.GPIO_WriteBit                          0x08000f64   Section        0  stm32f10x_gpio.o(i.GPIO_WriteBit)
    i.HardFault_Handler                      0x08000f70   Section        0  stm32f10x_it.o(i.HardFault_Handler)
    i.Key_Execute                            0x08000f74   Section        0  key.o(i.Key_Execute)
    i.Key_GetNum                             0x08001010   Section        0  key.o(i.Key_GetNum)
    i.Key_Init                               0x080010b0   Section        0  key.o(i.Key_Init)
    i.LED0_Turn                              0x08001100   Section        0  led.o(i.LED0_Turn)
    i.LED1_OFF                               0x0800112c   Section        0  led.o(i.LED1_OFF)
    i.LED1_ON                                0x08001138   Section        0  led.o(i.LED1_ON)
    i.LED1_Turn                              0x08001144   Section        0  led.o(i.LED1_Turn)
    i.LED_Init                               0x08001170   Section        0  led.o(i.LED_Init)
    i.MemManage_Handler                      0x080011c8   Section        0  stm32f10x_it.o(i.MemManage_Handler)
    i.NMI_Handler                            0x080011ca   Section        0  stm32f10x_it.o(i.NMI_Handler)
    i.NVIC_Init                              0x080011cc   Section        0  misc.o(i.NVIC_Init)
    i.PendSV_Handler                         0x08001230   Section        0  stm32f10x_it.o(i.PendSV_Handler)
    i.RCC_APB1PeriphClockCmd                 0x08001234   Section        0  stm32f10x_rcc.o(i.RCC_APB1PeriphClockCmd)
    i.RCC_APB2PeriphClockCmd                 0x08001250   Section        0  stm32f10x_rcc.o(i.RCC_APB2PeriphClockCmd)
    i.RCC_APB2PeriphResetCmd                 0x0800126c   Section        0  stm32f10x_rcc.o(i.RCC_APB2PeriphResetCmd)
    i.RCC_GetClocksFreq                      0x08001288   Section        0  stm32f10x_rcc.o(i.RCC_GetClocksFreq)
    i.SVC_Handler                            0x08001334   Section        0  stm32f10x_it.o(i.SVC_Handler)
    i.SetSysClock                            0x08001336   Section        0  system_stm32f10x.o(i.SetSysClock)
    SetSysClock                              0x08001337   Thumb Code     4  system_stm32f10x.o(i.SetSysClock)
    i.SetSysClockTo72                        0x0800133c   Section        0  system_stm32f10x.o(i.SetSysClockTo72)
    SetSysClockTo72                          0x0800133d   Thumb Code   166  system_stm32f10x.o(i.SetSysClockTo72)
    i.Stepper_GPIOInit                       0x080013ec   Section        0  stepper.o(i.Stepper_GPIOInit)
    i.Stepper_RotateByLoop                   0x08001420   Section        0  stepper.o(i.Stepper_RotateByLoop)
    i.Stepper_RotateByStep                   0x08001444   Section        0  stepper.o(i.Stepper_RotateByStep)
    i.Stepper_SingleStep                     0x08001478   Section        0  stepper.o(i.Stepper_SingleStep)
    i.Stepper_Stop                           0x080014f8   Section        0  stepper.o(i.Stepper_Stop)
    i.SysTick_Handler                        0x08001504   Section        0  stm32f10x_it.o(i.SysTick_Handler)
    i.SystemInit                             0x08001508   Section        0  system_stm32f10x.o(i.SystemInit)
    i.TIM3_PWM_Init                          0x08001558   Section        0  timer.o(i.TIM3_PWM_Init)
    i.TIM4_IRQHandler                        0x080015ec   Section        0  timer.o(i.TIM4_IRQHandler)
    i.TIM_ClearITPendingBit                  0x0800164c   Section        0  stm32f10x_tim.o(i.TIM_ClearITPendingBit)
    i.TIM_Cmd                                0x08001652   Section        0  stm32f10x_tim.o(i.TIM_Cmd)
    i.TIM_GetITStatus                        0x0800166a   Section        0  stm32f10x_tim.o(i.TIM_GetITStatus)
    i.TIM_OC2Init                            0x08001684   Section        0  stm32f10x_tim.o(i.TIM_OC2Init)
    i.TIM_OC2PreloadConfig                   0x0800170c   Section        0  stm32f10x_tim.o(i.TIM_OC2PreloadConfig)
    i.TIM_SetCompare2                        0x08001720   Section        0  stm32f10x_tim.o(i.TIM_SetCompare2)
    i.TIM_TimeBaseInit                       0x08001724   Section        0  stm32f10x_tim.o(i.TIM_TimeBaseInit)
    i.USART1_IRQHandler                      0x080017c0   Section        0  usart.o(i.USART1_IRQHandler)
    i.USART3_IRQHandler                      0x080017e4   Section        0  esp8266.o(i.USART3_IRQHandler)
    i.USART_ClearFlag                        0x0800182c   Section        0  stm32f10x_usart.o(i.USART_ClearFlag)
    i.USART_Cmd                              0x08001834   Section        0  stm32f10x_usart.o(i.USART_Cmd)
    i.USART_GetFlagStatus                    0x0800184c   Section        0  stm32f10x_usart.o(i.USART_GetFlagStatus)
    i.USART_GetITStatus                      0x0800185a   Section        0  stm32f10x_usart.o(i.USART_GetITStatus)
    i.USART_ITConfig                         0x0800189a   Section        0  stm32f10x_usart.o(i.USART_ITConfig)
    i.USART_Init                             0x080018d0   Section        0  stm32f10x_usart.o(i.USART_Init)
    i.USART_SendData                         0x0800198c   Section        0  stm32f10x_usart.o(i.USART_SendData)
    i.UsageFault_Handler                     0x08001994   Section        0  stm32f10x_it.o(i.UsageFault_Handler)
    i.Usart1_Init                            0x08001998   Section        0  usart.o(i.Usart1_Init)
    i.UsartPrintf                            0x08001a44   Section        0  usart.o(i.UsartPrintf)
    i.Usart_SendString                       0x08001a84   Section        0  usart.o(i.Usart_SendString)
    i.__0sprintf                             0x08001ab4   Section        0  printfa.o(i.__0sprintf)
    i.__0vsnprintf                           0x08001adc   Section        0  printfa.o(i.__0vsnprintf)
    i.__scatterload_copy                     0x08001b10   Section       14  handlers.o(i.__scatterload_copy)
    i.__scatterload_null                     0x08001b1e   Section        2  handlers.o(i.__scatterload_null)
    i.__scatterload_zeroinit                 0x08001b20   Section       14  handlers.o(i.__scatterload_zeroinit)
    i._fp_digits                             0x08001b30   Section        0  printfa.o(i._fp_digits)
    _fp_digits                               0x08001b31   Thumb Code   366  printfa.o(i._fp_digits)
    i._printf_core                           0x08001cb4   Section        0  printfa.o(i._printf_core)
    _printf_core                             0x08001cb5   Thumb Code  1704  printfa.o(i._printf_core)
    i._printf_post_padding                   0x08002368   Section        0  printfa.o(i._printf_post_padding)
    _printf_post_padding                     0x08002369   Thumb Code    36  printfa.o(i._printf_post_padding)
    i._printf_pre_padding                    0x0800238c   Section        0  printfa.o(i._printf_pre_padding)
    _printf_pre_padding                      0x0800238d   Thumb Code    46  printfa.o(i._printf_pre_padding)
    i._snputc                                0x080023ba   Section        0  printfa.o(i._snputc)
    _snputc                                  0x080023bb   Thumb Code    22  printfa.o(i._snputc)
    i._sputc                                 0x080023d0   Section        0  printfa.o(i._sputc)
    _sputc                                   0x080023d1   Thumb Code    10  printfa.o(i._sputc)
    i.adc3_get_result                        0x080023dc   Section        0  adc3.o(i.adc3_get_result)
    i.adc3_get_result_average                0x08002410   Section        0  adc3.o(i.adc3_get_result_average)
    i.adc3_init                              0x0800243c   Section        0  adc3.o(i.adc3_init)
    i.lcd_clear                              0x080024b4   Section        0  lcd.o(i.lcd_clear)
    i.lcd_display_dir                        0x080024e4   Section        0  lcd.o(i.lcd_display_dir)
    i.lcd_draw_point                         0x080025b0   Section        0  lcd.o(i.lcd_draw_point)
    i.lcd_ex_ili9341_reginit                 0x080025c8   Section        0  lcd.o(i.lcd_ex_ili9341_reginit)
    i.lcd_ex_nt35310_reginit                 0x080027f6   Section        0  lcd.o(i.lcd_ex_nt35310_reginit)
    i.lcd_ex_nt35510_reginit                 0x080036ea   Section        0  lcd.o(i.lcd_ex_nt35510_reginit)
    i.lcd_ex_ssd1963_reginit                 0x080045e4   Section        0  lcd.o(i.lcd_ex_ssd1963_reginit)
    i.lcd_ex_st7789_reginit                  0x08004754   Section        0  lcd.o(i.lcd_ex_st7789_reginit)
    i.lcd_init                               0x08004900   Section        0  lcd.o(i.lcd_init)
    i.lcd_opt_delay                          0x08004be0   Section        0  lcd.o(i.lcd_opt_delay)
    lcd_opt_delay                            0x08004be1   Thumb Code     8  lcd.o(i.lcd_opt_delay)
    i.lcd_pow                                0x08004be8   Section        0  lcd.o(i.lcd_pow)
    lcd_pow                                  0x08004be9   Thumb Code    16  lcd.o(i.lcd_pow)
    i.lcd_rd_data                            0x08004bf8   Section        0  lcd.o(i.lcd_rd_data)
    lcd_rd_data                              0x08004bf9   Thumb Code    20  lcd.o(i.lcd_rd_data)
    i.lcd_scan_dir                           0x08004c10   Section        0  lcd.o(i.lcd_scan_dir)
    i.lcd_set_cursor                         0x08004dbc   Section        0  lcd.o(i.lcd_set_cursor)
    i.lcd_show_char                          0x08004ec0   Section        0  lcd.o(i.lcd_show_char)
    i.lcd_show_status                        0x08004fac   Section        0  lcd.o(i.lcd_show_status)
    i.lcd_show_string                        0x08004ff4   Section        0  lcd.o(i.lcd_show_string)
    i.lcd_show_xnum                          0x08005048   Section        0  lcd.o(i.lcd_show_xnum)
    i.lcd_ssd_backlight_set                  0x080050ec   Section        0  lcd.o(i.lcd_ssd_backlight_set)
    i.lcd_wr_data                            0x08005138   Section        0  lcd.o(i.lcd_wr_data)
    i.lcd_wr_regno                           0x08005150   Section        0  lcd.o(i.lcd_wr_regno)
    i.lcd_write_ram_prepare                  0x08005168   Section        0  lcd.o(i.lcd_write_ram_prepare)
    i.lcd_write_reg                          0x0800517c   Section        0  lcd.o(i.lcd_write_reg)
    i.ledlevel_change                        0x0800518c   Section        0  autocontrol.o(i.ledlevel_change)
    i.lsens_get_val                          0x080051f8   Section        0  lsens.o(i.lsens_get_val)
    i.lsens_init                             0x08005218   Section        0  lsens.o(i.lsens_init)
    i.main                                   0x08005244   Section        0  main.o(i.main)
    i.manual_control                         0x08005494   Section        0  autocontrol.o(i.manual_control)
    i.sys_gpio_pin_set                       0x080054ec   Section        0  sys.o(i.sys_gpio_pin_set)
    i.sys_gpio_set                           0x08005502   Section        0  sys.o(i.sys_gpio_set)
    i.uart3_init                             0x080055bc   Section        0  usart.o(i.uart3_init)
    .constdata                               0x08005664   Section    12160  lcd.o(.constdata)
    .conststring                             0x080085e4   Section      168  main.o(.conststring)
    .data                                    0x20000000   Section       20  stm32f10x_rcc.o(.data)
    ADCPrescTable                            0x20000000   Data           4  stm32f10x_rcc.o(.data)
    APBAHBPrescTable                         0x20000004   Data          16  stm32f10x_rcc.o(.data)
    .data                                    0x20000014   Section        5  dht11.o(.data)
    .data                                    0x2000001c   Section       44  timer.o(.data)
    .data                                    0x20000048   Section        1  key.o(.data)
    key_up                                   0x20000048   Data           1  key.o(.data)
    .data                                    0x2000004c   Section        4  lcd.o(.data)
    .data                                    0x20000050   Section        4  autocontrol.o(.data)
    .data                                    0x20000054   Section        1  stepper.o(.data)
    .data                                    0x20000056   Section        4  esp8266.o(.data)
    .data                                    0x2000005c   Section       12  main.o(.data)
    .bss                                     0x20000068   Section       14  lcd.o(.bss)
    .bss                                     0x20000078   Section       36  autocontrol.o(.bss)
    .bss                                     0x2000009c   Section      256  esp8266.o(.bss)
    .bss                                     0x2000019c   Section      256  main.o(.bss)
    STACK                                    0x200002a0   Section     1024  startup_stm32f10x_md.o(STACK)

    Global Symbols

    Symbol Name                              Value     Ov Type        Size  Object(Section)

    BuildAttributes$$THM_ISAv4$P$D$K$B$S$PE$A:L22UL41UL21$X:L11$S22US41US21$IEEE1$IW$USESV6$~STKCKD$USESV7$~SHL$OTIME$ROPI$IEEEX$EBA8$MICROLIB$REQ8$PRES8$EABIv2 0x00000000   Number         0  anon$$obj.o ABSOLUTE
    __ARM_use_no_argv                        0x00000000   Number         0  main.o ABSOLUTE
    _printf_a                                0x00000000   Number         0  stubs.o ABSOLUTE
    _printf_c                                0x00000000   Number         0  stubs.o ABSOLUTE
    _printf_charcount                        0x00000000   Number         0  stubs.o ABSOLUTE
    _printf_d                                0x00000000   Number         0  stubs.o ABSOLUTE
    _printf_e                                0x00000000   Number         0  stubs.o ABSOLUTE
    _printf_f                                0x00000000   Number         0  stubs.o ABSOLUTE
    _printf_flags                            0x00000000   Number         0  stubs.o ABSOLUTE
    _printf_fp_dec                           0x00000000   Number         0  stubs.o ABSOLUTE
    _printf_fp_hex                           0x00000000   Number         0  stubs.o ABSOLUTE
    _printf_g                                0x00000000   Number         0  stubs.o ABSOLUTE
    _printf_i                                0x00000000   Number         0  stubs.o ABSOLUTE
    _printf_int_dec                          0x00000000   Number         0  stubs.o ABSOLUTE
    _printf_l                                0x00000000   Number         0  stubs.o ABSOLUTE
    _printf_lc                               0x00000000   Number         0  stubs.o ABSOLUTE
    _printf_ll                               0x00000000   Number         0  stubs.o ABSOLUTE
    _printf_lld                              0x00000000   Number         0  stubs.o ABSOLUTE
    _printf_lli                              0x00000000   Number         0  stubs.o ABSOLUTE
    _printf_llo                              0x00000000   Number         0  stubs.o ABSOLUTE
    _printf_llu                              0x00000000   Number         0  stubs.o ABSOLUTE
    _printf_llx                              0x00000000   Number         0  stubs.o ABSOLUTE
    _printf_longlong_dec                     0x00000000   Number         0  stubs.o ABSOLUTE
    _printf_longlong_hex                     0x00000000   Number         0  stubs.o ABSOLUTE
    _printf_longlong_oct                     0x00000000   Number         0  stubs.o ABSOLUTE
    _printf_ls                               0x00000000   Number         0  stubs.o ABSOLUTE
    _printf_mbtowc                           0x00000000   Number         0  stubs.o ABSOLUTE
    _printf_n                                0x00000000   Number         0  stubs.o ABSOLUTE
    _printf_o                                0x00000000   Number         0  stubs.o ABSOLUTE
    _printf_p                                0x00000000   Number         0  stubs.o ABSOLUTE
    _printf_percent                          0x00000000   Number         0  stubs.o ABSOLUTE
    _printf_pre_padding                      0x00000000   Number         0  stubs.o ABSOLUTE
    _printf_return_value                     0x00000000   Number         0  stubs.o ABSOLUTE
    _printf_s                                0x00000000   Number         0  stubs.o ABSOLUTE
    _printf_sizespec                         0x00000000   Number         0  stubs.o ABSOLUTE
    _printf_str                              0x00000000   Number         0  stubs.o ABSOLUTE
    _printf_truncate_signed                  0x00000000   Number         0  stubs.o ABSOLUTE
    _printf_truncate_unsigned                0x00000000   Number         0  stubs.o ABSOLUTE
    _printf_u                                0x00000000   Number         0  stubs.o ABSOLUTE
    _printf_wc                               0x00000000   Number         0  stubs.o ABSOLUTE
    _printf_wctomb                           0x00000000   Number         0  stubs.o ABSOLUTE
    _printf_widthprec                        0x00000000   Number         0  stubs.o ABSOLUTE
    _printf_x                                0x00000000   Number         0  stubs.o ABSOLUTE
    __arm_fini_                               - Undefined Weak Reference
    __cpp_initialize__aeabi_                  - Undefined Weak Reference
    __cxa_finalize                            - Undefined Weak Reference
    __decompress                              - Undefined Weak Reference
    _clock_init                               - Undefined Weak Reference
    _microlib_exit                            - Undefined Weak Reference
    __Vectors_Size                           0x000000ec   Number         0  startup_stm32f10x_md.o ABSOLUTE
    __Vectors                                0x08000000   Data           4  startup_stm32f10x_md.o(RESET)
    __Vectors_End                            0x080000ec   Data           0  startup_stm32f10x_md.o(RESET)
    __main                                   0x080000ed   Thumb Code     0  entry.o(.ARM.Collect$$$$00000000)
    _main_stk                                0x080000ed   Thumb Code     0  entry2.o(.ARM.Collect$$$$00000001)
    _main_scatterload                        0x080000f1   Thumb Code     0  entry5.o(.ARM.Collect$$$$00000004)
    __main_after_scatterload                 0x080000f5   Thumb Code     0  entry5.o(.ARM.Collect$$$$00000004)
    _main_clock                              0x080000f5   Thumb Code     0  entry7b.o(.ARM.Collect$$$$00000008)
    _main_cpp_init                           0x080000f5   Thumb Code     0  entry8b.o(.ARM.Collect$$$$0000000A)
    _main_init                               0x080000f5   Thumb Code     0  entry9a.o(.ARM.Collect$$$$0000000B)
    __rt_lib_shutdown_fini                   0x080000fd   Thumb Code     0  entry12b.o(.ARM.Collect$$$$0000000E)
    __rt_final_cpp                           0x08000101   Thumb Code     0  entry10a.o(.ARM.Collect$$$$0000000F)
    __rt_final_exit                          0x08000101   Thumb Code     0  entry11a.o(.ARM.Collect$$$$00000011)
    Reset_Handler                            0x08000105   Thumb Code     8  startup_stm32f10x_md.o(.text)
    ADC1_2_IRQHandler                        0x0800011f   Thumb Code     0  startup_stm32f10x_md.o(.text)
    CAN1_RX1_IRQHandler                      0x0800011f   Thumb Code     0  startup_stm32f10x_md.o(.text)
    CAN1_SCE_IRQHandler                      0x0800011f   Thumb Code     0  startup_stm32f10x_md.o(.text)
    DMA1_Channel1_IRQHandler                 0x0800011f   Thumb Code     0  startup_stm32f10x_md.o(.text)
    DMA1_Channel2_IRQHandler                 0x0800011f   Thumb Code     0  startup_stm32f10x_md.o(.text)
    DMA1_Channel3_IRQHandler                 0x0800011f   Thumb Code     0  startup_stm32f10x_md.o(.text)
    DMA1_Channel4_IRQHandler                 0x0800011f   Thumb Code     0  startup_stm32f10x_md.o(.text)
    DMA1_Channel5_IRQHandler                 0x0800011f   Thumb Code     0  startup_stm32f10x_md.o(.text)
    DMA1_Channel6_IRQHandler                 0x0800011f   Thumb Code     0  startup_stm32f10x_md.o(.text)
    DMA1_Channel7_IRQHandler                 0x0800011f   Thumb Code     0  startup_stm32f10x_md.o(.text)
    EXTI0_IRQHandler                         0x0800011f   Thumb Code     0  startup_stm32f10x_md.o(.text)
    EXTI15_10_IRQHandler                     0x0800011f   Thumb Code     0  startup_stm32f10x_md.o(.text)
    EXTI1_IRQHandler                         0x0800011f   Thumb Code     0  startup_stm32f10x_md.o(.text)
    EXTI2_IRQHandler                         0x0800011f   Thumb Code     0  startup_stm32f10x_md.o(.text)
    EXTI3_IRQHandler                         0x0800011f   Thumb Code     0  startup_stm32f10x_md.o(.text)
    EXTI4_IRQHandler                         0x0800011f   Thumb Code     0  startup_stm32f10x_md.o(.text)
    EXTI9_5_IRQHandler                       0x0800011f   Thumb Code     0  startup_stm32f10x_md.o(.text)
    FLASH_IRQHandler                         0x0800011f   Thumb Code     0  startup_stm32f10x_md.o(.text)
    I2C1_ER_IRQHandler                       0x0800011f   Thumb Code     0  startup_stm32f10x_md.o(.text)
    I2C1_EV_IRQHandler                       0x0800011f   Thumb Code     0  startup_stm32f10x_md.o(.text)
    I2C2_ER_IRQHandler                       0x0800011f   Thumb Code     0  startup_stm32f10x_md.o(.text)
    I2C2_EV_IRQHandler                       0x0800011f   Thumb Code     0  startup_stm32f10x_md.o(.text)
    PVD_IRQHandler                           0x0800011f   Thumb Code     0  startup_stm32f10x_md.o(.text)
    RCC_IRQHandler                           0x0800011f   Thumb Code     0  startup_stm32f10x_md.o(.text)
    RTCAlarm_IRQHandler                      0x0800011f   Thumb Code     0  startup_stm32f10x_md.o(.text)
    RTC_IRQHandler                           0x0800011f   Thumb Code     0  startup_stm32f10x_md.o(.text)
    SPI1_IRQHandler                          0x0800011f   Thumb Code     0  startup_stm32f10x_md.o(.text)
    SPI2_IRQHandler                          0x0800011f   Thumb Code     0  startup_stm32f10x_md.o(.text)
    TAMPER_IRQHandler                        0x0800011f   Thumb Code     0  startup_stm32f10x_md.o(.text)
    TIM1_BRK_IRQHandler                      0x0800011f   Thumb Code     0  startup_stm32f10x_md.o(.text)
    TIM1_CC_IRQHandler                       0x0800011f   Thumb Code     0  startup_stm32f10x_md.o(.text)
    TIM1_TRG_COM_IRQHandler                  0x0800011f   Thumb Code     0  startup_stm32f10x_md.o(.text)
    TIM1_UP_IRQHandler                       0x0800011f   Thumb Code     0  startup_stm32f10x_md.o(.text)
    TIM2_IRQHandler                          0x0800011f   Thumb Code     0  startup_stm32f10x_md.o(.text)
    TIM3_IRQHandler                          0x0800011f   Thumb Code     0  startup_stm32f10x_md.o(.text)
    USART2_IRQHandler                        0x0800011f   Thumb Code     0  startup_stm32f10x_md.o(.text)
    USBWakeUp_IRQHandler                     0x0800011f   Thumb Code     0  startup_stm32f10x_md.o(.text)
    USB_HP_CAN1_TX_IRQHandler                0x0800011f   Thumb Code     0  startup_stm32f10x_md.o(.text)
    USB_LP_CAN1_RX0_IRQHandler               0x0800011f   Thumb Code     0  startup_stm32f10x_md.o(.text)
    WWDG_IRQHandler                          0x0800011f   Thumb Code     0  startup_stm32f10x_md.o(.text)
    __aeabi_memset                           0x08000129   Thumb Code    14  memseta.o(.text)
    __aeabi_memset4                          0x08000129   Thumb Code     0  memseta.o(.text)
    __aeabi_memset8                          0x08000129   Thumb Code     0  memseta.o(.text)
    __aeabi_memclr                           0x08000137   Thumb Code     4  memseta.o(.text)
    __aeabi_memclr4                          0x08000137   Thumb Code     0  memseta.o(.text)
    __aeabi_memclr8                          0x08000137   Thumb Code     0  memseta.o(.text)
    _memset$wrapper                          0x0800013b   Thumb Code    18  memseta.o(.text)
    strstr                                   0x0800014d   Thumb Code    36  strstr.o(.text)
    strchr                                   0x08000171   Thumb Code    20  strchr.o(.text)
    strlen                                   0x08000185   Thumb Code    14  strlen.o(.text)
    strcmp                                   0x08000193   Thumb Code    28  strcmp.o(.text)
    __aeabi_dadd                             0x080001af   Thumb Code   322  dadd.o(.text)
    __aeabi_dsub                             0x080002f1   Thumb Code     6  dadd.o(.text)
    __aeabi_drsub                            0x080002f7   Thumb Code     6  dadd.o(.text)
    __aeabi_dmul                             0x080002fd   Thumb Code   228  dmul.o(.text)
    __aeabi_ui2d                             0x080003e1   Thumb Code    26  dfltui.o(.text)
    __aeabi_d2uiz                            0x080003fb   Thumb Code    50  dfixui.o(.text)
    __aeabi_cdrcmple                         0x0800042d   Thumb Code    48  cdrcmple.o(.text)
    __aeabi_uidiv                            0x0800045d   Thumb Code     0  uidiv.o(.text)
    __aeabi_uidivmod                         0x0800045d   Thumb Code    44  uidiv.o(.text)
    __aeabi_uldivmod                         0x08000489   Thumb Code    98  uldiv.o(.text)
    __aeabi_llsl                             0x080004eb   Thumb Code    30  llshl.o(.text)
    _ll_shift_l                              0x080004eb   Thumb Code     0  llshl.o(.text)
    __aeabi_llsr                             0x08000509   Thumb Code    32  llushr.o(.text)
    _ll_ushift_r                             0x08000509   Thumb Code     0  llushr.o(.text)
    __aeabi_lasr                             0x08000529   Thumb Code    36  llsshr.o(.text)
    _ll_sshift_r                             0x08000529   Thumb Code     0  llsshr.o(.text)
    __I$use$fp                               0x0800054d   Thumb Code     0  iusefp.o(.text)
    _double_round                            0x0800054d   Thumb Code    30  depilogue.o(.text)
    _double_epilogue                         0x0800056b   Thumb Code   156  depilogue.o(.text)
    __aeabi_ddiv                             0x08000607   Thumb Code   222  ddiv.o(.text)
    __aeabi_d2ulz                            0x080006e5   Thumb Code    48  dfixul.o(.text)
    __scatterload                            0x08000715   Thumb Code    28  init.o(.text)
    __scatterload_rt2                        0x08000715   Thumb Code     0  init.o(.text)
    ADC_Cmd                                  0x08000739   Thumb Code    24  stm32f10x_adc.o(i.ADC_Cmd)
    ADC_DeInit                               0x08000751   Thumb Code    88  stm32f10x_adc.o(i.ADC_DeInit)
    ADC_GetCalibrationStatus                 0x080007b5   Thumb Code    14  stm32f10x_adc.o(i.ADC_GetCalibrationStatus)
    ADC_GetConversionValue                   0x080007c3   Thumb Code     6  stm32f10x_adc.o(i.ADC_GetConversionValue)
    ADC_GetFlagStatus                        0x080007c9   Thumb Code    14  stm32f10x_adc.o(i.ADC_GetFlagStatus)
    ADC_GetResetCalibrationStatus            0x080007d7   Thumb Code    14  stm32f10x_adc.o(i.ADC_GetResetCalibrationStatus)
    ADC_Init                                 0x080007e5   Thumb Code    62  stm32f10x_adc.o(i.ADC_Init)
    ADC_RegularChannelConfig                 0x0800082d   Thumb Code   116  stm32f10x_adc.o(i.ADC_RegularChannelConfig)
    ADC_ResetCalibration                     0x080008a1   Thumb Code    10  stm32f10x_adc.o(i.ADC_ResetCalibration)
    ADC_SoftwareStartConvCmd                 0x080008ab   Thumb Code    24  stm32f10x_adc.o(i.ADC_SoftwareStartConvCmd)
    ADC_StartCalibration                     0x080008c3   Thumb Code    10  stm32f10x_adc.o(i.ADC_StartCalibration)
    BusFault_Handler                         0x080008cd   Thumb Code     2  stm32f10x_it.o(i.BusFault_Handler)
    Control_Execute                          0x080008d1   Thumb Code   174  autocontrol.o(i.Control_Execute)
    Control_Init                             0x080009a9   Thumb Code    30  autocontrol.o(i.Control_Init)
    DHT_GPIO_Init                            0x080009cd   Thumb Code    50  dht11.o(i.DHT_GPIO_Init)
    DHT_Get_Byte_Data                        0x08000a05   Thumb Code    78  dht11.o(i.DHT_Get_Byte_Data)
    DHT_Get_Temp_Humi_Data                   0x08000a59   Thumb Code    68  dht11.o(i.DHT_Get_Temp_Humi_Data)
    DHT_Start                                0x08000a9d   Thumb Code    90  dht11.o(i.DHT_Start)
    DebugMon_Handler                         0x08000afd   Thumb Code     2  stm32f10x_it.o(i.DebugMon_Handler)
    Delay_ms                                 0x08000aff   Thumb Code    24  delay.o(i.Delay_ms)
    Delay_us                                 0x08000b17   Thumb Code    32  delay.o(i.Delay_us)
    ESP8266_Clear                            0x08000b39   Thumb Code    20  esp8266.o(i.ESP8266_Clear)
    ESP8266_GetIPD                           0x08000b55   Thumb Code    64  esp8266.o(i.ESP8266_GetIPD)
    ESP8266_Init                             0x08000ba5   Thumb Code   220  esp8266.o(i.ESP8266_Init)
    ESP8266_SendCmd                          0x08000d85   Thumb Code    66  esp8266.o(i.ESP8266_SendCmd)
    ESP8266_SendData                         0x08000dd1   Thumb Code    48  esp8266.o(i.ESP8266_SendData)
    ESP8266_WaitRecive                       0x08000e19   Thumb Code    30  esp8266.o(i.ESP8266_WaitRecive)
    GPIO_Init                                0x08000e3d   Thumb Code   166  stm32f10x_gpio.o(i.GPIO_Init)
    GPIO_PinRemapConfig                      0x08000ee5   Thumb Code    86  stm32f10x_gpio.o(i.GPIO_PinRemapConfig)
    GPIO_ReadInputDataBit                    0x08000f41   Thumb Code    14  stm32f10x_gpio.o(i.GPIO_ReadInputDataBit)
    GPIO_ReadOutputDataBit                   0x08000f4f   Thumb Code    14  stm32f10x_gpio.o(i.GPIO_ReadOutputDataBit)
    GPIO_ResetBits                           0x08000f5d   Thumb Code     4  stm32f10x_gpio.o(i.GPIO_ResetBits)
    GPIO_SetBits                             0x08000f61   Thumb Code     4  stm32f10x_gpio.o(i.GPIO_SetBits)
    GPIO_WriteBit                            0x08000f65   Thumb Code    12  stm32f10x_gpio.o(i.GPIO_WriteBit)
    HardFault_Handler                        0x08000f71   Thumb Code     2  stm32f10x_it.o(i.HardFault_Handler)
    Key_Execute                              0x08000f75   Thumb Code   102  key.o(i.Key_Execute)
    Key_GetNum                               0x08001011   Thumb Code   146  key.o(i.Key_GetNum)
    Key_Init                                 0x080010b1   Thumb Code    70  key.o(i.Key_Init)
    LED0_Turn                                0x08001101   Thumb Code    38  led.o(i.LED0_Turn)
    LED1_OFF                                 0x0800112d   Thumb Code     8  led.o(i.LED1_OFF)
    LED1_ON                                  0x08001139   Thumb Code     8  led.o(i.LED1_ON)
    LED1_Turn                                0x08001145   Thumb Code    38  led.o(i.LED1_Turn)
    LED_Init                                 0x08001171   Thumb Code    78  led.o(i.LED_Init)
    MemManage_Handler                        0x080011c9   Thumb Code     2  stm32f10x_it.o(i.MemManage_Handler)
    NMI_Handler                              0x080011cb   Thumb Code     2  stm32f10x_it.o(i.NMI_Handler)
    NVIC_Init                                0x080011cd   Thumb Code    96  misc.o(i.NVIC_Init)
    PendSV_Handler                           0x08001231   Thumb Code     2  stm32f10x_it.o(i.PendSV_Handler)
    RCC_APB1PeriphClockCmd                   0x08001235   Thumb Code    22  stm32f10x_rcc.o(i.RCC_APB1PeriphClockCmd)
    RCC_APB2PeriphClockCmd                   0x08001251   Thumb Code    22  stm32f10x_rcc.o(i.RCC_APB2PeriphClockCmd)
    RCC_APB2PeriphResetCmd                   0x0800126d   Thumb Code    22  stm32f10x_rcc.o(i.RCC_APB2PeriphResetCmd)
    RCC_GetClocksFreq                        0x08001289   Thumb Code   154  stm32f10x_rcc.o(i.RCC_GetClocksFreq)
    SVC_Handler                              0x08001335   Thumb Code     2  stm32f10x_it.o(i.SVC_Handler)
    Stepper_GPIOInit                         0x080013ed   Thumb Code    48  stepper.o(i.Stepper_GPIOInit)
    Stepper_RotateByLoop                     0x08001421   Thumb Code    36  stepper.o(i.Stepper_RotateByLoop)
    Stepper_RotateByStep                     0x08001445   Thumb Code    48  stepper.o(i.Stepper_RotateByStep)
    Stepper_SingleStep                       0x08001479   Thumb Code   124  stepper.o(i.Stepper_SingleStep)
    Stepper_Stop                             0x080014f9   Thumb Code     8  stepper.o(i.Stepper_Stop)
    SysTick_Handler                          0x08001505   Thumb Code     2  stm32f10x_it.o(i.SysTick_Handler)
    SystemInit                               0x08001509   Thumb Code    64  system_stm32f10x.o(i.SystemInit)
    TIM3_PWM_Init                            0x08001559   Thumb Code   134  timer.o(i.TIM3_PWM_Init)
    TIM4_IRQHandler                          0x080015ed   Thumb Code    88  timer.o(i.TIM4_IRQHandler)
    TIM_ClearITPendingBit                    0x0800164d   Thumb Code     6  stm32f10x_tim.o(i.TIM_ClearITPendingBit)
    TIM_Cmd                                  0x08001653   Thumb Code    24  stm32f10x_tim.o(i.TIM_Cmd)
    TIM_GetITStatus                          0x0800166b   Thumb Code    24  stm32f10x_tim.o(i.TIM_GetITStatus)
    TIM_OC2Init                              0x08001685   Thumb Code   128  stm32f10x_tim.o(i.TIM_OC2Init)
    TIM_OC2PreloadConfig                     0x0800170d   Thumb Code    20  stm32f10x_tim.o(i.TIM_OC2PreloadConfig)
    TIM_SetCompare2                          0x08001721   Thumb Code     4  stm32f10x_tim.o(i.TIM_SetCompare2)
    TIM_TimeBaseInit                         0x08001725   Thumb Code   114  stm32f10x_tim.o(i.TIM_TimeBaseInit)
    USART1_IRQHandler                        0x080017c1   Thumb Code    32  usart.o(i.USART1_IRQHandler)
    USART3_IRQHandler                        0x080017e5   Thumb Code    60  esp8266.o(i.USART3_IRQHandler)
    USART_ClearFlag                          0x0800182d   Thumb Code     8  stm32f10x_usart.o(i.USART_ClearFlag)
    USART_Cmd                                0x08001835   Thumb Code    24  stm32f10x_usart.o(i.USART_Cmd)
    USART_GetFlagStatus                      0x0800184d   Thumb Code    14  stm32f10x_usart.o(i.USART_GetFlagStatus)
    USART_GetITStatus                        0x0800185b   Thumb Code    64  stm32f10x_usart.o(i.USART_GetITStatus)
    USART_ITConfig                           0x0800189b   Thumb Code    54  stm32f10x_usart.o(i.USART_ITConfig)
    USART_Init                               0x080018d1   Thumb Code   182  stm32f10x_usart.o(i.USART_Init)
    USART_SendData                           0x0800198d   Thumb Code     8  stm32f10x_usart.o(i.USART_SendData)
    UsageFault_Handler                       0x08001995   Thumb Code     2  stm32f10x_it.o(i.UsageFault_Handler)
    Usart1_Init                              0x08001999   Thumb Code   164  usart.o(i.Usart1_Init)
    UsartPrintf                              0x08001a45   Thumb Code    64  usart.o(i.UsartPrintf)
    Usart_SendString                         0x08001a85   Thumb Code    48  usart.o(i.Usart_SendString)
    __0sprintf                               0x08001ab5   Thumb Code    34  printfa.o(i.__0sprintf)
    __1sprintf                               0x08001ab5   Thumb Code     0  printfa.o(i.__0sprintf)
    __2sprintf                               0x08001ab5   Thumb Code     0  printfa.o(i.__0sprintf)
    __c89sprintf                             0x08001ab5   Thumb Code     0  printfa.o(i.__0sprintf)
    sprintf                                  0x08001ab5   Thumb Code     0  printfa.o(i.__0sprintf)
    __0vsnprintf                             0x08001add   Thumb Code    46  printfa.o(i.__0vsnprintf)
    __1vsnprintf                             0x08001add   Thumb Code     0  printfa.o(i.__0vsnprintf)
    __2vsnprintf                             0x08001add   Thumb Code     0  printfa.o(i.__0vsnprintf)
    __c89vsnprintf                           0x08001add   Thumb Code     0  printfa.o(i.__0vsnprintf)
    vsnprintf                                0x08001add   Thumb Code     0  printfa.o(i.__0vsnprintf)
    __scatterload_copy                       0x08001b11   Thumb Code    14  handlers.o(i.__scatterload_copy)
    __scatterload_null                       0x08001b1f   Thumb Code     2  handlers.o(i.__scatterload_null)
    __scatterload_zeroinit                   0x08001b21   Thumb Code    14  handlers.o(i.__scatterload_zeroinit)
    adc3_get_result                          0x080023dd   Thumb Code    46  adc3.o(i.adc3_get_result)
    adc3_get_result_average                  0x08002411   Thumb Code    44  adc3.o(i.adc3_get_result_average)
    adc3_init                                0x0800243d   Thumb Code   116  adc3.o(i.adc3_init)
    lcd_clear                                0x080024b5   Thumb Code    40  lcd.o(i.lcd_clear)
    lcd_display_dir                          0x080024e5   Thumb Code   200  lcd.o(i.lcd_display_dir)
    lcd_draw_point                           0x080025b1   Thumb Code    18  lcd.o(i.lcd_draw_point)
    lcd_ex_ili9341_reginit                   0x080025c9   Thumb Code   558  lcd.o(i.lcd_ex_ili9341_reginit)
    lcd_ex_nt35310_reginit                   0x080027f7   Thumb Code  3828  lcd.o(i.lcd_ex_nt35310_reginit)
    lcd_ex_nt35510_reginit                   0x080036eb   Thumb Code  3834  lcd.o(i.lcd_ex_nt35510_reginit)
    lcd_ex_ssd1963_reginit                   0x080045e5   Thumb Code   368  lcd.o(i.lcd_ex_ssd1963_reginit)
    lcd_ex_st7789_reginit                    0x08004755   Thumb Code   426  lcd.o(i.lcd_ex_st7789_reginit)
    lcd_init                                 0x08004901   Thumb Code   690  lcd.o(i.lcd_init)
    lcd_scan_dir                             0x08004c11   Thumb Code   424  lcd.o(i.lcd_scan_dir)
    lcd_set_cursor                           0x08004dbd   Thumb Code   254  lcd.o(i.lcd_set_cursor)
    lcd_show_char                            0x08004ec1   Thumb Code   212  lcd.o(i.lcd_show_char)
    lcd_show_status                          0x08004fad   Thumb Code    48  lcd.o(i.lcd_show_status)
    lcd_show_string                          0x08004ff5   Thumb Code    84  lcd.o(i.lcd_show_string)
    lcd_show_xnum                            0x08005049   Thumb Code   162  lcd.o(i.lcd_show_xnum)
    lcd_ssd_backlight_set                    0x080050ed   Thumb Code    70  lcd.o(i.lcd_ssd_backlight_set)
    lcd_wr_data                              0x08005139   Thumb Code    18  lcd.o(i.lcd_wr_data)
    lcd_wr_regno                             0x08005151   Thumb Code    18  lcd.o(i.lcd_wr_regno)
    lcd_write_ram_prepare                    0x08005169   Thumb Code    10  lcd.o(i.lcd_write_ram_prepare)
    lcd_write_reg                            0x0800517d   Thumb Code    10  lcd.o(i.lcd_write_reg)
    ledlevel_change                          0x0800518d   Thumb Code    94  autocontrol.o(i.ledlevel_change)
    lsens_get_val                            0x080051f9   Thumb Code    30  lsens.o(i.lsens_get_val)
    lsens_init                               0x08005219   Thumb Code    38  lsens.o(i.lsens_init)
    main                                     0x08005245   Thumb Code   458  main.o(i.main)
    manual_control                           0x08005495   Thumb Code    74  autocontrol.o(i.manual_control)
    sys_gpio_pin_set                         0x080054ed   Thumb Code    22  sys.o(i.sys_gpio_pin_set)
    sys_gpio_set                             0x08005503   Thumb Code   184  sys.o(i.sys_gpio_set)
    uart3_init                               0x080055bd   Thumb Code   158  usart.o(i.uart3_init)
    asc2_1206                                0x08005664   Data        1140  lcd.o(.constdata)
    asc2_1608                                0x08005ad8   Data        1520  lcd.o(.constdata)
    asc2_2412                                0x080060c8   Data        3420  lcd.o(.constdata)
    asc2_3216                                0x08006e24   Data        6080  lcd.o(.constdata)
    Region$$Table$$Base                      0x0800868c   Number         0  anon$$obj.o(Region$$Table)
    Region$$Table$$Limit                     0x080086ac   Number         0  anon$$obj.o(Region$$Table)
    DHT_Buffer                               0x20000014   Data           5  dht11.o(.data)
    timeCount                                0x2000001c   Data           2  timer.o(.data)
    timedAD                                  0x20000020   Data           8  timer.o(.data)
    timeDht11                                0x20000028   Data           8  timer.o(.data)
    timed8266                                0x20000030   Data           8  timer.o(.data)
    timedSuB8266                             0x20000038   Data           8  timer.o(.data)
    timedAuto                                0x20000040   Data           8  timer.o(.data)
    g_back_color                             0x2000004c   Data           4  lcd.o(.data)
    AutoControl_mode                         0x20000050   Data           1  autocontrol.o(.data)
    led_flag                                 0x20000051   Data           1  autocontrol.o(.data)
    motorStatus1                             0x20000052   Data           1  autocontrol.o(.data)
    motorStatus2                             0x20000053   Data           1  autocontrol.o(.data)
    STEP                                     0x20000054   Data           1  stepper.o(.data)
    esp8266_cnt                              0x20000056   Data           2  esp8266.o(.data)
    esp8266_cntPre                           0x20000058   Data           2  esp8266.o(.data)
    humidityH                                0x2000005c   Data           2  main.o(.data)
    temperatureH                             0x2000005e   Data           2  main.o(.data)
    Light                                    0x20000060   Data           2  main.o(.data)
    dataPtr                                  0x20000064   Data           4  main.o(.data)
    lcddev                                   0x20000068   Data          14  lcd.o(.bss)
    tempControl                              0x20000078   Data          20  autocontrol.o(.bss)
    lightControl                             0x2000008c   Data          16  autocontrol.o(.bss)
    esp8266_buf                              0x2000009c   Data         256  esp8266.o(.bss)
    PUB_BUF                                  0x2000019c   Data         256  main.o(.bss)
    __initial_sp                             0x200006a0   Data           0  startup_stm32f10x_md.o(STACK)



==============================================================================

Memory Map of the image

  Image Entry point : 0x080000ed

  Load Region LR_IROM1 (Base: 0x08000000, Size: 0x00008714, Max: 0x00010000, ABSOLUTE)

    Execution Region ER_IROM1 (Exec base: 0x08000000, Load base: 0x08000000, Size: 0x000086ac, Max: 0x00010000, ABSOLUTE)

    Exec Addr    Load Addr    Size         Type   Attr      Idx    E Section Name        Object

    0x08000000   0x08000000   0x000000ec   Data   RO            3    RESET               startup_stm32f10x_md.o
    0x080000ec   0x080000ec   0x00000000   Code   RO         4538  * .ARM.Collect$$$$00000000  mc_w.l(entry.o)
    0x080000ec   0x080000ec   0x00000004   Code   RO         4895    .ARM.Collect$$$$00000001  mc_w.l(entry2.o)
    0x080000f0   0x080000f0   0x00000004   Code   RO         4898    .ARM.Collect$$$$00000004  mc_w.l(entry5.o)
    0x080000f4   0x080000f4   0x00000000   Code   RO         4900    .ARM.Collect$$$$00000008  mc_w.l(entry7b.o)
    0x080000f4   0x080000f4   0x00000000   Code   RO         4902    .ARM.Collect$$$$0000000A  mc_w.l(entry8b.o)
    0x080000f4   0x080000f4   0x00000008   Code   RO         4903    .ARM.Collect$$$$0000000B  mc_w.l(entry9a.o)
    0x080000fc   0x080000fc   0x00000004   Code   RO         4910    .ARM.Collect$$$$0000000E  mc_w.l(entry12b.o)
    0x08000100   0x08000100   0x00000000   Code   RO         4905    .ARM.Collect$$$$0000000F  mc_w.l(entry10a.o)
    0x08000100   0x08000100   0x00000000   Code   RO         4907    .ARM.Collect$$$$00000011  mc_w.l(entry11a.o)
    0x08000100   0x08000100   0x00000004   Code   RO         4896    .ARM.Collect$$$$00002712  mc_w.l(entry2.o)
    0x08000104   0x08000104   0x00000024   Code   RO            4    .text               startup_stm32f10x_md.o
    0x08000128   0x08000128   0x00000024   Code   RO         4545    .text               mc_w.l(memseta.o)
    0x0800014c   0x0800014c   0x00000024   Code   RO         4547    .text               mc_w.l(strstr.o)
    0x08000170   0x08000170   0x00000014   Code   RO         4549    .text               mc_w.l(strchr.o)
    0x08000184   0x08000184   0x0000000e   Code   RO         4551    .text               mc_w.l(strlen.o)
    0x08000192   0x08000192   0x0000001c   Code   RO         4553    .text               mc_w.l(strcmp.o)
    0x080001ae   0x080001ae   0x0000014e   Code   RO         4850    .text               mf_w.l(dadd.o)
    0x080002fc   0x080002fc   0x000000e4   Code   RO         4852    .text               mf_w.l(dmul.o)
    0x080003e0   0x080003e0   0x0000001a   Code   RO         4856    .text               mf_w.l(dfltui.o)
    0x080003fa   0x080003fa   0x00000032   Code   RO         4860    .text               mf_w.l(dfixui.o)
    0x0800042c   0x0800042c   0x00000030   Code   RO         4866    .text               mf_w.l(cdrcmple.o)
    0x0800045c   0x0800045c   0x0000002c   Code   RO         4914    .text               mc_w.l(uidiv.o)
    0x08000488   0x08000488   0x00000062   Code   RO         4916    .text               mc_w.l(uldiv.o)
    0x080004ea   0x080004ea   0x0000001e   Code   RO         4918    .text               mc_w.l(llshl.o)
    0x08000508   0x08000508   0x00000020   Code   RO         4920    .text               mc_w.l(llushr.o)
    0x08000528   0x08000528   0x00000024   Code   RO         4922    .text               mc_w.l(llsshr.o)
    0x0800054c   0x0800054c   0x00000000   Code   RO         4933    .text               mc_w.l(iusefp.o)
    0x0800054c   0x0800054c   0x000000ba   Code   RO         4934    .text               mf_w.l(depilogue.o)
    0x08000606   0x08000606   0x000000de   Code   RO         4936    .text               mf_w.l(ddiv.o)
    0x080006e4   0x080006e4   0x00000030   Code   RO         4940    .text               mf_w.l(dfixul.o)
    0x08000714   0x08000714   0x00000024   Code   RO         4942    .text               mc_w.l(init.o)
    0x08000738   0x08000738   0x00000018   Code   RO          202    i.ADC_Cmd           stm32f10x_adc.o
    0x08000750   0x08000750   0x00000064   Code   RO          204    i.ADC_DeInit        stm32f10x_adc.o
    0x080007b4   0x080007b4   0x0000000e   Code   RO          210    i.ADC_GetCalibrationStatus  stm32f10x_adc.o
    0x080007c2   0x080007c2   0x00000006   Code   RO          211    i.ADC_GetConversionValue  stm32f10x_adc.o
    0x080007c8   0x080007c8   0x0000000e   Code   RO          213    i.ADC_GetFlagStatus  stm32f10x_adc.o
    0x080007d6   0x080007d6   0x0000000e   Code   RO          216    i.ADC_GetResetCalibrationStatus  stm32f10x_adc.o
    0x080007e4   0x080007e4   0x00000048   Code   RO          220    i.ADC_Init          stm32f10x_adc.o
    0x0800082c   0x0800082c   0x00000074   Code   RO          224    i.ADC_RegularChannelConfig  stm32f10x_adc.o
    0x080008a0   0x080008a0   0x0000000a   Code   RO          225    i.ADC_ResetCalibration  stm32f10x_adc.o
    0x080008aa   0x080008aa   0x00000018   Code   RO          227    i.ADC_SoftwareStartConvCmd  stm32f10x_adc.o
    0x080008c2   0x080008c2   0x0000000a   Code   RO          229    i.ADC_StartCalibration  stm32f10x_adc.o
    0x080008cc   0x080008cc   0x00000002   Code   RO         4461    i.BusFault_Handler  stm32f10x_it.o
    0x080008ce   0x080008ce   0x00000002   PAD
    0x080008d0   0x080008d0   0x000000d8   Code   RO         3852    i.Control_Execute   autocontrol.o
    0x080009a8   0x080009a8   0x00000024   Code   RO         3853    i.Control_Init      autocontrol.o
    0x080009cc   0x080009cc   0x00000038   Code   RO         3385    i.DHT_GPIO_Init     dht11.o
    0x08000a04   0x08000a04   0x00000054   Code   RO         3386    i.DHT_Get_Byte_Data  dht11.o
    0x08000a58   0x08000a58   0x00000044   Code   RO         3387    i.DHT_Get_Temp_Humi_Data  dht11.o
    0x08000a9c   0x08000a9c   0x00000060   Code   RO         3388    i.DHT_Start         dht11.o
    0x08000afc   0x08000afc   0x00000002   Code   RO         4462    i.DebugMon_Handler  stm32f10x_it.o
    0x08000afe   0x08000afe   0x00000018   Code   RO         3300    i.Delay_ms          delay.o
    0x08000b16   0x08000b16   0x00000020   Code   RO         3302    i.Delay_us          delay.o
    0x08000b36   0x08000b36   0x00000002   PAD
    0x08000b38   0x08000b38   0x0000001c   Code   RO         4000    i.ESP8266_Clear     esp8266.o
    0x08000b54   0x08000b54   0x00000050   Code   RO         4001    i.ESP8266_GetIPD    esp8266.o
    0x08000ba4   0x08000ba4   0x000001e0   Code   RO         4002    i.ESP8266_Init      esp8266.o
    0x08000d84   0x08000d84   0x0000004c   Code   RO         4003    i.ESP8266_SendCmd   esp8266.o
    0x08000dd0   0x08000dd0   0x00000048   Code   RO         4004    i.ESP8266_SendData  esp8266.o
    0x08000e18   0x08000e18   0x00000024   Code   RO         4005    i.ESP8266_WaitRecive  esp8266.o
    0x08000e3c   0x08000e3c   0x000000a6   Code   RO         1347    i.GPIO_Init         stm32f10x_gpio.o
    0x08000ee2   0x08000ee2   0x00000002   PAD
    0x08000ee4   0x08000ee4   0x0000005c   Code   RO         1349    i.GPIO_PinRemapConfig  stm32f10x_gpio.o
    0x08000f40   0x08000f40   0x0000000e   Code   RO         1351    i.GPIO_ReadInputDataBit  stm32f10x_gpio.o
    0x08000f4e   0x08000f4e   0x0000000e   Code   RO         1353    i.GPIO_ReadOutputDataBit  stm32f10x_gpio.o
    0x08000f5c   0x08000f5c   0x00000004   Code   RO         1354    i.GPIO_ResetBits    stm32f10x_gpio.o
    0x08000f60   0x08000f60   0x00000004   Code   RO         1355    i.GPIO_SetBits      stm32f10x_gpio.o
    0x08000f64   0x08000f64   0x0000000c   Code   RO         1358    i.GPIO_WriteBit     stm32f10x_gpio.o
    0x08000f70   0x08000f70   0x00000002   Code   RO         4463    i.HardFault_Handler  stm32f10x_it.o
    0x08000f72   0x08000f72   0x00000002   PAD
    0x08000f74   0x08000f74   0x0000009c   Code   RO         3466    i.Key_Execute       key.o
    0x08001010   0x08001010   0x000000a0   Code   RO         3467    i.Key_GetNum        key.o
    0x080010b0   0x080010b0   0x00000050   Code   RO         3468    i.Key_Init          key.o
    0x08001100   0x08001100   0x0000002c   Code   RO         3516    i.LED0_Turn         led.o
    0x0800112c   0x0800112c   0x0000000c   Code   RO         3517    i.LED1_OFF          led.o
    0x08001138   0x08001138   0x0000000c   Code   RO         3518    i.LED1_ON           led.o
    0x08001144   0x08001144   0x0000002c   Code   RO         3519    i.LED1_Turn         led.o
    0x08001170   0x08001170   0x00000058   Code   RO         3520    i.LED_Init          led.o
    0x080011c8   0x080011c8   0x00000002   Code   RO         4464    i.MemManage_Handler  stm32f10x_it.o
    0x080011ca   0x080011ca   0x00000002   Code   RO         4465    i.NMI_Handler       stm32f10x_it.o
    0x080011cc   0x080011cc   0x00000064   Code   RO          137    i.NVIC_Init         misc.o
    0x08001230   0x08001230   0x00000002   Code   RO         4466    i.PendSV_Handler    stm32f10x_it.o
    0x08001232   0x08001232   0x00000002   PAD
    0x08001234   0x08001234   0x0000001c   Code   RO         1775    i.RCC_APB1PeriphClockCmd  stm32f10x_rcc.o
    0x08001250   0x08001250   0x0000001c   Code   RO         1777    i.RCC_APB2PeriphClockCmd  stm32f10x_rcc.o
    0x0800126c   0x0800126c   0x0000001c   Code   RO         1778    i.RCC_APB2PeriphResetCmd  stm32f10x_rcc.o
    0x08001288   0x08001288   0x000000ac   Code   RO         1785    i.RCC_GetClocksFreq  stm32f10x_rcc.o
    0x08001334   0x08001334   0x00000002   Code   RO         4467    i.SVC_Handler       stm32f10x_it.o
    0x08001336   0x08001336   0x00000004   Code   RO           24    i.SetSysClock       system_stm32f10x.o
    0x0800133a   0x0800133a   0x00000002   PAD
    0x0800133c   0x0800133c   0x000000b0   Code   RO           25    i.SetSysClockTo72   system_stm32f10x.o
    0x080013ec   0x080013ec   0x00000034   Code   RO         3958    i.Stepper_GPIOInit  stepper.o
    0x08001420   0x08001420   0x00000024   Code   RO         3959    i.Stepper_RotateByLoop  stepper.o
    0x08001444   0x08001444   0x00000034   Code   RO         3960    i.Stepper_RotateByStep  stepper.o
    0x08001478   0x08001478   0x00000080   Code   RO         3961    i.Stepper_SingleStep  stepper.o
    0x080014f8   0x080014f8   0x0000000c   Code   RO         3962    i.Stepper_Stop      stepper.o
    0x08001504   0x08001504   0x00000002   Code   RO         4468    i.SysTick_Handler   stm32f10x_it.o
    0x08001506   0x08001506   0x00000002   PAD
    0x08001508   0x08001508   0x00000050   Code   RO           27    i.SystemInit        system_stm32f10x.o
    0x08001558   0x08001558   0x00000094   Code   RO         3422    i.TIM3_PWM_Init     timer.o
    0x080015ec   0x080015ec   0x00000060   Code   RO         3423    i.TIM4_IRQHandler   timer.o
    0x0800164c   0x0800164c   0x00000006   Code   RO         2416    i.TIM_ClearITPendingBit  stm32f10x_tim.o
    0x08001652   0x08001652   0x00000018   Code   RO         2421    i.TIM_Cmd           stm32f10x_tim.o
    0x0800166a   0x0800166a   0x00000018   Code   RO         2442    i.TIM_GetITStatus   stm32f10x_tim.o
    0x08001682   0x08001682   0x00000002   PAD
    0x08001684   0x08001684   0x00000088   Code   RO         2455    i.TIM_OC2Init       stm32f10x_tim.o
    0x0800170c   0x0800170c   0x00000014   Code   RO         2458    i.TIM_OC2PreloadConfig  stm32f10x_tim.o
    0x08001720   0x08001720   0x00000004   Code   RO         2483    i.TIM_SetCompare2   stm32f10x_tim.o
    0x08001724   0x08001724   0x0000009c   Code   RO         2492    i.TIM_TimeBaseInit  stm32f10x_tim.o
    0x080017c0   0x080017c0   0x00000024   Code   RO         3324    i.USART1_IRQHandler  usart.o
    0x080017e4   0x080017e4   0x00000048   Code   RO         4006    i.USART3_IRQHandler  esp8266.o
    0x0800182c   0x0800182c   0x00000008   Code   RO         2956    i.USART_ClearFlag   stm32f10x_usart.o
    0x08001834   0x08001834   0x00000018   Code   RO         2960    i.USART_Cmd         stm32f10x_usart.o
    0x0800184c   0x0800184c   0x0000000e   Code   RO         2963    i.USART_GetFlagStatus  stm32f10x_usart.o
    0x0800185a   0x0800185a   0x00000040   Code   RO         2964    i.USART_GetITStatus  stm32f10x_usart.o
    0x0800189a   0x0800189a   0x00000036   Code   RO         2966    i.USART_ITConfig    stm32f10x_usart.o
    0x080018d0   0x080018d0   0x000000bc   Code   RO         2967    i.USART_Init        stm32f10x_usart.o
    0x0800198c   0x0800198c   0x00000008   Code   RO         2977    i.USART_SendData    stm32f10x_usart.o
    0x08001994   0x08001994   0x00000002   Code   RO         4469    i.UsageFault_Handler  stm32f10x_it.o
    0x08001996   0x08001996   0x00000002   PAD
    0x08001998   0x08001998   0x000000ac   Code   RO         3325    i.Usart1_Init       usart.o
    0x08001a44   0x08001a44   0x00000040   Code   RO         3327    i.UsartPrintf       usart.o
    0x08001a84   0x08001a84   0x00000030   Code   RO         3328    i.Usart_SendString  usart.o
    0x08001ab4   0x08001ab4   0x00000028   Code   RO         4796    i.__0sprintf        mc_w.l(printfa.o)
    0x08001adc   0x08001adc   0x00000034   Code   RO         4799    i.__0vsnprintf      mc_w.l(printfa.o)
    0x08001b10   0x08001b10   0x0000000e   Code   RO         4950    i.__scatterload_copy  mc_w.l(handlers.o)
    0x08001b1e   0x08001b1e   0x00000002   Code   RO         4951    i.__scatterload_null  mc_w.l(handlers.o)
    0x08001b20   0x08001b20   0x0000000e   Code   RO         4952    i.__scatterload_zeroinit  mc_w.l(handlers.o)
    0x08001b2e   0x08001b2e   0x00000002   PAD
    0x08001b30   0x08001b30   0x00000184   Code   RO         4801    i._fp_digits        mc_w.l(printfa.o)
    0x08001cb4   0x08001cb4   0x000006b4   Code   RO         4802    i._printf_core      mc_w.l(printfa.o)
    0x08002368   0x08002368   0x00000024   Code   RO         4803    i._printf_post_padding  mc_w.l(printfa.o)
    0x0800238c   0x0800238c   0x0000002e   Code   RO         4804    i._printf_pre_padding  mc_w.l(printfa.o)
    0x080023ba   0x080023ba   0x00000016   Code   RO         4805    i._snputc           mc_w.l(printfa.o)
    0x080023d0   0x080023d0   0x0000000a   Code   RO         4806    i._sputc            mc_w.l(printfa.o)
    0x080023da   0x080023da   0x00000002   PAD
    0x080023dc   0x080023dc   0x00000034   Code   RO         3907    i.adc3_get_result   adc3.o
    0x08002410   0x08002410   0x0000002c   Code   RO         3908    i.adc3_get_result_average  adc3.o
    0x0800243c   0x0800243c   0x00000078   Code   RO         3909    i.adc3_init         adc3.o
    0x080024b4   0x080024b4   0x00000030   Code   RO         3621    i.lcd_clear         lcd.o
    0x080024e4   0x080024e4   0x000000cc   Code   RO         3623    i.lcd_display_dir   lcd.o
    0x080025b0   0x080025b0   0x00000018   Code   RO         3629    i.lcd_draw_point    lcd.o
    0x080025c8   0x080025c8   0x0000022e   Code   RO         3631    i.lcd_ex_ili9341_reginit  lcd.o
    0x080027f6   0x080027f6   0x00000ef4   Code   RO         3632    i.lcd_ex_nt35310_reginit  lcd.o
    0x080036ea   0x080036ea   0x00000efa   Code   RO         3633    i.lcd_ex_nt35510_reginit  lcd.o
    0x080045e4   0x080045e4   0x00000170   Code   RO         3634    i.lcd_ex_ssd1963_reginit  lcd.o
    0x08004754   0x08004754   0x000001aa   Code   RO         3635    i.lcd_ex_st7789_reginit  lcd.o
    0x080048fe   0x080048fe   0x00000002   PAD
    0x08004900   0x08004900   0x000002e0   Code   RO         3638    i.lcd_init          lcd.o
    0x08004be0   0x08004be0   0x00000008   Code   RO         3639    i.lcd_opt_delay     lcd.o
    0x08004be8   0x08004be8   0x00000010   Code   RO         3640    i.lcd_pow           lcd.o
    0x08004bf8   0x08004bf8   0x00000018   Code   RO         3641    i.lcd_rd_data       lcd.o
    0x08004c10   0x08004c10   0x000001ac   Code   RO         3643    i.lcd_scan_dir      lcd.o
    0x08004dbc   0x08004dbc   0x00000104   Code   RO         3644    i.lcd_set_cursor    lcd.o
    0x08004ec0   0x08004ec0   0x000000ec   Code   RO         3646    i.lcd_show_char     lcd.o
    0x08004fac   0x08004fac   0x00000048   Code   RO         3648    i.lcd_show_status   lcd.o
    0x08004ff4   0x08004ff4   0x00000054   Code   RO         3649    i.lcd_show_string   lcd.o
    0x08005048   0x08005048   0x000000a2   Code   RO         3650    i.lcd_show_xnum     lcd.o
    0x080050ea   0x080050ea   0x00000002   PAD
    0x080050ec   0x080050ec   0x0000004c   Code   RO         3651    i.lcd_ssd_backlight_set  lcd.o
    0x08005138   0x08005138   0x00000018   Code   RO         3652    i.lcd_wr_data       lcd.o
    0x08005150   0x08005150   0x00000018   Code   RO         3653    i.lcd_wr_regno      lcd.o
    0x08005168   0x08005168   0x00000014   Code   RO         3654    i.lcd_write_ram_prepare  lcd.o
    0x0800517c   0x0800517c   0x00000010   Code   RO         3655    i.lcd_write_reg     lcd.o
    0x0800518c   0x0800518c   0x0000006c   Code   RO         3854    i.ledlevel_change   autocontrol.o
    0x080051f8   0x080051f8   0x0000001e   Code   RO         3934    i.lsens_get_val     lsens.o
    0x08005216   0x08005216   0x00000002   PAD
    0x08005218   0x08005218   0x0000002c   Code   RO         3935    i.lsens_init        lsens.o
    0x08005244   0x08005244   0x00000250   Code   RO         4408    i.main              main.o
    0x08005494   0x08005494   0x00000058   Code   RO         3855    i.manual_control    autocontrol.o
    0x080054ec   0x080054ec   0x00000016   Code   RO         3198    i.sys_gpio_pin_set  sys.o
    0x08005502   0x08005502   0x000000b8   Code   RO         3200    i.sys_gpio_set      sys.o
    0x080055ba   0x080055ba   0x00000002   PAD
    0x080055bc   0x080055bc   0x000000a8   Code   RO         3329    i.uart3_init        usart.o
    0x08005664   0x08005664   0x00002f80   Data   RO         3657    .constdata          lcd.o
    0x080085e4   0x080085e4   0x000000a8   Data   RO         4410    .conststring        main.o
    0x0800868c   0x0800868c   0x00000020   Data   RO         4948    Region$$Table       anon$$obj.o


    Execution Region RW_IRAM1 (Exec base: 0x20000000, Load base: 0x080086ac, Size: 0x000006a0, Max: 0x00005000, ABSOLUTE)

    Exec Addr    Load Addr    Size         Type   Attr      Idx    E Section Name        Object

    0x20000000   0x080086ac   0x00000014   Data   RW         1805    .data               stm32f10x_rcc.o
    0x20000014   0x080086c0   0x00000005   Data   RW         3389    .data               dht11.o
    0x20000019   0x080086c5   0x00000003   PAD
    0x2000001c   0x080086c8   0x0000002c   Data   RW         3425    .data               timer.o
    0x20000048   0x080086f4   0x00000001   Data   RW         3469    .data               key.o
    0x20000049   0x080086f5   0x00000003   PAD
    0x2000004c   0x080086f8   0x00000004   Data   RW         3659    .data               lcd.o
    0x20000050   0x080086fc   0x00000004   Data   RW         3857    .data               autocontrol.o
    0x20000054   0x08008700   0x00000001   Data   RW         3963    .data               stepper.o
    0x20000055   0x08008701   0x00000001   PAD
    0x20000056   0x08008702   0x00000004   Data   RW         4008    .data               esp8266.o
    0x2000005a   0x08008706   0x00000002   PAD
    0x2000005c   0x08008708   0x0000000c   Data   RW         4411    .data               main.o
    0x20000068        -       0x0000000e   Zero   RW         3656    .bss                lcd.o
    0x20000076   0x08008714   0x00000002   PAD
    0x20000078        -       0x00000024   Zero   RW         3856    .bss                autocontrol.o
    0x2000009c        -       0x00000100   Zero   RW         4007    .bss                esp8266.o
    0x2000019c        -       0x00000100   Zero   RW         4409    .bss                main.o
    0x2000029c   0x08008714   0x00000004   PAD
    0x200002a0        -       0x00000400   Zero   RW            1    STACK               startup_stm32f10x_md.o


==============================================================================

Image component sizes


      Code (inc. data)   RO Data    RW Data    ZI Data      Debug   Object Name

       216         10          0          0          0       1732   adc3.o
       448         76          0          4         36       3347   autocontrol.o
         0          0          0          0          0       4516   core_cm3.o
        56          0          0          0          0        930   delay.o
       304         18          0          5          0       2886   dht11.o
       844        336          0          4        256       5339   esp8266.o
       396         78          0          1          0       1734   key.o
     11476        176      12160          4         14      22543   lcd.o
       200         30          0          0          0       2264   led.o
        74          6          0          0          0       1005   lsens.o
       592        134        168         12        256       2102   main.o
       100          4          0          0          0     213332   misc.o
        36          8        236          0       1024        800   startup_stm32f10x_md.o
       280         16          0          1          0       3576   stepper.o
       404         22          0          0          0      19210   stm32f10x_adc.o
       306          6          0          0          0      13835   stm32f10x_gpio.o
        18          0          0          0          0       3694   stm32f10x_it.o
       256         36          0         20          0      13687   stm32f10x_rcc.o
       370         50          0          0          0      25118   stm32f10x_tim.o
       360          6          0          0          0      12211   stm32f10x_usart.o
       206          0          0          0          0       1702   sys.o
       260         26          0          0          0      45173   system_stm32f10x.o
       244         22          0         44          0       2146   timer.o
       488         22          0          0          0       4252   usart.o

    ----------------------------------------------------------------------
     17960       1082      12596        104       1592     407134   Object Totals
         0          0         32          0          0          0   (incl. Generated)
        26          0          0          9          6          0   (incl. Padding)

    ----------------------------------------------------------------------

      Code (inc. data)   RO Data    RW Data    ZI Data      Debug   Library Member Name

         0          0          0          0          0          0   entry.o
         0          0          0          0          0          0   entry10a.o
         0          0          0          0          0          0   entry11a.o
         4          0          0          0          0          0   entry12b.o
         8          4          0          0          0          0   entry2.o
         4          0          0          0          0          0   entry5.o
         0          0          0          0          0          0   entry7b.o
         0          0          0          0          0          0   entry8b.o
         8          4          0          0          0          0   entry9a.o
        30          0          0          0          0          0   handlers.o
        36          8          0          0          0         68   init.o
         0          0          0          0          0          0   iusefp.o
        30          0          0          0          0         68   llshl.o
        36          0          0          0          0         68   llsshr.o
        32          0          0          0          0         68   llushr.o
        36          0          0          0          0        108   memseta.o
      2310         92          0          0          0        680   printfa.o
        20          0          0          0          0         68   strchr.o
        28          0          0          0          0         76   strcmp.o
        14          0          0          0          0         68   strlen.o
        36          0          0          0          0         80   strstr.o
        44          0          0          0          0         80   uidiv.o
        98          0          0          0          0         92   uldiv.o
        48          0          0          0          0         68   cdrcmple.o
       334          0          0          0          0        148   dadd.o
       222          0          0          0          0        100   ddiv.o
       186          0          0          0          0        176   depilogue.o
        50          0          0          0          0         76   dfixui.o
        48          0          0          0          0         68   dfixul.o
        26          0          0          0          0         76   dfltui.o
       228          0          0          0          0         96   dmul.o

    ----------------------------------------------------------------------
      3920        108          0          0          0       2332   Library Totals
         4          0          0          0          0          0   (incl. Padding)

    ----------------------------------------------------------------------

      Code (inc. data)   RO Data    RW Data    ZI Data      Debug   Library Name

      2774        108          0          0          0       1524   mc_w.l
      1142          0          0          0          0        808   mf_w.l

    ----------------------------------------------------------------------
      3920        108          0          0          0       2332   Library Totals

    ----------------------------------------------------------------------

==============================================================================


      Code (inc. data)   RO Data    RW Data    ZI Data      Debug   

     21880       1190      12596        104       1592     402546   Grand Totals
     21880       1190      12596        104       1592     402546   ELF Image Totals
     21880       1190      12596        104          0          0   ROM Totals

==============================================================================

    Total RO  Size (Code + RO Data)                34476 (  33.67kB)
    Total RW  Size (RW Data + ZI Data)              1696 (   1.66kB)
    Total ROM Size (Code + RO Data + RW Data)      34580 (  33.77kB)

==============================================================================

